   Compiling bufjson v1.0.0 (/home/ANT.AMAZON.COM/schapper/ws/bufjson)
    Finished `test` profile [unoptimized + debuginfo] target(s) in 16.92s
     Running unittests src/lib.rs (target/debug/deps/bufjson-9fcfd130790b8655)

running 3228 tests
test buf::tests::test_display ... ok
test buf::tests::test_to_string ... ok
test lexical::fixed::tests::test_analyzer_error_non_token_start::case_02 ... ok
test lexical::fixed::tests::test_analyzer_error_non_token_start::case_04 ... ok
test lexical::fixed::tests::test_analyzer_error_non_token_start::case_03 ... ok
test lexical::fixed::tests::test_analyzer_error_non_token_start::case_01 ... ok
test lexical::fixed::tests::test_analyzer_error_non_token_start::case_05 ... ok
test lexical::fixed::tests::test_analyzer_error_non_token_start::case_07 ... ok
test lexical::fixed::tests::test_analyzer_error_non_token_start::case_06 ... ok
test lexical::fixed::tests::test_analyzer_error_non_token_start::case_09 ... ok
test lexical::fixed::tests::test_analyzer_error_non_token_start::case_10 ... ok
test lexical::fixed::tests::test_analyzer_error_non_token_start::case_08 ... ok
test lexical::fixed::tests::test_analyzer_error_non_token_start::case_11 ... ok
test lexical::fixed::tests::test_analyzer_error_non_token_start::case_12 ... ok
test lexical::fixed::tests::test_analyzer_error_non_token_start::case_15 ... ok
test lexical::fixed::tests::test_analyzer_error_non_token_start::case_17 ... ok
test lexical::fixed::tests::test_analyzer_error_non_token_start::case_18 ... ok
test lexical::fixed::tests::test_analyzer_error_non_token_start::case_19 ... ok
test lexical::fixed::tests::test_analyzer_error_non_token_start::case_20 ... ok
test lexical::fixed::tests::test_analyzer_error_non_token_start::case_22 ... ok
test lexical::fixed::tests::test_analyzer_error_non_token_start::case_23 ... ok
test lexical::fixed::tests::test_analyzer_error_non_token_start::case_21 ... ok
test lexical::fixed::tests::test_analyzer_error_non_token_start::case_13 ... ok
test lexical::fixed::tests::test_analyzer_error_non_token_start::case_14 ... ok
test lexical::fixed::tests::test_analyzer_error_non_token_start::case_16 ... ok
test lexical::fixed::tests::test_analyzer_error_non_token_start::case_25 ... ok
test lexical::fixed::tests::test_analyzer_error_non_token_start::case_27 ... ok
test lexical::fixed::tests::test_analyzer_error_non_token_start::case_29 ... ok
test lexical::fixed::tests::test_analyzer_error_non_token_start::case_31 ... ok
test lexical::fixed::tests::test_analyzer_error_non_token_start::case_32 ... ok
test lexical::fixed::tests::test_analyzer_error_non_token_start::case_34 ... ok
test lexical::fixed::tests::test_analyzer_error_non_token_start::case_24 ... ok
test lexical::fixed::tests::test_analyzer_error_non_token_start::case_35 ... ok
test lexical::fixed::tests::test_analyzer_error_non_token_start::case_36 ... ok
test lexical::fixed::tests::test_analyzer_error_non_token_start::case_37 ... ok
test lexical::fixed::tests::test_analyzer_error_non_token_start::case_38 ... ok
test lexical::fixed::tests::test_analyzer_error_non_token_start::case_39 ... ok
test lexical::fixed::tests::test_analyzer_error_non_token_start::case_40 ... ok
test lexical::fixed::tests::test_analyzer_error_non_token_start::case_41 ... ok
test lexical::fixed::tests::test_analyzer_error_non_token_start::case_42 ... ok
test lexical::fixed::tests::test_analyzer_error_non_token_start::case_43 ... ok
test lexical::fixed::tests::test_analyzer_error_non_token_start::case_44 ... ok
test lexical::fixed::tests::test_analyzer_error_non_token_start::case_45 ... ok
test lexical::fixed::tests::test_analyzer_error_non_token_start::case_46 ... ok
test lexical::fixed::tests::test_analyzer_error_non_token_start::case_47 ... ok
test lexical::fixed::tests::test_analyzer_error_non_token_start::case_48 ... ok
test lexical::fixed::tests::test_analyzer_error_non_token_start::case_49 ... ok
test lexical::fixed::tests::test_analyzer_error_non_token_start::case_50 ... ok
test lexical::fixed::tests::test_analyzer_initial_state_content ... ok
test lexical::fixed::tests::test_analyzer_initial_state_err - should panic ... ok
test lexical::fixed::tests::test_analyzer_panic_no_content::case_1 - should panic ... ok
test lexical::fixed::tests::test_analyzer_error_non_token_start::case_26 ... ok
test lexical::fixed::tests::test_analyzer_error_non_token_start::case_28 ... ok
test lexical::fixed::tests::test_analyzer_error_non_token_start::case_30 ... ok
test lexical::fixed::tests::test_analyzer_panic_no_content::case_2 - should panic ... ok
test lexical::fixed::tests::test_analyzer_single_error_bad_escape::case_01 ... ok
test lexical::fixed::tests::test_analyzer_single_error_bad_escape::case_02 ... ok
test lexical::fixed::tests::test_analyzer_error_non_token_start::case_33 ... ok
test lexical::fixed::tests::test_analyzer_single_error_bad_escape::case_04 ... ok
test lexical::fixed::tests::test_analyzer_single_error_bad_escape::case_06 ... ok
test lexical::fixed::tests::test_analyzer_single_error_bad_escape::case_07 ... ok
test lexical::fixed::tests::test_analyzer_single_error_bad_escape::case_08 ... ok
test lexical::fixed::tests::test_analyzer_single_error_bad_escape::case_09 ... ok
test lexical::fixed::tests::test_analyzer_single_error_bad_escape::case_10 ... ok
test lexical::fixed::tests::test_analyzer_single_error_bad_escape::case_11 ... ok
test lexical::fixed::tests::test_analyzer_single_error_bad_escape::case_12 ... ok
test lexical::fixed::tests::test_analyzer_single_error_bad_escape::case_13 ... ok
test lexical::fixed::tests::test_analyzer_single_error_bad_escape::case_14 ... ok
test lexical::fixed::tests::test_analyzer_single_error_bad_escape::case_15 ... ok
test lexical::fixed::tests::test_analyzer_single_error_bad_escape::case_16 ... ok
test lexical::fixed::tests::test_analyzer_single_error_bad_escape::case_17 ... ok
test lexical::fixed::tests::test_analyzer_single_error_bad_escape::case_18 ... ok
test lexical::fixed::tests::test_analyzer_single_error_bad_escape::case_19 ... ok
test lexical::fixed::tests::test_analyzer_single_error_bad_escape::case_20 ... ok
test lexical::fixed::tests::test_analyzer_single_error_bad_escape::case_21 ... ok
test lexical::fixed::tests::test_analyzer_single_error_bad_escape::case_22 ... ok
test lexical::fixed::tests::test_analyzer_single_error_bad_escape::case_23 ... ok
test lexical::fixed::tests::test_analyzer_single_error_bad_escape::case_24 ... ok
test lexical::fixed::tests::test_analyzer_single_error_bad_escape::case_25 ... ok
test lexical::fixed::tests::test_analyzer_single_error_bad_escape::case_26 ... ok
test lexical::fixed::tests::test_analyzer_single_error_bad_escape::case_27 ... ok
test lexical::fixed::tests::test_analyzer_single_error_bad_escape::case_28 ... ok
test lexical::fixed::tests::test_analyzer_single_error_bad_escape::case_29 ... ok
test lexical::fixed::tests::test_analyzer_single_error_bad_escape::case_30 ... ok
test lexical::fixed::tests::test_analyzer_single_error_bad_escape::case_31 ... ok
test lexical::fixed::tests::test_analyzer_single_error_bad_escape::case_32 ... ok
test lexical::fixed::tests::test_analyzer_single_error_bad_escape::case_33 ... ok
test lexical::fixed::tests::test_analyzer_single_error_bad_escape::case_34 ... ok
test lexical::fixed::tests::test_analyzer_single_error_bad_escape::case_35 ... ok
test lexical::fixed::tests::test_analyzer_single_error_bad_number::case_002 ... ok
test lexical::fixed::tests::test_analyzer_single_error_bad_number::case_003 ... ok
test lexical::fixed::tests::test_analyzer_single_error_bad_number::case_004 ... ok
test lexical::fixed::tests::test_analyzer_single_error_bad_number::case_005 ... ok
test lexical::fixed::tests::test_analyzer_single_error_bad_number::case_006 ... ok
test lexical::fixed::tests::test_analyzer_single_error_bad_number::case_001 ... ok
test lexical::fixed::tests::test_analyzer_single_error_bad_number::case_007 ... ok
test lexical::fixed::tests::test_analyzer_single_error_bad_number::case_008 ... ok
test lexical::fixed::tests::test_analyzer_single_error_bad_number::case_009 ... ok
test lexical::fixed::tests::test_analyzer_single_error_bad_number::case_010 ... ok
test lexical::fixed::tests::test_analyzer_single_error_bad_number::case_011 ... ok
test lexical::fixed::tests::test_analyzer_single_error_bad_number::case_012 ... ok
test lexical::fixed::tests::test_analyzer_single_error_bad_number::case_013 ... ok
test lexical::fixed::tests::test_analyzer_single_error_bad_number::case_014 ... ok
test lexical::fixed::tests::test_analyzer_single_error_bad_number::case_015 ... ok
test lexical::fixed::tests::test_analyzer_single_error_bad_number::case_017 ... ok
test lexical::fixed::tests::test_analyzer_single_error_bad_number::case_018 ... ok
test lexical::fixed::tests::test_analyzer_single_error_bad_number::case_019 ... ok
test lexical::fixed::tests::test_analyzer_single_error_bad_number::case_020 ... ok
test lexical::fixed::tests::test_analyzer_single_error_bad_number::case_016 ... ok
test lexical::fixed::tests::test_analyzer_single_error_bad_number::case_021 ... ok
test lexical::fixed::tests::test_analyzer_single_error_bad_number::case_022 ... ok
test lexical::fixed::tests::test_analyzer_single_error_bad_number::case_023 ... ok
test lexical::fixed::tests::test_analyzer_single_error_bad_number::case_024 ... ok
test lexical::fixed::tests::test_analyzer_single_error_bad_number::case_025 ... ok
test lexical::fixed::tests::test_analyzer_single_error_bad_number::case_026 ... ok
test lexical::fixed::tests::test_analyzer_single_error_bad_number::case_027 ... ok
test lexical::fixed::tests::test_analyzer_single_error_bad_number::case_028 ... ok
test lexical::fixed::tests::test_analyzer_single_error_bad_number::case_029 ... ok
test lexical::fixed::tests::test_analyzer_panic_no_content::case_3 - should panic ... ok
test lexical::fixed::tests::test_analyzer_single_error_bad_escape::case_03 ... ok
test lexical::fixed::tests::test_analyzer_single_error_bad_escape::case_05 ... ok
test lexical::fixed::tests::test_analyzer_single_error_bad_number::case_030 ... ok
test lexical::fixed::tests::test_analyzer_single_error_bad_number::case_031 ... ok
test lexical::fixed::tests::test_analyzer_single_error_bad_number::case_032 ... ok
test lexical::fixed::tests::test_analyzer_single_error_bad_number::case_033 ... ok
test lexical::fixed::tests::test_analyzer_single_error_bad_number::case_034 ... ok
test lexical::fixed::tests::test_analyzer_single_error_bad_number::case_035 ... ok
test lexical::fixed::tests::test_analyzer_single_error_bad_number::case_036 ... ok
test lexical::fixed::tests::test_analyzer_single_error_bad_number::case_037 ... ok
test lexical::fixed::tests::test_analyzer_single_error_bad_number::case_039 ... ok
test lexical::fixed::tests::test_analyzer_single_error_bad_number::case_040 ... ok
test lexical::fixed::tests::test_analyzer_single_error_bad_number::case_041 ... ok
test lexical::fixed::tests::test_analyzer_single_error_bad_number::case_042 ... ok
test lexical::fixed::tests::test_analyzer_single_error_bad_number::case_043 ... ok
test lexical::fixed::tests::test_analyzer_single_error_bad_number::case_044 ... ok
test lexical::fixed::tests::test_analyzer_single_error_bad_number::case_045 ... ok
test lexical::fixed::tests::test_analyzer_single_error_bad_number::case_046 ... ok
test lexical::fixed::tests::test_analyzer_single_error_bad_number::case_047 ... ok
test lexical::fixed::tests::test_analyzer_single_error_bad_number::case_048 ... ok
test lexical::fixed::tests::test_analyzer_single_error_bad_number::case_049 ... ok
test lexical::fixed::tests::test_analyzer_single_error_bad_number::case_050 ... ok
test lexical::fixed::tests::test_analyzer_single_error_bad_number::case_051 ... ok
test lexical::fixed::tests::test_analyzer_single_error_bad_number::case_052 ... ok
test lexical::fixed::tests::test_analyzer_single_error_bad_number::case_053 ... ok
test lexical::fixed::tests::test_analyzer_single_error_bad_number::case_054 ... ok
test lexical::fixed::tests::test_analyzer_single_error_bad_number::case_055 ... ok
test lexical::fixed::tests::test_analyzer_single_error_bad_number::case_056 ... ok
test lexical::fixed::tests::test_analyzer_single_error_bad_number::case_057 ... ok
test lexical::fixed::tests::test_analyzer_single_error_bad_number::case_058 ... ok
test lexical::fixed::tests::test_analyzer_single_error_bad_number::case_059 ... ok
test lexical::fixed::tests::test_analyzer_single_error_bad_number::case_060 ... ok
test lexical::fixed::tests::test_analyzer_single_error_bad_number::case_061 ... ok
test lexical::fixed::tests::test_analyzer_single_error_bad_number::case_062 ... ok
test lexical::fixed::tests::test_analyzer_single_error_bad_number::case_063 ... ok
test lexical::fixed::tests::test_analyzer_single_error_bad_number::case_064 ... ok
test lexical::fixed::tests::test_analyzer_single_error_bad_number::case_065 ... ok
test lexical::fixed::tests::test_analyzer_single_error_bad_number::case_066 ... ok
test lexical::fixed::tests::test_analyzer_single_error_bad_number::case_067 ... ok
test lexical::fixed::tests::test_analyzer_single_error_bad_number::case_068 ... ok
test lexical::fixed::tests::test_analyzer_single_error_bad_number::case_069 ... ok
test lexical::fixed::tests::test_analyzer_single_error_bad_number::case_070 ... ok
test lexical::fixed::tests::test_analyzer_single_error_bad_number::case_072 ... ok
test lexical::fixed::tests::test_analyzer_single_error_bad_number::case_073 ... ok
test lexical::fixed::tests::test_analyzer_single_error_bad_number::case_074 ... ok
test lexical::fixed::tests::test_analyzer_single_error_bad_number::case_075 ... ok
test lexical::fixed::tests::test_analyzer_single_error_bad_number::case_076 ... ok
test lexical::fixed::tests::test_analyzer_single_error_bad_number::case_077 ... ok
test lexical::fixed::tests::test_analyzer_single_error_bad_number::case_078 ... ok
test lexical::fixed::tests::test_analyzer_single_error_bad_number::case_079 ... ok
test lexical::fixed::tests::test_analyzer_single_error_bad_number::case_080 ... ok
test lexical::fixed::tests::test_analyzer_single_error_bad_number::case_081 ... ok
test lexical::fixed::tests::test_analyzer_single_error_bad_number::case_082 ... ok
test lexical::fixed::tests::test_analyzer_single_error_bad_number::case_083 ... ok
test lexical::fixed::tests::test_analyzer_single_error_bad_number::case_084 ... ok
test lexical::fixed::tests::test_analyzer_single_error_bad_number::case_085 ... ok
test lexical::fixed::tests::test_analyzer_single_error_bad_number::case_086 ... ok
test lexical::fixed::tests::test_analyzer_single_error_bad_number::case_087 ... ok
test lexical::fixed::tests::test_analyzer_single_error_bad_number::case_088 ... ok
test lexical::fixed::tests::test_analyzer_single_error_bad_number::case_089 ... ok
test lexical::fixed::tests::test_analyzer_single_error_bad_number::case_090 ... ok
test lexical::fixed::tests::test_analyzer_single_error_bad_number::case_091 ... ok
test lexical::fixed::tests::test_analyzer_single_error_bad_number::case_093 ... ok
test lexical::fixed::tests::test_analyzer_single_error_bad_number::case_092 ... ok
test lexical::fixed::tests::test_analyzer_single_error_bad_number::case_094 ... ok
test lexical::fixed::tests::test_analyzer_single_error_bad_number::case_095 ... ok
test lexical::fixed::tests::test_analyzer_single_error_bad_number::case_096 ... ok
test lexical::fixed::tests::test_analyzer_single_error_bad_number::case_097 ... ok
test lexical::fixed::tests::test_analyzer_single_error_bad_number::case_098 ... ok
test lexical::fixed::tests::test_analyzer_single_error_bad_number::case_099 ... ok
test lexical::fixed::tests::test_analyzer_single_error_bad_number::case_100 ... ok
test lexical::fixed::tests::test_analyzer_single_error_bad_number::case_101 ... ok
test lexical::fixed::tests::test_analyzer_single_error_bad_number::case_102 ... ok
test lexical::fixed::tests::test_analyzer_single_error_bad_number::case_103 ... ok
test lexical::fixed::tests::test_analyzer_single_error_bad_number::case_104 ... ok
test lexical::fixed::tests::test_analyzer_single_error_bad_number::case_105 ... ok
test lexical::fixed::tests::test_analyzer_single_error_bad_number::case_106 ... ok
test lexical::fixed::tests::test_analyzer_single_error_bad_number::case_107 ... ok
test lexical::fixed::tests::test_analyzer_single_error_bad_number::case_108 ... ok
test lexical::fixed::tests::test_analyzer_single_error_bad_number::case_109 ... ok
test lexical::fixed::tests::test_analyzer_single_error_bad_number::case_110 ... ok
test lexical::fixed::tests::test_analyzer_single_error_bad_number::case_111 ... ok
test lexical::fixed::tests::test_analyzer_single_error_bad_number::case_112 ... ok
test lexical::fixed::tests::test_analyzer_single_error_bad_number::case_113 ... ok
test lexical::fixed::tests::test_analyzer_single_error_bad_number::case_114 ... ok
test lexical::fixed::tests::test_analyzer_single_error_bad_number::case_038 ... ok
test lexical::fixed::tests::test_analyzer_single_error_bad_number::case_071 ... ok
test lexical::fixed::tests::test_analyzer_single_error_bad_number::case_115 ... ok
test lexical::fixed::tests::test_analyzer_single_error_bad_number::case_117 ... ok
test lexical::fixed::tests::test_analyzer_single_error_bad_number::case_118 ... ok
test lexical::fixed::tests::test_analyzer_single_error_bad_number::case_120 ... ok
test lexical::fixed::tests::test_analyzer_single_error_bad_number::case_121 ... ok
test lexical::fixed::tests::test_analyzer_single_error_bad_number::case_122 ... ok
test lexical::fixed::tests::test_analyzer_single_error_bad_number::case_123 ... ok
test lexical::fixed::tests::test_analyzer_single_error_bad_number::case_124 ... ok
test lexical::fixed::tests::test_analyzer_single_error_bad_number::case_125 ... ok
test lexical::fixed::tests::test_analyzer_single_error_bad_number::case_126 ... ok
test lexical::fixed::tests::test_analyzer_single_error_bad_number::case_127 ... ok
test lexical::fixed::tests::test_analyzer_single_error_bad_number::case_128 ... ok
test lexical::fixed::tests::test_analyzer_single_error_bad_number::case_130 ... ok
test lexical::fixed::tests::test_analyzer_single_error_bad_number::case_129 ... ok
test lexical::fixed::tests::test_analyzer_single_error_bad_number::case_131 ... ok
test lexical::fixed::tests::test_analyzer_single_error_bad_number::case_132 ... ok
test lexical::fixed::tests::test_analyzer_single_error_bad_number::case_133 ... ok
test lexical::fixed::tests::test_analyzer_single_error_bad_number::case_134 ... ok
test lexical::fixed::tests::test_analyzer_single_error_bad_number::case_135 ... ok
test lexical::fixed::tests::test_analyzer_single_error_bad_number::case_136 ... ok
test lexical::fixed::tests::test_analyzer_single_error_bad_number::case_137 ... ok
test lexical::fixed::tests::test_analyzer_single_error_bad_number::case_138 ... ok
test lexical::fixed::tests::test_analyzer_single_error_bad_number::case_139 ... ok
test lexical::fixed::tests::test_analyzer_single_error_bad_number::case_140 ... ok
test lexical::fixed::tests::test_analyzer_single_error_bad_number::case_141 ... ok
test lexical::fixed::tests::test_analyzer_single_error_bad_number::case_142 ... ok
test lexical::fixed::tests::test_analyzer_single_error_bad_number::case_143 ... ok
test lexical::fixed::tests::test_analyzer_single_error_bad_surrogate::case_01 ... ok
test lexical::fixed::tests::test_analyzer_single_error_bad_surrogate::case_02 ... ok
test lexical::fixed::tests::test_analyzer_single_error_bad_surrogate::case_03 ... ok
test lexical::fixed::tests::test_analyzer_single_error_bad_surrogate::case_04 ... ok
test lexical::fixed::tests::test_analyzer_single_error_bad_surrogate::case_06 ... ok
test lexical::fixed::tests::test_analyzer_single_error_bad_surrogate::case_07 ... ok
test lexical::fixed::tests::test_analyzer_single_error_bad_number::case_119 ... ok
test lexical::fixed::tests::test_analyzer_single_error_bad_surrogate::case_08 ... ok
test lexical::fixed::tests::test_analyzer_single_error_bad_number::case_116 ... ok
test lexical::fixed::tests::test_analyzer_single_error_bad_surrogate::case_09 ... ok
test lexical::fixed::tests::test_analyzer_single_error_bad_surrogate::case_05 ... ok
test lexical::fixed::tests::test_analyzer_single_error_bad_surrogate::case_11 ... ok
test lexical::fixed::tests::test_analyzer_single_error_bad_surrogate::case_12 ... ok
test lexical::fixed::tests::test_analyzer_single_error_bad_surrogate::case_13 ... ok
test lexical::fixed::tests::test_analyzer_single_error_bad_surrogate::case_14 ... ok
test lexical::fixed::tests::test_analyzer_single_error_bad_surrogate::case_15 ... ok
test lexical::fixed::tests::test_analyzer_single_error_bad_surrogate::case_16 ... ok
test lexical::fixed::tests::test_analyzer_single_error_bad_surrogate::case_17 ... ok
test lexical::fixed::tests::test_analyzer_single_error_bad_surrogate::case_18 ... ok
test lexical::fixed::tests::test_analyzer_single_error_bad_surrogate::case_19 ... ok
test lexical::fixed::tests::test_analyzer_single_error_bad_surrogate::case_20 ... ok
test lexical::fixed::tests::test_analyzer_single_error_bad_surrogate::case_21 ... ok
test lexical::fixed::tests::test_analyzer_single_error_bad_surrogate::case_22 ... ok
test lexical::fixed::tests::test_analyzer_single_error_bad_surrogate::case_23 ... ok
test lexical::fixed::tests::test_analyzer_single_error_bad_surrogate::case_24 ... ok
test lexical::fixed::tests::test_analyzer_single_error_bad_utf8_cont_byte::case_01 ... ok
test lexical::fixed::tests::test_analyzer_single_error_bad_utf8_cont_byte::case_02 ... ok
test lexical::fixed::tests::test_analyzer_single_error_bad_surrogate::case_10 ... ok
test lexical::fixed::tests::test_analyzer_single_error_bad_utf8_cont_byte::case_03 ... ok
test lexical::fixed::tests::test_analyzer_single_error_bad_utf8_cont_byte::case_04 ... ok
test lexical::fixed::tests::test_analyzer_single_error_bad_utf8_cont_byte::case_05 ... ok
test lexical::fixed::tests::test_analyzer_single_error_bad_utf8_cont_byte::case_06 ... ok
test lexical::fixed::tests::test_analyzer_single_error_bad_utf8_cont_byte::case_07 ... ok
test lexical::fixed::tests::test_analyzer_single_error_bad_utf8_cont_byte::case_08 ... ok
test lexical::fixed::tests::test_analyzer_single_error_bad_utf8_cont_byte::case_09 ... ok
test lexical::fixed::tests::test_analyzer_single_error_bad_utf8_cont_byte::case_10 ... ok
test lexical::fixed::tests::test_analyzer_single_error_bad_utf8_cont_byte::case_11 ... ok
test lexical::fixed::tests::test_analyzer_single_error_bad_utf8_cont_byte::case_12 ... ok
test lexical::fixed::tests::test_analyzer_single_error_bad_utf8_cont_byte::case_13 ... ok
test lexical::fixed::tests::test_analyzer_single_error_bad_utf8_cont_byte::case_14 ... ok
test lexical::fixed::tests::test_analyzer_single_error_bad_utf8_cont_byte::case_17 ... ok
test lexical::fixed::tests::test_analyzer_single_error_bad_utf8_cont_byte::case_18 ... ok
test lexical::fixed::tests::test_analyzer_single_error_bad_utf8_cont_byte::case_19 ... ok
test lexical::fixed::tests::test_analyzer_single_error_bad_utf8_cont_byte::case_20 ... ok
test lexical::fixed::tests::test_analyzer_single_error_bad_utf8_cont_byte::case_15 ... ok
test lexical::fixed::tests::test_analyzer_single_error_bad_utf8_cont_byte::case_21 ... ok
test lexical::fixed::tests::test_analyzer_single_error_bad_utf8_cont_byte::case_16 ... ok
test lexical::fixed::tests::test_analyzer_single_error_bad_utf8_cont_byte::case_22 ... ok
test lexical::fixed::tests::test_analyzer_single_error_bad_utf8_cont_byte::case_25 ... ok
test lexical::fixed::tests::test_analyzer_single_error_bad_utf8_cont_byte::case_27 ... ok
test lexical::fixed::tests::test_analyzer_single_error_bad_utf8_cont_byte::case_29 ... ok
test lexical::fixed::tests::test_analyzer_single_error_bad_utf8_cont_byte::case_26 ... ok
test lexical::fixed::tests::test_analyzer_single_error_bad_utf8_start_byte::case_01 ... ok
test lexical::fixed::tests::test_analyzer_single_error_bad_utf8_cont_byte::case_28 ... ok
test lexical::fixed::tests::test_analyzer_single_error_bad_utf8_start_byte::case_02 ... ok
test lexical::fixed::tests::test_analyzer_single_error_bad_utf8_start_byte::case_03 ... ok
test lexical::fixed::tests::test_analyzer_single_error_bad_utf8_start_byte::case_04 ... ok
test lexical::fixed::tests::test_analyzer_single_error_bad_utf8_start_byte::case_06 ... ok
test lexical::fixed::tests::test_analyzer_single_error_bad_utf8_cont_byte::case_23 ... ok
test lexical::fixed::tests::test_analyzer_single_error_bad_utf8_start_byte::case_07 ... ok
test lexical::fixed::tests::test_analyzer_single_error_bad_utf8_cont_byte::case_24 ... ok
test lexical::fixed::tests::test_analyzer_single_error_bad_utf8_start_byte::case_08 ... ok
test lexical::fixed::tests::test_analyzer_single_error_bad_utf8_start_byte::case_09 ... ok
test lexical::fixed::tests::test_analyzer_single_error_bad_utf8_start_byte::case_05 ... ok
test lexical::fixed::tests::test_analyzer_single_error_bad_utf8_start_byte::case_12 ... ok
test lexical::fixed::tests::test_analyzer_single_error_bad_utf8_start_byte::case_13 ... ok
test lexical::fixed::tests::test_analyzer_single_error_bad_utf8_start_byte::case_14 ... ok
test lexical::fixed::tests::test_analyzer_single_error_bad_utf8_start_byte::case_15 ... ok
test lexical::fixed::tests::test_analyzer_single_error_bad_utf8_start_byte::case_16 ... ok
test lexical::fixed::tests::test_analyzer_single_error_bad_utf8_start_byte::case_17 ... ok
test lexical::fixed::tests::test_analyzer_single_error_bad_utf8_start_byte::case_18 ... ok
test lexical::fixed::tests::test_analyzer_single_error_bad_utf8_start_byte::case_19 ... ok
test lexical::fixed::tests::test_analyzer_single_error_bad_utf8_start_byte::case_20 ... ok
test lexical::fixed::tests::test_analyzer_single_error_bad_utf8_start_byte::case_21 ... ok
test lexical::fixed::tests::test_analyzer_single_error_bad_utf8_start_byte::case_22 ... ok
test lexical::fixed::tests::test_analyzer_single_error_bad_utf8_start_byte::case_23 ... ok
test lexical::fixed::tests::test_analyzer_single_error_bad_utf8_start_byte::case_24 ... ok
test lexical::fixed::tests::test_analyzer_single_error_bad_utf8_start_byte::case_25 ... ok
test lexical::fixed::tests::test_analyzer_single_error_bad_utf8_start_byte::case_26 ... ok
test lexical::fixed::tests::test_analyzer_single_error_bad_utf8_start_byte::case_27 ... ok
test lexical::fixed::tests::test_analyzer_single_error_bad_utf8_start_byte::case_28 ... ok
test lexical::fixed::tests::test_analyzer_single_error_bad_utf8_start_byte::case_29 ... ok
test lexical::fixed::tests::test_analyzer_single_error_bad_utf8_start_byte::case_30 ... ok
test lexical::fixed::tests::test_analyzer_single_error_bad_utf8_start_byte::case_31 ... ok
test lexical::fixed::tests::test_analyzer_single_error_bad_utf8_start_byte::case_32 ... ok
test lexical::fixed::tests::test_analyzer_single_error_bad_utf8_start_byte::case_33 ... ok
test lexical::fixed::tests::test_analyzer_single_error_bad_utf8_start_byte::case_34 ... ok
test lexical::fixed::tests::test_analyzer_single_error_bad_utf8_start_byte::case_35 ... ok
test lexical::fixed::tests::test_analyzer_single_error_bad_utf8_start_byte::case_36 ... ok
test lexical::fixed::tests::test_analyzer_single_error_bad_utf8_start_byte::case_37 ... ok
test lexical::fixed::tests::test_analyzer_single_error_bad_utf8_start_byte::case_38 ... ok
test lexical::fixed::tests::test_analyzer_single_error_bad_utf8_start_byte::case_39 ... ok
test lexical::fixed::tests::test_analyzer_single_error_bad_utf8_start_byte::case_40 ... ok
test lexical::fixed::tests::test_analyzer_single_error_bad_utf8_start_byte::case_41 ... ok
test lexical::fixed::tests::test_analyzer_single_error_bad_utf8_start_byte::case_42 ... ok
test lexical::fixed::tests::test_analyzer_single_error_bad_utf8_start_byte::case_43 ... ok
test lexical::fixed::tests::test_analyzer_single_error_bad_utf8_start_byte::case_44 ... ok
test lexical::fixed::tests::test_analyzer_single_error_bad_utf8_start_byte::case_45 ... ok
test lexical::fixed::tests::test_analyzer_single_error_bad_utf8_start_byte::case_46 ... ok
test lexical::fixed::tests::test_analyzer_single_error_bad_utf8_start_byte::case_47 ... ok
test lexical::fixed::tests::test_analyzer_single_error_bad_utf8_start_byte::case_48 ... ok
test lexical::fixed::tests::test_analyzer_single_error_bad_utf8_start_byte::case_49 ... ok
test lexical::fixed::tests::test_analyzer_single_error_bad_utf8_start_byte::case_50 ... ok
test lexical::fixed::tests::test_analyzer_single_error_bad_utf8_start_byte::case_51 ... ok
test lexical::fixed::tests::test_analyzer_single_error_bad_utf8_start_byte::case_52 ... ok
test lexical::fixed::tests::test_analyzer_single_error_bad_utf8_start_byte::case_53 ... ok
test lexical::fixed::tests::test_analyzer_single_error_bad_utf8_start_byte::case_54 ... ok
test lexical::fixed::tests::test_analyzer_single_error_bad_utf8_start_byte::case_55 ... ok
test lexical::fixed::tests::test_analyzer_single_error_bad_utf8_start_byte::case_56 ... ok
test lexical::fixed::tests::test_analyzer_single_error_bad_utf8_start_byte::case_57 ... ok
test lexical::fixed::tests::test_analyzer_single_error_bad_utf8_start_byte::case_58 ... ok
test lexical::fixed::tests::test_analyzer_single_error_bad_utf8_start_byte::case_59 ... ok
test lexical::fixed::tests::test_analyzer_single_error_bad_utf8_start_byte::case_60 ... ok
test lexical::fixed::tests::test_analyzer_single_error_bad_utf8_start_byte::case_61 ... ok
test lexical::fixed::tests::test_analyzer_single_error_bad_utf8_start_byte::case_62 ... ok
test lexical::fixed::tests::test_analyzer_single_error_bad_utf8_start_byte::case_63 ... ok
test lexical::fixed::tests::test_analyzer_single_error_bad_utf8_start_byte::case_64 ... ok
test lexical::fixed::tests::test_analyzer_single_error_bad_utf8_start_byte::case_65 ... ok
test lexical::fixed::tests::test_analyzer_single_error_bad_utf8_start_byte::case_66 ... ok
test lexical::fixed::tests::test_analyzer_single_error_bad_utf8_start_byte::case_67 ... ok
test lexical::fixed::tests::test_analyzer_single_error_bad_utf8_start_byte::case_68 ... ok
test lexical::fixed::tests::test_analyzer_single_error_bad_utf8_start_byte::case_10 ... ok
test lexical::fixed::tests::test_analyzer_single_error_bad_utf8_start_byte::case_11 ... ok
test lexical::fixed::tests::test_analyzer_single_error_bad_utf8_start_byte::case_69 ... ok
test lexical::fixed::tests::test_analyzer_single_error_bad_utf8_start_byte::case_70 ... ok
test lexical::fixed::tests::test_analyzer_single_error_bad_utf8_start_byte::case_71 ... ok
test lexical::fixed::tests::test_analyzer_single_error_bad_utf8_start_byte::case_72 ... ok
test lexical::fixed::tests::test_analyzer_single_error_bad_utf8_start_byte::case_73 ... ok
test lexical::fixed::tests::test_analyzer_single_error_bad_utf8_start_byte::case_74 ... ok
test lexical::fixed::tests::test_analyzer_single_error_bad_utf8_start_byte::case_75 ... ok
test lexical::fixed::tests::test_analyzer_single_error_bad_utf8_start_byte::case_76 ... ok
test lexical::fixed::tests::test_analyzer_single_error_bad_utf8_start_byte::case_77 ... ok
test lexical::fixed::tests::test_analyzer_single_error_control_char::case_01_nul ... ok
test lexical::fixed::tests::test_analyzer_single_error_control_char::case_02_soh ... ok
test lexical::fixed::tests::test_analyzer_single_error_control_char::case_03_stx ... ok
test lexical::fixed::tests::test_analyzer_single_error_control_char::case_05_eot ... ok
test lexical::fixed::tests::test_analyzer_single_error_control_char::case_06_enq ... ok
test lexical::fixed::tests::test_analyzer_single_error_control_char::case_07_ack ... ok
test lexical::fixed::tests::test_analyzer_single_error_control_char::case_08_bel ... ok
test lexical::fixed::tests::test_analyzer_single_error_control_char::case_09_bs ... ok
test lexical::fixed::tests::test_analyzer_single_error_control_char::case_10_ht ... ok
test lexical::fixed::tests::test_analyzer_single_error_control_char::case_11_lf ... ok
test lexical::fixed::tests::test_analyzer_single_error_control_char::case_12_vt ... ok
test lexical::fixed::tests::test_analyzer_single_error_control_char::case_14_cr ... ok
test lexical::fixed::tests::test_analyzer_single_error_control_char::case_15_so ... ok
test lexical::fixed::tests::test_analyzer_single_error_control_char::case_16_si ... ok
test lexical::fixed::tests::test_analyzer_single_error_control_char::case_17_dle ... ok
test lexical::fixed::tests::test_analyzer_single_error_control_char::case_19_dc2 ... ok
test lexical::fixed::tests::test_analyzer_single_error_control_char::case_20_dc3 ... ok
test lexical::fixed::tests::test_analyzer_single_error_control_char::case_21_dc4 ... ok
test lexical::fixed::tests::test_analyzer_single_error_control_char::case_22_nak ... ok
test lexical::fixed::tests::test_analyzer_single_error_control_char::case_24_etb ... ok
test lexical::fixed::tests::test_analyzer_single_error_control_char::case_25_can ... ok
test lexical::fixed::tests::test_analyzer_single_error_control_char::case_23_syn ... ok
test lexical::fixed::tests::test_analyzer_single_error_control_char::case_26_em ... ok
test lexical::fixed::tests::test_analyzer_single_error_control_char::case_27_sub ... ok
test lexical::fixed::tests::test_analyzer_single_error_control_char::case_28_esc ... ok
test lexical::fixed::tests::test_analyzer_single_error_control_char::case_29_fs ... ok
test lexical::fixed::tests::test_analyzer_single_error_control_char::case_30_gs ... ok
test lexical::fixed::tests::test_analyzer_single_error_control_char::case_31_rs ... ok
test lexical::fixed::tests::test_analyzer_single_error_control_char::case_32_us ... ok
test lexical::fixed::tests::test_analyzer_single_error_expect_boundary::case_1 ... ok
test lexical::fixed::tests::test_analyzer_single_error_expect_boundary::case_2 ... ok
test lexical::fixed::tests::test_analyzer_single_error_expect_boundary::case_3 ... ok
test lexical::fixed::tests::test_analyzer_single_error_expect_char::case_01 ... ok
test lexical::fixed::tests::test_analyzer_single_error_expect_char::case_03 ... ok
test lexical::fixed::tests::test_analyzer_single_error_expect_char::case_04 ... ok
test lexical::fixed::tests::test_analyzer_single_error_control_char::case_04_etx ... ok
test lexical::fixed::tests::test_analyzer_single_error_control_char::case_18_dc1 ... ok
test lexical::fixed::tests::test_analyzer_single_error_expect_char::case_02 ... ok
test lexical::fixed::tests::test_analyzer_single_error_control_char::case_13_ff ... ok
test lexical::fixed::tests::test_analyzer_single_error_expect_char::case_05 ... ok
test lexical::fixed::tests::test_analyzer_single_error_expect_char::case_07 ... ok
test lexical::fixed::tests::test_analyzer_single_error_expect_char::case_08 ... ok
test lexical::fixed::tests::test_analyzer_single_error_expect_char::case_10 ... ok
test lexical::fixed::tests::test_analyzer_single_error_unexpected_eof::case_01 ... ok
test lexical::fixed::tests::test_analyzer_single_error_unexpected_eof::case_02 ... ok
test lexical::fixed::tests::test_analyzer_single_error_unexpected_eof::case_03 ... ok
test lexical::fixed::tests::test_analyzer_single_error_unexpected_eof::case_04 ... ok
test lexical::fixed::tests::test_analyzer_single_error_unexpected_eof::case_05 ... ok
test lexical::fixed::tests::test_analyzer_single_error_unexpected_eof::case_06 ... ok
test lexical::fixed::tests::test_analyzer_single_error_unexpected_eof::case_07 ... ok
test lexical::fixed::tests::test_analyzer_single_error_expect_char::case_06 ... ok
test lexical::fixed::tests::test_analyzer_single_error_expect_char::case_09 ... ok
test lexical::fixed::tests::test_analyzer_single_error_unexpected_eof::case_08 ... ok
test lexical::fixed::tests::test_analyzer_single_error_unexpected_eof::case_09 ... ok
test lexical::fixed::tests::test_analyzer_single_error_unexpected_eof::case_10 ... ok
test lexical::fixed::tests::test_analyzer_single_error_unexpected_eof::case_11 ... ok
test lexical::fixed::tests::test_analyzer_single_error_unexpected_eof::case_12 ... ok
test lexical::fixed::tests::test_analyzer_single_error_unexpected_eof::case_13 ... ok
test lexical::fixed::tests::test_analyzer_single_error_unexpected_eof::case_14 ... ok
test lexical::fixed::tests::test_analyzer_single_error_unexpected_eof::case_15 ... ok
test lexical::fixed::tests::test_analyzer_single_error_unexpected_eof::case_16 ... ok
test lexical::fixed::tests::test_analyzer_single_error_unexpected_eof::case_17 ... ok
test lexical::fixed::tests::test_analyzer_single_error_unexpected_eof::case_18 ... ok
test lexical::fixed::tests::test_analyzer_single_error_unexpected_eof::case_19 ... ok
test lexical::fixed::tests::test_analyzer_single_error_unexpected_eof::case_20 ... ok
test lexical::fixed::tests::test_analyzer_single_error_unexpected_eof::case_21 ... ok
test lexical::fixed::tests::test_analyzer_single_error_unexpected_eof::case_22 ... ok
test lexical::fixed::tests::test_analyzer_single_error_unexpected_eof::case_23 ... ok
test lexical::fixed::tests::test_analyzer_single_error_unexpected_eof::case_24 ... ok
test lexical::fixed::tests::test_analyzer_single_error_unexpected_eof::case_25 ... ok
test lexical::fixed::tests::test_analyzer_single_error_unexpected_eof::case_26 ... ok
test lexical::fixed::tests::test_analyzer_single_error_unexpected_eof::case_28 ... ok
test lexical::fixed::tests::test_analyzer_single_error_unexpected_eof::case_29 ... ok
test lexical::fixed::tests::test_analyzer_single_error_unexpected_eof::case_27 ... ok
test lexical::fixed::tests::test_analyzer_single_error_unexpected_eof::case_30 ... ok
test lexical::fixed::tests::test_analyzer_single_error_unexpected_eof::case_31 ... ok
test lexical::fixed::tests::test_analyzer_single_error_unexpected_eof::case_32 ... ok
test lexical::fixed::tests::test_analyzer_single_error_unexpected_eof::case_33 ... ok
test lexical::fixed::tests::test_analyzer_single_error_unexpected_eof::case_34 ... ok
test lexical::fixed::tests::test_analyzer_single_error_unexpected_eof::case_35 ... ok
test lexical::fixed::tests::test_analyzer_single_error_unexpected_eof::case_36 ... ok
test lexical::fixed::tests::test_analyzer_single_error_unexpected_eof::case_37 ... ok
test lexical::fixed::tests::test_analyzer_single_error_unexpected_eof::case_38 ... ok
test lexical::fixed::tests::test_analyzer_single_error_unexpected_eof::case_39 ... ok
test lexical::fixed::tests::test_analyzer_single_error_unexpected_eof::case_40 ... ok
test lexical::fixed::tests::test_analyzer_single_error_unexpected_eof::case_41 ... ok
test lexical::fixed::tests::test_analyzer_single_error_unexpected_eof::case_42 ... ok
test lexical::fixed::tests::test_analyzer_single_token::case_01 ... ok
test lexical::fixed::tests::test_analyzer_single_token::case_03 ... ok
test lexical::fixed::tests::test_analyzer_single_token::case_05 ... ok
test lexical::fixed::tests::test_analyzer_single_token::case_06 ... ok
test lexical::fixed::tests::test_analyzer_single_token::case_07 ... ok
test lexical::fixed::tests::test_analyzer_single_token::case_08 ... ok
test lexical::fixed::tests::test_analyzer_single_token::case_09 ... ok
test lexical::fixed::tests::test_analyzer_single_token::case_10 ... ok
test lexical::fixed::tests::test_analyzer_single_token::case_11 ... ok
test lexical::fixed::tests::test_analyzer_single_token::case_12 ... ok
test lexical::fixed::tests::test_analyzer_single_token::case_13 ... ok
test lexical::fixed::tests::test_analyzer_single_token::case_14 ... ok
test lexical::fixed::tests::test_analyzer_single_token::case_15 ... ok
test lexical::fixed::tests::test_analyzer_single_token::case_16 ... ok
test lexical::fixed::tests::test_analyzer_single_token::case_17 ... ok
test lexical::fixed::tests::test_analyzer_single_token::case_18 ... ok
test lexical::fixed::tests::test_analyzer_single_token::case_19 ... ok
test lexical::fixed::tests::test_analyzer_single_token::case_20 ... ok
test lexical::fixed::tests::test_analyzer_single_token::case_21 ... ok
test lexical::fixed::tests::test_analyzer_single_token::case_22 ... ok
test lexical::fixed::tests::test_analyzer_single_token::case_23 ... ok
test lexical::fixed::tests::test_analyzer_single_token::case_24 ... ok
test lexical::fixed::tests::test_analyzer_single_token::case_25 ... ok
test lexical::fixed::tests::test_analyzer_single_token::case_26 ... ok
test lexical::fixed::tests::test_analyzer_single_token::case_27 ... ok
test lexical::fixed::tests::test_analyzer_single_token::case_28 ... ok
test lexical::fixed::tests::test_analyzer_single_token::case_29 ... ok
test lexical::fixed::tests::test_analyzer_single_token::case_30 ... ok
test lexical::fixed::tests::test_analyzer_single_token::case_31 ... ok
test lexical::fixed::tests::test_analyzer_single_token::case_32 ... ok
test lexical::fixed::tests::test_analyzer_single_token::case_33 ... ok
test lexical::fixed::tests::test_analyzer_single_token::case_34 ... ok
test lexical::fixed::tests::test_analyzer_single_token::case_35 ... ok
test lexical::fixed::tests::test_analyzer_single_token::case_36 ... ok
test lexical::fixed::tests::test_analyzer_single_token::case_37 ... ok
test lexical::fixed::tests::test_analyzer_single_token::case_38 ... ok
test lexical::fixed::tests::test_analyzer_single_token::case_39 ... ok
test lexical::fixed::tests::test_analyzer_single_token::case_40 ... ok
test lexical::fixed::tests::test_analyzer_single_token::case_41 ... ok
test lexical::fixed::tests::test_analyzer_single_token::case_42 ... ok
test lexical::fixed::tests::test_analyzer_single_token::case_43 ... ok
test lexical::fixed::tests::test_analyzer_single_token::case_44 ... ok
test lexical::fixed::tests::test_analyzer_single_token::case_45 ... ok
test lexical::fixed::tests::test_analyzer_single_token::case_46 ... ok
test lexical::fixed::tests::test_analyzer_single_token::case_47 ... ok
test lexical::fixed::tests::test_analyzer_single_token::case_48 ... ok
test lexical::fixed::tests::test_analyzer_single_token::case_49 ... ok
test lexical::fixed::tests::test_analyzer_single_token::case_50 ... ok
test lexical::fixed::tests::test_analyzer_single_token::case_02 ... ok
test lexical::fixed::tests::test_analyzer_single_token::case_51 ... ok
test lexical::fixed::tests::test_analyzer_single_token::case_04 ... ok
test lexical::fixed::tests::test_analyzer_single_token::case_52 ... ok
test lexical::fixed::tests::test_analyzer_single_token::case_53 ... ok
test lexical::fixed::tests::test_analyzer_single_token::case_54 ... ok
test lexical::fixed::tests::test_analyzer_single_token::case_55 ... ok
test lexical::fixed::tests::test_analyzer_single_token::case_56 ... ok
test lexical::fixed::tests::test_analyzer_single_token::case_57 ... ok
test lexical::fixed::tests::test_analyzer_single_token::case_58 ... ok
test lexical::fixed::tests::test_analyzer_single_token::case_60 ... ok
test lexical::fixed::tests::test_analyzer_single_token::case_61 ... ok
test lexical::fixed::tests::test_analyzer_single_token::case_62 ... ok
test lexical::fixed::tests::test_analyzer_single_token::case_64 ... ok
test lexical::fixed::tests::test_analyzer_single_token::case_65 ... ok
test lexical::fixed::tests::test_analyzer_single_token::case_66 ... ok
test lexical::fixed::tests::test_analyzer_single_token::case_67 ... ok
test lexical::fixed::tests::test_analyzer_single_token::case_68 ... ok
test lexical::fixed::tests::test_analyzer_single_token::case_69 ... ok
test lexical::fixed::tests::test_analyzer_single_token::case_70 ... ok
test lexical::fixed::tests::test_analyzer_single_token::case_71 ... ok
test lexical::fixed::tests::test_analyzer_single_token::case_72 ... ok
test lexical::fixed::tests::test_analyzer_single_token::case_73 ... ok
test lexical::fixed::tests::test_analyzer_single_token::case_74 ... ok
test lexical::fixed::tests::test_analyzer_single_token::case_75 ... ok
test lexical::fixed::tests::test_analyzer_single_token::case_76 ... ok
test lexical::fixed::tests::test_analyzer_single_token::case_77 ... ok
test lexical::fixed::tests::test_analyzer_single_token::case_79 ... ok
test lexical::fixed::tests::test_analyzer_single_token::case_80 ... ok
test lexical::fixed::tests::test_analyzer_single_token::case_78 ... ok
test lexical::fixed::tests::test_analyzer_single_token::case_81 ... ok
test lexical::fixed::tests::test_analyzer_single_token::case_82 ... ok
test lexical::fixed::tests::test_analyzer_single_token::case_83 ... ok
test lexical::fixed::tests::test_analyzer_single_token::case_84 ... ok
test lexical::fixed::tests::test_analyzer_single_token::case_87 ... ok
test lexical::fixed::tests::test_analyzer_single_token::case_59 ... ok
test lexical::fixed::tests::test_analyzer_single_token::case_86 ... ok
test lexical::fixed::tests::test_analyzer_single_token::case_85 ... ok
test lexical::fixed::tests::test_analyzer_single_token::case_63 ... ok
test lexical::fixed::tests::test_analyzer_single_token::case_88 ... ok
test lexical::fixed::tests::test_analyzer_single_token::case_89 ... ok
test lexical::fixed::tests::test_analyzer_single_token::case_90 ... ok
test lexical::fixed::tests::test_analyzer_single_token::case_91 ... ok
test lexical::fixed::tests::test_analyzer_single_token::case_92 ... ok
test lexical::fixed::tests::test_analyzer_single_token::case_93 ... ok
test lexical::fixed::tests::test_analyzer_single_token::case_94 ... ok
test lexical::fixed::tests::test_analyzer_single_token_inline_len_boundary::case_02 ... ok
test lexical::fixed::tests::test_analyzer_single_token_inline_len_boundary::case_03 ... ok
test lexical::fixed::tests::test_analyzer_single_token_inline_len_boundary::case_04 ... ok
test lexical::fixed::tests::test_analyzer_single_token_inline_len_boundary::case_07 ... ok
test lexical::fixed::tests::test_analyzer_single_token_inline_len_boundary::case_08 ... ok
test lexical::fixed::tests::test_analyzer_single_token_inline_len_boundary::case_09 ... ok
test lexical::fixed::tests::test_analyzer_single_token_inline_len_boundary::case_10 ... ok
test lexical::fixed::tests::test_analyzer_single_token_inline_len_boundary::case_11 ... ok
test lexical::fixed::tests::test_analyzer_single_token_panic_no_err::case_01 - should panic ... ok
test lexical::fixed::tests::test_analyzer_single_token_panic_no_err::case_02 - should panic ... ok
test lexical::fixed::tests::test_analyzer_single_token_inline_len_boundary::case_05 ... ok
test lexical::fixed::tests::test_analyzer_single_token_panic_no_err::case_03 - should panic ... ok
test lexical::fixed::tests::test_analyzer_single_token_panic_no_err::case_04 - should panic ... ok
test lexical::fixed::tests::test_analyzer_single_token_panic_no_err::case_06 - should panic ... ok
test lexical::fixed::tests::test_analyzer_single_token::case_95 ... ok
test lexical::fixed::tests::test_analyzer_single_token_panic_no_err::case_07 - should panic ... ok
test lexical::fixed::tests::test_analyzer_single_token_panic_no_err::case_05 - should panic ... ok
test lexical::fixed::tests::test_analyzer_single_token_inline_len_boundary::case_01 ... ok
test lexical::fixed::tests::test_analyzer_single_token_inline_len_boundary::case_06 ... ok
test lexical::fixed::tests::test_analyzer_single_token_panic_no_err::case_08 - should panic ... ok
test lexical::fixed::tests::test_analyzer_single_token_panic_no_err::case_10 - should panic ... ok
test lexical::fixed::tests::test_analyzer_single_token_panic_no_err::case_11 - should panic ... ok
test lexical::fixed::tests::test_analyzer_single_token_panic_no_err::case_12 - should panic ... ok
test lexical::fixed::tests::test_analyzer_two_tokens::case_001 ... ok
test lexical::fixed::tests::test_analyzer_smoke ... ok
test lexical::fixed::tests::test_analyzer_two_tokens::case_003 ... ok
test lexical::fixed::tests::test_analyzer_two_tokens::case_004 ... ok
test lexical::fixed::tests::test_analyzer_two_tokens::case_005 ... ok
test lexical::fixed::tests::test_analyzer_two_tokens::case_006 ... ok
test lexical::fixed::tests::test_analyzer_two_tokens::case_007 ... ok
test lexical::fixed::tests::test_analyzer_two_tokens::case_008 ... ok
test lexical::fixed::tests::test_analyzer_two_tokens::case_009 ... ok
test lexical::fixed::tests::test_analyzer_two_tokens::case_010 ... ok
test lexical::fixed::tests::test_analyzer_two_tokens::case_011 ... ok
test lexical::fixed::tests::test_analyzer_two_tokens::case_012 ... ok
test lexical::fixed::tests::test_analyzer_two_tokens::case_013 ... ok
test lexical::fixed::tests::test_analyzer_two_tokens::case_016 ... ok
test lexical::fixed::tests::test_analyzer_two_tokens::case_014 ... ok
test lexical::fixed::tests::test_analyzer_two_tokens::case_019 ... ok
test lexical::fixed::tests::test_analyzer_two_tokens::case_020 ... ok
test lexical::fixed::tests::test_analyzer_two_tokens::case_021 ... ok
test lexical::fixed::tests::test_analyzer_two_tokens::case_022 ... ok
test lexical::fixed::tests::test_analyzer_two_tokens::case_023 ... ok
test lexical::fixed::tests::test_analyzer_two_tokens::case_024 ... ok
test lexical::fixed::tests::test_analyzer_two_tokens::case_025 ... ok
test lexical::fixed::tests::test_analyzer_two_tokens::case_026 ... ok
test lexical::fixed::tests::test_analyzer_two_tokens::case_027 ... ok
test lexical::fixed::tests::test_analyzer_two_tokens::case_028 ... ok
test lexical::fixed::tests::test_analyzer_two_tokens::case_029 ... ok
test lexical::fixed::tests::test_analyzer_two_tokens::case_030 ... ok
test lexical::fixed::tests::test_analyzer_two_tokens::case_031 ... ok
test lexical::fixed::tests::test_analyzer_two_tokens::case_032 ... ok
test lexical::fixed::tests::test_analyzer_two_tokens::case_033 ... ok
test lexical::fixed::tests::test_analyzer_two_tokens::case_034 ... ok
test lexical::fixed::tests::test_analyzer_single_token_panic_no_err::case_09 - should panic ... ok
test lexical::fixed::tests::test_analyzer_two_tokens::case_002 ... ok
test lexical::fixed::tests::test_analyzer_two_tokens::case_015 ... ok
test lexical::fixed::tests::test_analyzer_two_tokens::case_035 ... ok
test lexical::fixed::tests::test_analyzer_two_tokens::case_037 ... ok
test lexical::fixed::tests::test_analyzer_two_tokens::case_039 ... ok
test lexical::fixed::tests::test_analyzer_two_tokens::case_040 ... ok
test lexical::fixed::tests::test_analyzer_two_tokens::case_041 ... ok
test lexical::fixed::tests::test_analyzer_two_tokens::case_043 ... ok
test lexical::fixed::tests::test_analyzer_two_tokens::case_045 ... ok
test lexical::fixed::tests::test_analyzer_two_tokens::case_046 ... ok
test lexical::fixed::tests::test_analyzer_two_tokens::case_036 ... ok
test lexical::fixed::tests::test_analyzer_two_tokens::case_047 ... ok
test lexical::fixed::tests::test_analyzer_two_tokens::case_038 ... ok
test lexical::fixed::tests::test_analyzer_two_tokens::case_044 ... ok
test lexical::fixed::tests::test_analyzer_two_tokens::case_017 ... ok
test lexical::fixed::tests::test_analyzer_two_tokens::case_042 ... ok
test lexical::fixed::tests::test_analyzer_two_tokens::case_018 ... ok
test lexical::fixed::tests::test_analyzer_two_tokens::case_048 ... ok
test lexical::fixed::tests::test_analyzer_two_tokens::case_049 ... ok
test lexical::fixed::tests::test_analyzer_two_tokens::case_050 ... ok
test lexical::fixed::tests::test_analyzer_two_tokens::case_051 ... ok
test lexical::fixed::tests::test_analyzer_two_tokens::case_052 ... ok
test lexical::fixed::tests::test_analyzer_two_tokens::case_053 ... ok
test lexical::fixed::tests::test_analyzer_two_tokens::case_054 ... ok
test lexical::fixed::tests::test_analyzer_two_tokens::case_055 ... ok
test lexical::fixed::tests::test_analyzer_two_tokens::case_056 ... ok
test lexical::fixed::tests::test_analyzer_two_tokens::case_057 ... ok
test lexical::fixed::tests::test_analyzer_two_tokens::case_058 ... ok
test lexical::fixed::tests::test_analyzer_two_tokens::case_059 ... ok
test lexical::fixed::tests::test_analyzer_two_tokens::case_060 ... ok
test lexical::fixed::tests::test_analyzer_two_tokens::case_061 ... ok
test lexical::fixed::tests::test_analyzer_two_tokens::case_062 ... ok
test lexical::fixed::tests::test_analyzer_two_tokens::case_063 ... ok
test lexical::fixed::tests::test_analyzer_two_tokens::case_064 ... ok
test lexical::fixed::tests::test_analyzer_two_tokens::case_065 ... ok
test lexical::fixed::tests::test_analyzer_two_tokens::case_066 ... ok
test lexical::fixed::tests::test_analyzer_two_tokens::case_067 ... ok
test lexical::fixed::tests::test_analyzer_two_tokens::case_068 ... ok
test lexical::fixed::tests::test_analyzer_two_tokens::case_069 ... ok
test lexical::fixed::tests::test_analyzer_two_tokens::case_070 ... ok
test lexical::fixed::tests::test_analyzer_two_tokens::case_071 ... ok
test lexical::fixed::tests::test_analyzer_two_tokens::case_072 ... ok
test lexical::fixed::tests::test_analyzer_two_tokens::case_073 ... ok
test lexical::fixed::tests::test_analyzer_two_tokens::case_074 ... ok
test lexical::fixed::tests::test_analyzer_two_tokens::case_075 ... ok
test lexical::fixed::tests::test_analyzer_two_tokens::case_076 ... ok
test lexical::fixed::tests::test_analyzer_two_tokens::case_077 ... ok
test lexical::fixed::tests::test_analyzer_two_tokens::case_078 ... ok
test lexical::fixed::tests::test_analyzer_two_tokens::case_079 ... ok
test lexical::fixed::tests::test_analyzer_two_tokens::case_080 ... ok
test lexical::fixed::tests::test_analyzer_two_tokens::case_081 ... ok
test lexical::fixed::tests::test_analyzer_two_tokens::case_082 ... ok
test lexical::fixed::tests::test_analyzer_two_tokens::case_083 ... ok
test lexical::fixed::tests::test_analyzer_two_tokens::case_084 ... ok
test lexical::fixed::tests::test_analyzer_two_tokens::case_085 ... ok
test lexical::fixed::tests::test_analyzer_two_tokens::case_086 ... ok
test lexical::fixed::tests::test_analyzer_two_tokens::case_087 ... ok
test lexical::fixed::tests::test_analyzer_two_tokens::case_088 ... ok
test lexical::fixed::tests::test_analyzer_two_tokens::case_089 ... ok
test lexical::fixed::tests::test_analyzer_two_tokens::case_090 ... ok
test lexical::fixed::tests::test_analyzer_two_tokens::case_091 ... ok
test lexical::fixed::tests::test_analyzer_two_tokens::case_092 ... ok
test lexical::fixed::tests::test_analyzer_two_tokens::case_093 ... ok
test lexical::fixed::tests::test_analyzer_two_tokens::case_094 ... ok
test lexical::fixed::tests::test_analyzer_two_tokens::case_095 ... ok
test lexical::fixed::tests::test_analyzer_two_tokens::case_096 ... ok
test lexical::fixed::tests::test_analyzer_two_tokens::case_097 ... ok
test lexical::fixed::tests::test_analyzer_two_tokens::case_098 ... ok
test lexical::fixed::tests::test_analyzer_two_tokens::case_099 ... ok
test lexical::fixed::tests::test_analyzer_two_tokens::case_100 ... ok
test lexical::fixed::tests::test_analyzer_two_tokens::case_101 ... ok
test lexical::fixed::tests::test_analyzer_two_tokens::case_102 ... ok
test lexical::fixed::tests::test_analyzer_two_tokens::case_103 ... ok
test lexical::fixed::tests::test_analyzer_two_tokens::case_104 ... ok
test lexical::fixed::tests::test_analyzer_two_tokens::case_105 ... ok
test lexical::fixed::tests::test_analyzer_two_tokens::case_106 ... ok
test lexical::fixed::tests::test_analyzer_two_tokens::case_107 ... ok
test lexical::fixed::tests::test_analyzer_two_tokens::case_108 ... ok
test lexical::fixed::tests::test_analyzer_two_tokens::case_109 ... ok
test lexical::fixed::tests::test_analyzer_two_tokens::case_110 ... ok
test lexical::fixed::tests::test_analyzer_two_tokens::case_111 ... ok
test lexical::fixed::tests::test_analyzer_two_tokens::case_112 ... ok
test lexical::fixed::tests::test_analyzer_two_tokens::case_113 ... ok
test lexical::fixed::tests::test_analyzer_two_tokens::case_114 ... ok
test lexical::fixed::tests::test_analyzer_two_tokens::case_115 ... ok
test lexical::fixed::tests::test_analyzer_two_tokens::case_116 ... ok
test lexical::fixed::tests::test_analyzer_two_tokens::case_117 ... ok
test lexical::fixed::tests::test_analyzer_two_tokens::case_118 ... ok
test lexical::fixed::tests::test_analyzer_two_tokens::case_119 ... ok
test lexical::fixed::tests::test_analyzer_two_tokens::case_120 ... ok
test lexical::fixed::tests::test_analyzer_two_tokens::case_121 ... ok
test lexical::fixed::tests::test_analyzer_two_tokens::case_122 ... ok
test lexical::fixed::tests::test_analyzer_two_tokens::case_123 ... ok
test lexical::fixed::tests::test_analyzer_two_tokens::case_124 ... ok
test lexical::fixed::tests::test_analyzer_two_tokens::case_125 ... ok
test lexical::fixed::tests::test_analyzer_two_tokens::case_126 ... ok
test lexical::fixed::tests::test_analyzer_two_tokens::case_127 ... ok
test lexical::fixed::tests::test_analyzer_two_tokens::case_128 ... ok
test lexical::fixed::tests::test_analyzer_two_tokens::case_129 ... ok
test lexical::fixed::tests::test_analyzer_two_tokens::case_130 ... ok
test lexical::fixed::tests::test_analyzer_two_tokens::case_131 ... ok
test lexical::fixed::tests::test_analyzer_two_tokens::case_132 ... ok
test lexical::fixed::tests::test_analyzer_two_tokens::case_133 ... ok
test lexical::fixed::tests::test_analyzer_two_tokens::case_134 ... ok
test lexical::fixed::tests::test_analyzer_two_tokens::case_135 ... ok
test lexical::fixed::tests::test_analyzer_two_tokens::case_136 ... ok
test lexical::fixed::tests::test_analyzer_two_tokens::case_137 ... ok
test lexical::fixed::tests::test_analyzer_two_tokens::case_138 ... ok
test lexical::fixed::tests::test_analyzer_two_tokens::case_139 ... ok
test lexical::fixed::tests::test_analyzer_two_tokens::case_140 ... ok
test lexical::fixed::tests::test_analyzer_two_tokens::case_141 ... ok
test lexical::fixed::tests::test_analyzer_two_tokens::case_142 ... ok
test lexical::fixed::tests::test_analyzer_two_tokens::case_143 ... ok
test lexical::fixed::tests::test_analyzer_two_tokens::case_144 ... ok
test lexical::fixed::tests::test_analyzer_two_tokens::case_145 ... ok
test lexical::fixed::tests::test_analyzer_two_tokens::case_146 ... ok
test lexical::fixed::tests::test_analyzer_two_tokens::case_147 ... ok
test lexical::fixed::tests::test_analyzer_two_tokens::case_148 ... ok
test lexical::fixed::tests::test_analyzer_two_tokens::case_149 ... ok
test lexical::fixed::tests::test_analyzer_two_tokens::case_150 ... ok
test lexical::fixed::tests::test_analyzer_two_tokens::case_151 ... ok
test lexical::fixed::tests::test_analyzer_two_tokens::case_152 ... ok
test lexical::fixed::tests::test_analyzer_two_tokens::case_153 ... ok
test lexical::fixed::tests::test_analyzer_two_tokens::case_154 ... ok
test lexical::fixed::tests::test_analyzer_two_tokens::case_156 ... ok
test lexical::fixed::tests::test_analyzer_two_tokens::case_157 ... ok
test lexical::fixed::tests::test_analyzer_two_tokens::case_158 ... ok
test lexical::fixed::tests::test_analyzer_two_tokens::case_159 ... ok
test lexical::fixed::tests::test_analyzer_two_tokens::case_160 ... ok
test lexical::fixed::tests::test_analyzer_two_tokens::case_161 ... ok
test lexical::fixed::tests::test_analyzer_two_tokens::case_162 ... ok
test lexical::fixed::tests::test_analyzer_two_tokens::case_163 ... ok
test lexical::fixed::tests::test_analyzer_two_tokens::case_164 ... ok
test lexical::fixed::tests::test_analyzer_two_tokens::case_155 ... ok
test lexical::fixed::tests::test_analyzer_two_tokens::case_165 ... ok
test lexical::fixed::tests::test_analyzer_two_tokens::case_166 ... ok
test lexical::fixed::tests::test_analyzer_two_tokens::case_167 ... ok
test lexical::fixed::tests::test_analyzer_two_tokens::case_168 ... ok
test lexical::fixed::tests::test_analyzer_two_tokens::case_169 ... ok
test lexical::fixed::tests::test_analyzer_two_tokens::case_170 ... ok
test lexical::fixed::tests::test_analyzer_two_tokens::case_171 ... ok
test lexical::fixed::tests::test_analyzer_two_tokens::case_172 ... ok
test lexical::fixed::tests::test_analyzer_two_tokens::case_174 ... ok
test lexical::fixed::tests::test_analyzer_two_tokens::case_175 ... ok
test lexical::fixed::tests::test_analyzer_two_tokens::case_177 ... ok
test lexical::fixed::tests::test_analyzer_two_tokens::case_176 ... ok
test lexical::fixed::tests::test_analyzer_two_tokens::case_178 ... ok
test lexical::fixed::tests::test_analyzer_two_tokens::case_179 ... ok
test lexical::fixed::tests::test_analyzer_two_tokens::case_180 ... ok
test lexical::fixed::tests::test_analyzer_two_tokens::case_182 ... ok
test lexical::fixed::tests::test_analyzer_two_tokens::case_183 ... ok
test lexical::fixed::tests::test_analyzer_two_tokens::case_184 ... ok
test lexical::fixed::tests::test_analyzer_two_tokens::case_185 ... ok
test lexical::fixed::tests::test_analyzer_two_tokens::case_186 ... ok
test lexical::fixed::tests::test_analyzer_two_tokens::case_187 ... ok
test lexical::fixed::tests::test_analyzer_two_tokens::case_188 ... ok
test lexical::fixed::tests::test_analyzer_two_tokens::case_189 ... ok
test lexical::fixed::tests::test_analyzer_two_tokens::case_190 ... ok
test lexical::fixed::tests::test_analyzer_two_tokens::case_191 ... ok
test lexical::fixed::tests::test_analyzer_two_tokens::case_192 ... ok
test lexical::fixed::tests::test_analyzer_two_tokens::case_193 ... ok
test lexical::fixed::tests::test_analyzer_two_tokens::case_194 ... ok
test lexical::fixed::tests::test_analyzer_two_tokens::case_195 ... ok
test lexical::fixed::tests::test_analyzer_two_tokens::case_196 ... ok
test lexical::fixed::tests::test_analyzer_two_tokens::case_197 ... ok
test lexical::fixed::tests::test_analyzer_two_tokens::case_198 ... ok
test lexical::fixed::tests::test_analyzer_two_tokens::case_199 ... ok
test lexical::fixed::tests::test_analyzer_two_tokens::case_200 ... ok
test lexical::fixed::tests::test_analyzer_two_tokens::case_201 ... ok
test lexical::fixed::tests::test_analyzer_two_tokens::case_202 ... ok
test lexical::fixed::tests::test_analyzer_two_tokens::case_203 ... ok
test lexical::fixed::tests::test_analyzer_two_tokens::case_205 ... ok
test lexical::fixed::tests::test_analyzer_two_tokens::case_206 ... ok
test lexical::fixed::tests::test_analyzer_two_tokens::case_207 ... ok
test lexical::fixed::tests::test_analyzer_two_tokens::case_173 ... ok
test lexical::fixed::tests::test_analyzer_two_tokens::case_208 ... ok
test lexical::fixed::tests::test_analyzer_two_tokens::case_209 ... ok
test lexical::fixed::tests::test_analyzer_utf8_char_1::case_01 ... ok
test lexical::fixed::tests::test_analyzer_utf8_char_1::case_02 ... ok
test lexical::fixed::tests::test_analyzer_utf8_char_1::case_03 ... ok
test lexical::fixed::tests::test_analyzer_utf8_char_1::case_04 ... ok
test lexical::fixed::tests::test_analyzer_utf8_char_1::case_05 ... ok
test lexical::fixed::tests::test_analyzer_utf8_char_1::case_06 ... ok
test lexical::fixed::tests::test_analyzer_utf8_char_1::case_07 ... ok
test lexical::fixed::tests::test_analyzer_utf8_char_1::case_08 ... ok
test lexical::fixed::tests::test_analyzer_utf8_char_1::case_09 ... ok
test lexical::fixed::tests::test_analyzer_utf8_char_1::case_10 ... ok
test lexical::fixed::tests::test_analyzer_utf8_char_1::case_11 ... ok
test lexical::fixed::tests::test_analyzer_two_tokens::case_181 ... ok
test lexical::fixed::tests::test_analyzer_two_tokens::case_204 ... ok
test lexical::fixed::tests::test_analyzer_utf8_char_2::case_01_two_1 ... ok
test lexical::fixed::tests::test_analyzer_utf8_char_2::case_02_two_2 ... ok
test lexical::fixed::tests::test_analyzer_utf8_char_2::case_03_two_3 ... ok
test lexical::fixed::tests::test_analyzer_utf8_char_2::case_04_two_4 ... ok
test lexical::fixed::tests::test_analyzer_utf8_char_2::case_05_three_1 ... ok
test lexical::fixed::tests::test_analyzer_utf8_char_2::case_06_three_2 ... ok
test lexical::fixed::tests::test_analyzer_utf8_char_2::case_07_three_3 ... ok
test lexical::fixed::tests::test_analyzer_utf8_char_2::case_08_three_4 ... ok
test lexical::fixed::tests::test_analyzer_utf8_char_2::case_09_four_1 ... ok
test lexical::fixed::tests::test_analyzer_utf8_char_2::case_10_four_2 ... ok
test lexical::fixed::tests::test_analyzer_utf8_char_2::case_11_four_3 ... ok
test lexical::fixed::tests::test_analyzer_utf8_char_2::case_12_four_4 ... ok
test lexical::fixed::tests::test_analyzer_whitespace_multiline::case_01 ... ok
test lexical::fixed::tests::test_analyzer_whitespace_multiline::case_02 ... ok
test lexical::fixed::tests::test_analyzer_whitespace_multiline::case_03 ... ok
test lexical::fixed::tests::test_analyzer_whitespace_multiline::case_04 ... ok
test lexical::fixed::tests::test_analyzer_whitespace_multiline::case_05 ... ok
test lexical::fixed::tests::test_analyzer_whitespace_multiline::case_06 ... ok
test lexical::fixed::tests::test_analyzer_whitespace_multiline::case_07 ... ok
test lexical::fixed::tests::test_analyzer_whitespace_multiline::case_08 ... ok
test lexical::fixed::tests::test_analyzer_whitespace_multiline::case_09 ... ok
test lexical::fixed::tests::test_analyzer_whitespace_multiline::case_12 ... ok
test lexical::fixed::tests::test_analyzer_whitespace_multiline::case_13 ... ok
test lexical::fixed::tests::test_analyzer_whitespace_multiline::case_14 ... ok
test lexical::fixed::tests::test_analyzer_whitespace_multiline::case_15 ... ok
test lexical::fixed::tests::test_analyzer_whitespace_multiline::case_16 ... ok
test lexical::fixed::tests::test_content::case_01_static_a ... ok
test lexical::fixed::tests::test_analyzer_whitespace_multiline::case_17 ... ok
test lexical::fixed::tests::test_content::case_02_inline_empty ... ok
test lexical::fixed::tests::test_content::case_03_inline_a_1 ... ok
test lexical::fixed::tests::test_content::case_04_inline_a_inline_len ... ok
test lexical::fixed::tests::test_analyzer_whitespace_multiline::case_10 ... ok
test lexical::fixed::tests::test_content::case_06_not_escaped_a ... ok
test lexical::fixed::tests::test_analyzer_whitespace_multiline::case_11 ... ok
test lexical::fixed::tests::test_content::case_08_escaped_a ... ok
test lexical::fixed::tests::test_content::case_09_escaped_nl ... ok
test lexical::fixed::tests::test_content::case_10_escaped_nul ... ok
test lexical::fixed::tests::test_content_from_static_ok::case_01_eof ... ok
test lexical::fixed::tests::test_content_from_static_ok::case_02_arr_begin ... ok
test lexical::fixed::tests::test_content_from_static_ok::case_03_arr_end ... ok
test lexical::fixed::tests::test_content_from_static_ok::case_04_obj_begin ... ok
test lexical::fixed::tests::test_content_from_static_ok::case_05_obj_end ... ok
test lexical::fixed::tests::test_content_from_static_ok::case_06_value_sep ... ok
test lexical::fixed::tests::test_content_from_static_ok::case_07_name_sep ... ok
test lexical::fixed::tests::test_content_from_static_ok::case_08_white_space ... ok
test lexical::fixed::tests::test_content_from_static_ok::case_09_white_tab ... ok
test lexical::fixed::tests::test_content_from_static_ok::case_10_white_lf ... ok
test lexical::fixed::tests::test_content_from_static_ok::case_11_white_cr ... ok
test lexical::fixed::tests::test_content_from_static_ok::case_12_white_lots ... ok
test lexical::fixed::tests::test_content_from_static_ok::case_13_lit_false ... ok
test lexical::fixed::tests::test_content_from_static_ok::case_14_lit_null ... ok
test lexical::fixed::tests::test_content_from_static_ok::case_15_lit_true ... ok
test lexical::fixed::tests::test_content_from_static_ok::case_16_num_zero ... ok
test lexical::fixed::tests::test_content::case_05_not_escaped_empty ... ok
test lexical::fixed::tests::test_content::case_07_escaped_empty ... ok
test lexical::fixed::tests::test_content_from_static_ok::case_17_num_zero_point_one ... ok
test lexical::fixed::tests::test_content_from_static_ok::case_18_num_123 ... ok
test lexical::fixed::tests::test_content_from_static_ok::case_19_num_neg_zero ... ok
test lexical::fixed::tests::test_content_from_static_ok::case_20_num_neg_zero_point_one ... ok
test lexical::fixed::tests::test_content_from_static_ok::case_21_num_neg_123 ... ok
test lexical::fixed::tests::test_content_from_static_ok::case_22_num_1e1 ... ok
test lexical::fixed::tests::test_content_from_static_ok::case_23_num_1e_plus_1 ... ok
test lexical::fixed::tests::test_content_from_static_ok::case_24_num_1e_minus_1 ... ok
test lexical::fixed::tests::test_content_from_static_ok::case_25_str_empty ... ok
test lexical::fixed::tests::test_content_from_static_ok::case_26_str_a ... ok
test lexical::fixed::tests::test_content_from_static_ok::case_27_str_emoji ... ok
test lexical::fixed::tests::test_content_from_static_ok::case_28_str_escaped_nul ... ok
test lexical::fixed::tests::test_content_from_static_panic::case_01_invalid_char - should panic ... ok
test lexical::fixed::tests::test_content_from_static_panic::case_02_f - should panic ... ok
test lexical::fixed::tests::test_content_from_static_panic::case_03_fa - should panic ... ok
test lexical::fixed::tests::test_content_from_static_panic::case_04_fal - should panic ... ok
test lexical::fixed::tests::test_content_from_static_panic::case_05_fals - should panic ... ok
test lexical::fixed::tests::test_content_from_static_panic::case_06_false_leading_space - should panic ... ok
test lexical::fixed::tests::test_content_from_static_panic::case_07_false_trailing_space - should panic ... ok
test lexical::fixed::tests::test_content_from_static_panic::case_08_n - should panic ... ok
test lexical::fixed::tests::test_content_from_static_panic::case_09_nu - should panic ... ok
test lexical::fixed::tests::test_content_from_static_panic::case_10_nul - should panic ... ok
test lexical::fixed::tests::test_content_from_static_panic::case_11_null_leading_space - should panic ... ok
test lexical::fixed::tests::test_content_from_static_panic::case_12_null_trailing_space - should panic ... ok
test lexical::fixed::tests::test_content_from_static_panic::case_13_t - should panic ... ok
test lexical::fixed::tests::test_content_from_static_panic::case_14_tr - should panic ... ok
test lexical::fixed::tests::test_content_from_static_panic::case_15_tru - should panic ... ok
test lexical::fixed::tests::test_content_from_static_panic::case_16_true_leading_space - should panic ... ok
test lexical::fixed::tests::test_content_from_static_panic::case_17_true_trailing_space - should panic ... ok
test lexical::fixed::tests::test_content_from_static_panic::case_18_num_dot - should panic ... ok
test lexical::fixed::tests::test_content_from_static_panic::case_19_num_zero_dot - should panic ... ok
test lexical::fixed::tests::test_content_from_static_panic::case_20_num_zero_zero - should panic ... ok
test lexical::fixed::tests::test_content_from_static_panic::case_21_num_leading_space - should panic ... ok
test lexical::fixed::tests::test_content_from_static_panic::case_22_num_trailing_space - should panic ... ok
test lexical::fixed::tests::test_content_from_static_panic::case_23_str_unterminated_0 - should panic ... ok
test lexical::fixed::tests::test_content_from_static_panic::case_24_str_unterminated_1 - should panic ... ok
test lexical::fixed::tests::test_content_from_static_panic::case_25_str_leading_space - should panic ... ok
test lexical::fixed::tests::test_content_from_static_panic::case_26_str_trailing_space - should panic ... ok
test lexical::fixed::tests::test_content_parse_f64_err::case_1_range_positive_overflow ... ok
test lexical::fixed::tests::test_content_parse_f64_err::case_2_range_negative_overflow ... ok
test lexical::fixed::tests::test_content_parse_f64_ok::case_01_zero ... ok
test lexical::fixed::tests::test_content_parse_f64_ok::case_02_minus_zero ... ok
test lexical::fixed::tests::test_content_parse_f64_ok::case_05_forty_two ... ok
test lexical::fixed::tests::test_content_parse_f64_ok::case_03_one ... ok
test lexical::fixed::tests::test_content_parse_f64_ok::case_06_pi ... ok
test lexical::fixed::tests::test_content_parse_f64_ok::case_07_negative_decimal ... ok
test lexical::fixed::tests::test_content_parse_f64_ok::case_08_exponent_zero ... ok
test lexical::fixed::tests::test_content_parse_f64_ok::case_09_exponent_positive ... ok
test lexical::fixed::tests::test_content_parse_f64_ok::case_10_exponent_negative ... ok
test lexical::fixed::tests::test_content_parse_f64_ok::case_11_exponent_upper ... ok
test lexical::fixed::tests::test_content_parse_f64_ok::case_12_exponent_plus_sign ... ok
test lexical::fixed::tests::test_content_parse_f64_ok::case_13_decimal_and_exponent ... ok
test lexical::fixed::tests::test_content_parse_f64_ok::case_14_large_integer ... ok
test lexical::fixed::tests::test_content_parse_f64_ok::case_15_f64_max ... ok
test lexical::fixed::tests::test_content_parse_f64_ok::case_16_f64_min_positive ... ok
test lexical::fixed::tests::test_content_parse_f64_ok::case_17_subnormal ... ok
test lexical::fixed::tests::test_content_parse_i128_err::case_1_decimal_zero ... ok
test lexical::fixed::tests::test_content_parse_i128_err::case_2_decimal ... ok
test lexical::fixed::tests::test_content_parse_i128_err::case_3_exponent_zero ... ok
test lexical::fixed::tests::test_content_parse_i128_err::case_4_exponent_positive ... ok
test lexical::fixed::tests::test_content_parse_i128_err::case_5_exponent_negative ... ok
test lexical::fixed::tests::test_content_parse_i128_err::case_6_range_i128_max_plus_1 ... ok
test lexical::fixed::tests::test_content_parse_i128_err::case_7_range_u128_max ... ok
test lexical::fixed::tests::test_content_parse_i128_ok::case_01_zero ... ok
test lexical::fixed::tests::test_content_parse_f64_ok::case_04_minus_one ... ok
test lexical::fixed::tests::test_content_parse_i128_ok::case_02_minus_zero ... ok
test lexical::fixed::tests::test_content_parse_i128_ok::case_03_one ... ok
test lexical::fixed::tests::test_content_parse_i128_ok::case_04_minus_one ... ok
test lexical::fixed::tests::test_content_parse_i128_ok::case_05_forty_two ... ok
test lexical::fixed::tests::test_content_parse_i128_ok::case_06_minus_forty_two ... ok
test lexical::fixed::tests::test_content_parse_i128_ok::case_07_all_digits ... ok
test lexical::fixed::tests::test_content_parse_i128_ok::case_08_i64_max ... ok
test lexical::fixed::tests::test_content_parse_i128_ok::case_09_i64_min ... ok
test lexical::fixed::tests::test_content_parse_i128_ok::case_10_beyond_i64_max ... ok
test lexical::fixed::tests::test_content_parse_i128_ok::case_11_beyond_i64_min ... ok
test lexical::fixed::tests::test_content_parse_i128_ok::case_12_pow10_38 ... ok
test lexical::fixed::tests::test_content_parse_i128_ok::case_13_neg_pow10_38 ... ok
test lexical::fixed::tests::test_content_parse_i128_ok::case_14_max_minus_1 ... ok
test lexical::fixed::tests::test_content_parse_i128_ok::case_15_max ... ok
test lexical::fixed::tests::test_content_parse_i128_ok::case_16_min_plus_1 ... ok
test lexical::fixed::tests::test_content_parse_i128_ok::case_17_min ... ok
test lexical::fixed::tests::test_content_parse_i64_err::case_1_decimal_zero ... ok
test lexical::fixed::tests::test_content_parse_i64_err::case_2_decimal ... ok
test lexical::fixed::tests::test_content_parse_i64_err::case_3_exponent_zero ... ok
test lexical::fixed::tests::test_content_parse_i64_err::case_4_exponent_positive ... ok
test lexical::fixed::tests::test_content_parse_i64_err::case_5_exponent_negative ... ok
test lexical::fixed::tests::test_content_parse_i64_err::case_6_range_i64_min_minus_1 ... ok
test lexical::fixed::tests::test_content_parse_i64_err::case_7_range_i128_min ... ok
test lexical::fixed::tests::test_content_parse_i64_err::case_8_range_i64_max_plus_1 ... ok
test lexical::fixed::tests::test_content_parse_i64_err::case_9_range_i128_max ... ok
test lexical::fixed::tests::test_content_parse_i64_ok::case_01_zero ... ok
test lexical::fixed::tests::test_content_parse_i64_ok::case_02_minus_zero ... ok
test lexical::fixed::tests::test_content_parse_i64_ok::case_03_one ... ok
test lexical::fixed::tests::test_content_parse_i64_ok::case_04_minus_one ... ok
test lexical::fixed::tests::test_content_parse_i64_ok::case_05_forty_two ... ok
test lexical::fixed::tests::test_content_parse_i64_ok::case_06_minus_forty_two ... ok
test lexical::fixed::tests::test_content_parse_i64_ok::case_07_all_digits ... ok
test lexical::fixed::tests::test_content_parse_i64_ok::case_08_max_minus_1 ... ok
test lexical::fixed::tests::test_content_parse_i64_ok::case_09_max ... ok
test lexical::fixed::tests::test_content_parse_i64_ok::case_10_min_plus_1 ... ok
test lexical::fixed::tests::test_content_parse_i64_ok::case_11_min ... ok
test lexical::fixed::tests::test_content_parse_u64_err::case_01_minus_zero ... ok
test lexical::fixed::tests::test_content_parse_u64_err::case_02_minus_one ... ok
test lexical::fixed::tests::test_content_parse_u64_err::case_03_minus_forty_two ... ok
test lexical::fixed::tests::test_content_parse_u64_err::case_04_decimal_zero ... ok
test lexical::fixed::tests::test_content_parse_u64_err::case_06_exponent_zero ... ok
test lexical::fixed::tests::test_content_parse_u64_err::case_07_exponent_positive ... ok
test lexical::fixed::tests::test_content_parse_u64_err::case_08_exponent_negative ... ok
test lexical::fixed::tests::test_content_parse_u64_err::case_09_range_u64_max_plus_1 ... ok
test lexical::fixed::tests::test_content_parse_u64_err::case_10_range_i128_max ... ok
test lexical::fixed::tests::test_content_parse_u64_ok::case_2_one ... ok
test lexical::fixed::tests::test_content_parse_u64_ok::case_3_forty_two ... ok
test lexical::fixed::tests::test_content_parse_u64_ok::case_4_all_digits ... ok
test lexical::fixed::tests::test_content_parse_u64_ok::case_5_max_minus_1 ... ok
test lexical::fixed::tests::test_content_parse_u64_ok::case_6_max ... ok
test lexical::fixed::tests::test_content_unescaped_cmp_identity::case_01_arr_begin ... ok
test lexical::fixed::tests::test_content_unescaped_cmp_identity::case_02_arr_end ... ok
test lexical::fixed::tests::test_content_unescaped_cmp_identity::case_03_empty ... ok
test lexical::fixed::tests::test_content_unescaped_cmp_identity::case_04_lit_false ... ok
test lexical::fixed::tests::test_content_unescaped_cmp_identity::case_05_lit_false ... ok
test lexical::fixed::tests::test_content_unescaped_cmp_identity::case_06_lit_false ... ok
test lexical::fixed::tests::test_content_unescaped_cmp_identity::case_07_name_sep ... ok
test lexical::fixed::tests::test_content_unescaped_cmp_identity::case_08_num_0 ... ok
test lexical::fixed::tests::test_content_unescaped_cmp_identity::case_09_num_1 ... ok
test lexical::fixed::tests::test_content_unescaped_cmp_identity::case_10_num_pi ... ok
test lexical::fixed::tests::test_content_unescaped_cmp_identity::case_11_num_minus_1 ... ok
test lexical::fixed::tests::test_content_unescaped_cmp_identity::case_12_num_big1 ... ok
test lexical::fixed::tests::test_content_unescaped_cmp_identity::case_13_num_big2 ... ok
test lexical::fixed::tests::test_content_unescaped_cmp_identity::case_14_num_big3 ... ok
test lexical::fixed::tests::test_content_unescaped_cmp_identity::case_15_str_empty ... ok
test lexical::fixed::tests::test_content_parse_u64_err::case_05_decimal ... ok
test lexical::fixed::tests::test_content_parse_u64_ok::case_1_zero ... ok
test lexical::fixed::tests::test_content_unescaped_cmp_identity::case_16_str_a ... ok
test lexical::fixed::tests::test_content_unescaped_cmp_identity::case_17_str_utf8_2_bytes ... ok
test lexical::fixed::tests::test_content_unescaped_cmp_identity::case_18_str_utf8_3_bytes ... ok
test lexical::fixed::tests::test_content_unescaped_cmp_identity::case_19_str_utf8_4_bytes ... ok
test lexical::fixed::tests::test_content_unescaped_cmp_identity::case_20_str_utf8_all ... ok
test lexical::fixed::tests::test_content_unescaped_cmp_identity::case_21_obj_begin ... ok
test lexical::fixed::tests::test_content_unescaped_cmp_identity::case_22_obj_end ... ok
test lexical::fixed::tests::test_content_unescaped_cmp_identity::case_23_value_sep ... ok
test lexical::fixed::tests::test_content_unescaped_cmp_identity::case_24_white1 ... ok
test lexical::fixed::tests::test_content_unescaped_cmp_identity::case_25_white2 ... ok
test lexical::fixed::tests::test_content_unescaped_cmp_identity::case_26_white3 ... ok
test lexical::fixed::tests::test_content_unescaped_cmp_identity::case_27_white4 ... ok
test lexical::fixed::tests::test_content_unescaped_cmp_identity::case_28_white5 ... ok
test lexical::fixed::tests::test_error::case_1 ... ok
test lexical::fixed::tests::test_error::case_2 ... ok
test lexical::fixed::tests::test_error::case_3 ... ok
test lexical::fixed::tests::test_unescaped_cmp_ok::case_01_empty_str_empty ... ok
test lexical::fixed::tests::test_unescaped_cmp_ok::case_02_empty_num ... ok
test lexical::fixed::tests::test_unescaped_cmp_ok::case_03_empty_white ... ok
test lexical::fixed::tests::test_unescaped_cmp_ok::case_04_num_empty ... ok
test lexical::fixed::tests::test_unescaped_cmp_ok::case_05_str_a_str_b ... ok
test lexical::fixed::tests::test_unescaped_cmp_ok::case_06_str_a_str_empty ... ok
test lexical::fixed::tests::test_unescaped_cmp_ok::case_07_str_b_str_a ... ok
test lexical::fixed::tests::test_unescaped_cmp_ok::case_08_str_bar_str_bard ... ok
test lexical::fixed::tests::test_unescaped_cmp_ok::case_09_str_bar_str_bark ... ok
test lexical::fixed::tests::test_unescaped_cmp_ok::case_10_str_bard_str_bar ... ok
test lexical::fixed::tests::test_unescaped_cmp_ok::case_11_str_bard_str_bark ... ok
test lexical::fixed::tests::test_unescaped_cmp_ok::case_12_str_bark_str_bar ... ok
test lexical::fixed::tests::test_unescaped_cmp_ok::case_13_str_bark_str_bard ... ok
test lexical::fixed::tests::test_unescaped_cmp_ok::case_14_str_empty_empty ... ok
test lexical::fixed::tests::test_unescaped_cmp_ok::case_15_str_empty_str_a ... ok
test lexical::fixed::tests::test_unescaped_cmp_ok::case_16_str_esc_quot_str_quot ... ok
test lexical::fixed::tests::test_unescaped_cmp_ok::case_17_str_esc_bsol_str_bsol ... ok
test lexical::fixed::tests::test_unescaped_cmp_ok::case_18_str_esc_sol_str_sol ... ok
test lexical::fixed::tests::test_unescaped_cmp_ok::case_19_str_esc_bs_str_bs ... ok
test lexical::fixed::tests::test_unescaped_cmp_ok::case_20_str_esc_ff_str_ff ... ok
test lexical::fixed::tests::test_unescaped_cmp_ok::case_21_str_esc_nl_str_nl ... ok
test lexical::fixed::tests::test_unescaped_cmp_ok::case_22_str_esc_nl_str_cr ... ok
test lexical::fixed::tests::test_unescaped_cmp_ok::case_23_str_esc_cr_str_cr ... ok
test lexical::fixed::tests::test_unescaped_cmp_ok::case_24_str_esc_cr_str_nl ... ok
test lexical::fixed::tests::test_unescaped_cmp_ok::case_25_str_esc_tab_str_tab ... ok
test lexical::fixed::tests::test_unescaped_cmp_ok::case_26_str_esc_u_0008_str_bs ... ok
test lexical::fixed::tests::test_unescaped_cmp_ok::case_27_str_esc_u_0009_str_tab ... ok
test lexical::fixed::tests::test_unescaped_cmp_ok::case_28_str_esc_u_000a_str_nl ... ok
test lexical::fixed::tests::test_unescaped_cmp_ok::case_29_str_esc_u_000c_str_ff ... ok
test lexical::fixed::tests::test_unescaped_cmp_ok::case_30_str_esc_u_000d_str_cr ... ok
test lexical::fixed::tests::test_unescaped_cmp_ok::case_31_str_esc_u_0022_str_quot ... ok
test lexical::fixed::tests::test_unescaped_cmp_ok::case_32_str_esc_u_002f_str_sol ... ok
test lexical::fixed::tests::test_unescaped_cmp_ok::case_33_str_esc_u_005c_str_bsol ... ok
test lexical::fixed::tests::test_unescaped_cmp_ok::case_34_str_esc_u_0062_str_a ... ok
test lexical::fixed::tests::test_unescaped_cmp_ok::case_35_str_esc_u_00e8_str_e_grave ... ok
test lexical::fixed::tests::test_unescaped_cmp_ok::case_36_str_esc_u_20ac_str_euro ... ok
test lexical::fixed::tests::test_unescaped_cmp_ok::case_37_str_esc_u_surrogate_str_globe ... ok
test lexical::fixed::tests::test_unescaped_cmp_ok::case_38_str_esc_at_end_of_longer_str ... ok
test lexical::fixed::tests::test_unescaped_cmp_ok::case_39_str_esc_consecutive ... ok
test lexical::fixed::tests::test_unescaped_cmp_ok::case_40_str_where_other_terminates_early ... ok
test lexical::fixed::tests::test_unescaped_cmp_ok::case_41_white_empty ... ok
test lexical::fixed::tests::test_unescaped_cmp_ok::case_42_smoke_1 ... ok
test lexical::fixed::tests::test_unescaped_cmp_ok::case_43_smoke_2 ... ok
test lexical::fixed::tests::test_unescaped_cmp_ok::case_44_smoke_3 ... ok
test lexical::pipe::tests::temp_test_empty_chunk ... ok
test lexical::pipe::tests::test_analyzer_empty ... ok
test lexical::fixed::tests::test_error::case_4 ... ok
test lexical::pipe::tests::test_analyzer_initial_state_content ... ok
test lexical::pipe::tests::test_analyzer_initial_state_err - should panic ... ok
test lexical::pipe::tests::test_analyzer_into_parser::case_1 ... ok
test lexical::pipe::tests::test_analyzer_into_parser::case_3 ... ok
test lexical::pipe::tests::test_analyzer_into_parser::case_2 ... ok
test lexical::pipe::tests::test_analyzer_into_parser::case_5 ... ok
test lexical::pipe::tests::test_analyzer_single_error_panic_no_content - should panic ... ok
test lexical::pipe::tests::test_analyzer_into_parser::case_4 ... ok
test lexical::pipe::tests::test_analyzer_single_lexical_error::case_3 ... ok
test lexical::pipe::tests::test_analyzer_single_lexical_error::case_4 ... ok
test lexical::pipe::tests::test_analyzer_single_lexical_error::case_5 ... ok
test lexical::pipe::tests::test_analyzer_single_read_error::case_01 ... ok
test lexical::pipe::tests::test_analyzer_single_read_error::case_03 ... ok
test lexical::pipe::tests::test_analyzer_single_read_error::case_04 ... ok
test lexical::pipe::tests::test_analyzer_single_lexical_error::case_2 ... ok
test lexical::pipe::tests::test_analyzer_single_lexical_error::case_1 ... ok
test lexical::pipe::tests::test_analyzer_single_read_error::case_05 ... ok
test lexical::pipe::tests::test_analyzer_single_read_error::case_02 ... ok
test lexical::pipe::tests::test_analyzer_single_read_error::case_06 ... ok
test lexical::pipe::tests::test_analyzer_single_read_error::case_07 ... ok
test lexical::pipe::tests::test_analyzer_single_read_error::case_08 ... ok
test lexical::pipe::tests::test_analyzer_single_read_error::case_09 ... ok
test lexical::pipe::tests::test_analyzer_single_read_error::case_10 ... ok
test lexical::pipe::tests::test_analyzer_single_read_error::case_11 ... ok
test lexical::pipe::tests::test_analyzer_single_read_error::case_12 ... ok
test lexical::pipe::tests::test_analyzer_single_read_error::case_13 ... ok
test lexical::pipe::tests::test_analyzer_single_read_error::case_15 ... ok
test lexical::pipe::tests::test_analyzer_single_read_error::case_17 ... ok
test lexical::pipe::tests::test_analyzer_single_read_error::case_18 ... ok
test lexical::pipe::tests::test_analyzer_single_read_error::case_19 ... ok
test lexical::pipe::tests::test_analyzer_single_read_error::case_21 ... ok
test lexical::pipe::tests::test_analyzer_single_read_error::case_20 ... ok
test lexical::pipe::tests::test_analyzer_single_read_error::case_23 ... ok
test lexical::pipe::tests::test_analyzer_single_read_error::case_24 ... ok
test lexical::pipe::tests::test_analyzer_single_read_error::case_22 ... ok
test lexical::pipe::tests::test_analyzer_single_token::case_01 ... ok
test lexical::pipe::tests::test_analyzer_single_read_error::case_14 ... ok
test lexical::pipe::tests::test_analyzer_single_read_error::case_16 ... ok
test lexical::pipe::tests::test_analyzer_single_token::case_02 ... ok
test lexical::pipe::tests::test_analyzer_single_token::case_04 ... ok
test lexical::pipe::tests::test_analyzer_single_token::case_05 ... ok
test lexical::pipe::tests::test_analyzer_single_token::case_07 ... ok
test lexical::pipe::tests::test_analyzer_single_token::case_08 ... ok
test lexical::pipe::tests::test_analyzer_single_token::case_10 ... ok
test lexical::pipe::tests::test_analyzer_single_token::case_11 ... ok
test lexical::pipe::tests::test_analyzer_single_token::case_09 ... ok
test lexical::pipe::tests::test_analyzer_single_token::case_12 ... ok
test lexical::pipe::tests::test_analyzer_single_token::case_14 ... ok
test lexical::pipe::tests::test_analyzer_single_token::case_13 ... ok
test lexical::pipe::tests::test_analyzer_single_token::case_15 ... ok
test lexical::pipe::tests::test_analyzer_single_token::case_17 ... ok
test lexical::pipe::tests::test_analyzer_single_token::case_16 ... ok
test lexical::pipe::tests::test_analyzer_single_token::case_03 ... ok
test lexical::pipe::tests::test_analyzer_single_token::case_06 ... ok
test lexical::pipe::tests::test_analyzer_single_token::case_18 ... ok
test lexical::pipe::tests::test_analyzer_single_token::case_19 ... ok
test lexical::pipe::tests::test_analyzer_single_token::case_21 ... ok
test lexical::pipe::tests::test_analyzer_single_token::case_20 ... ok
test lexical::pipe::tests::test_analyzer_single_token::case_23 ... ok
test lexical::pipe::tests::test_analyzer_single_token::case_24 ... ok
test lexical::pipe::tests::test_analyzer_single_token::case_25 ... ok
test lexical::pipe::tests::test_analyzer_single_token::case_22 ... ok
test lexical::pipe::tests::test_analyzer_single_token::case_26 ... ok
test lexical::pipe::tests::test_analyzer_single_token::case_27 ... ok
test lexical::pipe::tests::test_analyzer_single_token::case_28 ... ok
test lexical::pipe::tests::test_analyzer_single_token::case_29 ... ok
test lexical::pipe::tests::test_analyzer_single_token::case_30 ... ok
test lexical::pipe::tests::test_analyzer_single_token::case_31 ... ok
test lexical::pipe::tests::test_analyzer_single_token::case_32 ... ok
test lexical::pipe::tests::test_analyzer_single_token::case_33 ... ok
test lexical::pipe::tests::test_analyzer_single_token::case_34 ... ok
test lexical::pipe::tests::test_analyzer_single_token::case_35 ... ok
test lexical::pipe::tests::test_analyzer_single_token::case_36 ... ok
test lexical::pipe::tests::test_analyzer_single_token::case_37 ... ok
test lexical::pipe::tests::test_analyzer_single_token::case_38 ... ok
test lexical::pipe::tests::test_analyzer_single_token::case_39 ... ok
test lexical::pipe::tests::test_analyzer_single_token::case_40 ... ok
test lexical::pipe::tests::test_analyzer_single_token::case_42 ... ok
test lexical::pipe::tests::test_analyzer_single_token::case_43 ... ok
test lexical::pipe::tests::test_analyzer_single_token::case_41 ... ok
test lexical::pipe::tests::test_analyzer_single_token::case_46 ... ok
test lexical::pipe::tests::test_analyzer_single_token::case_45 ... ok
test lexical::pipe::tests::test_analyzer_single_token::case_47 ... ok
test lexical::pipe::tests::test_analyzer_single_token::case_48 ... ok
test lexical::pipe::tests::test_analyzer_single_token::case_44 ... ok
test lexical::pipe::tests::test_analyzer_single_token::case_49 ... ok
test lexical::pipe::tests::test_analyzer_single_token::case_51 ... ok
test lexical::pipe::tests::test_analyzer_single_token::case_53 ... ok
test lexical::pipe::tests::test_analyzer_single_token::case_54 ... ok
test lexical::pipe::tests::test_analyzer_single_token::case_50 ... ok
test lexical::pipe::tests::test_analyzer_single_token::case_57 ... ok
test lexical::pipe::tests::test_analyzer_single_token::case_55 ... ok
test lexical::pipe::tests::test_analyzer_single_token::case_56 ... ok
test lexical::pipe::tests::test_analyzer_single_token::case_58 ... ok
test lexical::pipe::tests::test_analyzer_single_token::case_59 ... ok
test lexical::pipe::tests::test_analyzer_single_token::case_52 ... ok
test lexical::pipe::tests::test_analyzer_single_token::case_61 ... ok
test lexical::pipe::tests::test_analyzer_single_token::case_65 ... ok
test lexical::pipe::tests::test_analyzer_single_token::case_62 ... ok
test lexical::pipe::tests::test_analyzer_single_token::case_66 ... ok
test lexical::pipe::tests::test_analyzer_single_token::case_60 ... ok
test lexical::pipe::tests::test_analyzer_single_token::case_63 ... ok
test lexical::pipe::tests::test_analyzer_single_token::case_64 ... ok
test lexical::pipe::tests::test_analyzer_single_token::case_67 ... ok
test lexical::pipe::tests::test_analyzer_single_token::case_68 ... ok
test lexical::pipe::tests::test_analyzer_single_token::case_72 ... ok
test lexical::pipe::tests::test_analyzer_single_token::case_73 ... ok
test lexical::pipe::tests::test_analyzer_single_token::case_69 ... ok
test lexical::pipe::tests::test_analyzer_single_token::case_70 ... ok
test lexical::pipe::tests::test_analyzer_single_token::case_71 ... ok
test lexical::pipe::tests::test_analyzer_single_token::case_74 ... ok
test lexical::pipe::tests::test_analyzer_single_token::case_75 ... ok
test lexical::pipe::tests::test_analyzer_single_token::case_76 ... ok
test lexical::pipe::tests::test_analyzer_single_token::case_77 ... ok
test lexical::pipe::tests::test_analyzer_single_token::case_79 ... ok
test lexical::pipe::tests::test_analyzer_single_token::case_78 ... ok
test lexical::pipe::tests::test_analyzer_single_token::case_85 ... ok
test lexical::pipe::tests::test_analyzer_single_token::case_82 ... ok
test lexical::pipe::tests::test_analyzer_single_token::case_83 ... ok
test lexical::pipe::tests::test_analyzer_single_token::case_80 ... ok
test lexical::pipe::tests::test_analyzer_single_token::case_86 ... ok
test lexical::pipe::tests::test_analyzer_single_token::case_87 ... ok
test lexical::pipe::tests::test_analyzer_single_token::case_81 ... ok
test lexical::pipe::tests::test_analyzer_single_token::case_88 ... ok
test lexical::pipe::tests::test_analyzer_single_token::case_84 ... ok
test lexical::pipe::tests::test_analyzer_single_token_panic_no_err::case_02 - should panic ... ok
test lexical::pipe::tests::test_analyzer_single_token_panic_no_err::case_01 - should panic ... ok
test lexical::pipe::tests::test_analyzer_single_token_panic_no_err::case_05 - should panic ... ok
test lexical::pipe::tests::test_analyzer_single_token::case_89 ... ok
test lexical::pipe::tests::test_analyzer_single_token_panic_no_err::case_06 - should panic ... ok
test lexical::pipe::tests::test_analyzer_single_token_panic_no_err::case_04 - should panic ... ok
test lexical::pipe::tests::test_analyzer_single_token_panic_no_err::case_08 - should panic ... ok
test lexical::pipe::tests::test_analyzer_single_token_panic_no_err::case_07 - should panic ... ok
test lexical::pipe::tests::test_analyzer_single_token_panic_no_err::case_10 - should panic ... ok
test lexical::pipe::tests::test_analyzer_single_token_panic_no_err::case_11 - should panic ... ok
test lexical::pipe::tests::test_analyzer_single_token_panic_no_err::case_09 - should panic ... ok
test lexical::pipe::tests::test_analyzer_single_token_panic_no_err::case_12 - should panic ... ok
test lexical::pipe::tests::test_analyzer_single_token_panic_no_err::case_03 - should panic ... ok
test lexical::pipe::tests::test_content::case_01 ... ok
test lexical::pipe::tests::test_content::case_02 ... ok
test lexical::pipe::tests::test_content::case_03 ... ok
test lexical::pipe::tests::test_content::case_04 ... ok
test lexical::pipe::tests::test_content::case_05 ... ok
test lexical::pipe::tests::test_analyzer_smoke::case_3 ... ok
test lexical::pipe::tests::test_content::case_06 ... ok
test lexical::pipe::tests::test_analyzer_smoke::case_2 ... ok
test lexical::pipe::tests::test_analyzer_smoke::case_4 ... ok
test lexical::pipe::tests::test_content::case_07 ... ok
test lexical::pipe::tests::test_analyzer_smoke::case_1 ... ok
test lexical::pipe::tests::test_analyzer_smoke::case_5 ... ok
test lexical::pipe::tests::test_content::case_08 ... ok
test lexical::pipe::tests::test_content::case_09 ... ok
test lexical::pipe::tests::test_content::case_10 ... ok
test lexical::pipe::tests::test_content::case_11 ... ok
test lexical::pipe::tests::test_content::case_12 ... ok
test lexical::pipe::tests::test_content::case_14 ... ok
test lexical::pipe::tests::test_content::case_15 ... ok
test lexical::pipe::tests::test_error::case_1 ... ok
test lexical::pipe::tests::test_error::case_2 ... ok
test lexical::pipe::tests::test_literal_buf_advance_panic::case_1 - should panic ... ok
test lexical::pipe::tests::test_literal_buf_advance_panic::case_2 - should panic ... ok
test lexical::pipe::tests::test_literal_buf_advance_panic::case_3 - should panic ... ok
test lexical::pipe::tests::test_literal_buf_advance_panic::case_4 - should panic ... ok
test lexical::pipe::tests::test_literal_buf_advance_panic::case_5 - should panic ... ok
test lexical::pipe::tests::test_literal_buf_advance_panic::case_6 - should panic ... ok
test lexical::pipe::tests::test_literal_buf_copy_to_slice_panic::case_1 - should panic ... ok
test lexical::pipe::tests::test_literal_buf_copy_to_slice_panic::case_2 - should panic ... ok
test lexical::pipe::tests::test_literal_buf_copy_to_slice_panic::case_3 - should panic ... ok
test lexical::pipe::tests::test_literal_buf_copy_to_slice_panic::case_4 - should panic ... ok
test lexical::pipe::tests::test_content::case_13 ... ok
test lexical::pipe::tests::test_literal_buf_copy_to_slice_panic::case_5 - should panic ... ok
test lexical::pipe::tests::test_literal_buf_copy_to_slice_panic::case_6 - should panic ... ok
test lexical::pipe::tests::test_literal_buf_copy_to_slice_panic::case_7 - should panic ... ok
test lexical::pipe::tests::test_literal_buf_copy_to_slice_panic::case_8 - should panic ... ok
test lexical::pipe::tests::test_literal_buf_copy_to_slice_panic::case_9 - should panic ... ok
test lexical::pipe::tests::test_literal_convert::case_01 ... ok
test lexical::pipe::tests::test_literal_convert::case_02 ... ok
test lexical::pipe::tests::test_literal_convert::case_03 ... ok
test lexical::pipe::tests::test_literal_convert::case_05 ... ok
test lexical::pipe::tests::test_literal_convert::case_06 ... ok
test lexical::pipe::tests::test_literal_convert::case_07 ... ok
test lexical::pipe::tests::test_literal_convert::case_08 ... ok
test lexical::pipe::tests::test_literal_convert::case_09 ... ok
test lexical::pipe::tests::test_literal_convert::case_10 ... ok
test lexical::pipe::tests::test_literal_convert::case_12 ... ok
test lexical::pipe::tests::test_literal_convert::case_11 ... ok
test lexical::pipe::tests::test_literal_convert::case_13 ... ok
test lexical::pipe::tests::test_literal_convert::case_14 ... ok
test lexical::pipe::tests::test_literal_convert::case_15 ... ok
test lexical::pipe::tests::test_literal_convert::case_16 ... ok
test lexical::pipe::tests::test_literal_convert::case_17 ... ok
test lexical::pipe::tests::test_literal_convert::case_18 ... ok
test lexical::pipe::tests::test_literal_convert::case_19 ... ok
test lexical::pipe::tests::test_literal_convert::case_20 ... ok
test lexical::read::tests::test_analyzer_empty ... ok
test lexical::read::tests::test_analyzer_initial_state_content ... ok
test lexical::read::tests::test_analyzer_initial_state_err - should panic ... ok
test lexical::pipe::tests::test_literal_compare ... ok
test lexical::read::tests::test_analyzer_into_parser::case_1 ... ok
test lexical::read::tests::test_analyzer_into_parser::case_3 ... ok
test lexical::read::tests::test_analyzer_into_parser::case_2 ... ok
test lexical::read::tests::test_analyzer_into_parser::case_4 ... ok
test lexical::pipe::tests::test_literal_convert::case_04 ... ok
test lexical::read::tests::test_analyzer_read_produces_tiny_amounts ... ok
test lexical::read::tests::test_analyzer_into_parser::case_5 ... ok
test lexical::read::tests::test_analyzer_replace_buf::case_1 ... ok
test lexical::read::tests::test_analyzer_single_lexical_error::case_2 ... ok
test lexical::read::tests::test_analyzer_into_parser::case_6 ... ok
test lexical::read::tests::test_analyzer_single_lexical_error::case_3 ... ok
test lexical::read::tests::test_analyzer_single_lexical_error::case_1 ... ok
test lexical::read::tests::test_analyzer_replace_buf::case_2 ... ok
test lexical::read::tests::test_analyzer_single_lexical_error::case_4 ... ok
test lexical::read::tests::test_analyzer_single_error_panic_no_content - should panic ... ok
test lexical::read::tests::test_analyzer_replace_buf::case_3 ... ok
test lexical::read::tests::test_analyzer_single_lexical_error::case_5 ... ok
test lexical::read::tests::test_analyzer_single_read_error::case_01 ... ok
test lexical::read::tests::test_analyzer_single_read_error::case_02 ... ok
test lexical::read::tests::test_analyzer_single_read_error::case_03 ... ok
test lexical::read::tests::test_analyzer_single_read_error::case_04 ... ok
test lexical::read::tests::test_analyzer_single_read_error::case_05 ... ok
test lexical::read::tests::test_analyzer_single_read_error::case_06 ... ok
test lexical::read::tests::test_analyzer_single_read_error::case_07 ... ok
test lexical::read::tests::test_analyzer_single_read_error::case_08 ... ok
test lexical::read::tests::test_analyzer_single_read_error::case_10 ... ok
test lexical::read::tests::test_analyzer_single_read_error::case_12 ... ok
test lexical::read::tests::test_analyzer_single_read_error::case_13 ... ok
test lexical::read::tests::test_analyzer_single_read_error::case_14 ... ok
test lexical::read::tests::test_analyzer_single_read_error::case_15 ... ok
test lexical::read::tests::test_analyzer_single_token::case_01 ... ok
test lexical::read::tests::test_analyzer_single_token::case_02 ... ok
test lexical::read::tests::test_analyzer_single_token::case_03 ... ok
test lexical::read::tests::test_analyzer_single_token::case_04 ... ok
test lexical::read::tests::test_analyzer_single_token::case_05 ... ok
test lexical::read::tests::test_analyzer_single_token::case_06 ... ok
test lexical::read::tests::test_analyzer_single_token::case_07 ... ok
test lexical::read::tests::test_analyzer_single_token::case_08 ... ok
test lexical::read::tests::test_analyzer_single_read_error::case_09 ... ok
test lexical::read::tests::test_analyzer_single_token::case_09 ... ok
test lexical::read::tests::test_analyzer_single_token::case_10 ... ok
test lexical::read::tests::test_analyzer_single_read_error::case_11 ... ok
test lexical::read::tests::test_analyzer_single_token::case_11 ... ok
test lexical::read::tests::test_analyzer_single_token::case_12 ... ok
test lexical::read::tests::test_analyzer_single_token::case_13 ... ok
test lexical::read::tests::test_analyzer_single_token::case_14 ... ok
test lexical::read::tests::test_analyzer_single_token::case_15 ... ok
test lexical::read::tests::test_analyzer_single_token::case_16 ... ok
test lexical::read::tests::test_analyzer_single_token::case_17 ... ok
test lexical::read::tests::test_analyzer_single_token::case_18 ... ok
test lexical::read::tests::test_analyzer_single_token::case_19 ... ok
test lexical::read::tests::test_analyzer_single_token::case_22 ... ok
test lexical::read::tests::test_analyzer_single_token::case_20 ... ok
test lexical::read::tests::test_analyzer_single_token::case_24 ... ok
test lexical::read::tests::test_analyzer_single_token::case_25 ... ok
test lexical::read::tests::test_analyzer_single_token::case_26 ... ok
test lexical::read::tests::test_analyzer_single_token::case_27 ... ok
test lexical::read::tests::test_analyzer_single_token::case_28 ... ok
test lexical::read::tests::test_analyzer_single_token::case_29 ... ok
test lexical::read::tests::test_analyzer_single_token::case_30 ... ok
test lexical::read::tests::test_analyzer_single_token::case_32 ... ok
test lexical::read::tests::test_analyzer_single_token::case_31 ... ok
test lexical::read::tests::test_analyzer_single_token::case_34 ... ok
test lexical::read::tests::test_analyzer_single_token::case_33 ... ok
test lexical::read::tests::test_analyzer_single_token::case_35 ... ok
test lexical::read::tests::test_analyzer_single_token::case_21 ... ok
test lexical::read::tests::test_analyzer_single_token::case_37 ... ok
test lexical::read::tests::test_analyzer_single_token::case_23 ... ok
test lexical::read::tests::test_analyzer_single_token::case_36 ... ok
test lexical::read::tests::test_analyzer_single_token::case_38 ... ok
test lexical::read::tests::test_analyzer_single_token::case_39 ... ok
test lexical::read::tests::test_analyzer_single_token::case_41 ... ok
test lexical::read::tests::test_analyzer_single_token::case_43 ... ok
test lexical::read::tests::test_analyzer_single_token::case_44 ... ok
test lexical::read::tests::test_analyzer_single_token::case_45 ... ok
test lexical::read::tests::test_analyzer_single_token::case_46 ... ok
test lexical::read::tests::test_analyzer_single_token::case_47 ... ok
test lexical::read::tests::test_analyzer_single_token::case_48 ... ok
test lexical::read::tests::test_analyzer_single_token::case_50 ... ok
test lexical::read::tests::test_analyzer_single_token::case_49 ... ok
test lexical::read::tests::test_analyzer_single_token::case_52 ... ok
test lexical::read::tests::test_analyzer_single_token::case_53 ... ok
test lexical::read::tests::test_analyzer_single_token::case_40 ... ok
test lexical::read::tests::test_analyzer_single_token::case_54 ... ok
test lexical::read::tests::test_analyzer_single_token::case_51 ... ok
test lexical::read::tests::test_analyzer_single_token::case_42 ... ok
test lexical::read::tests::test_analyzer_single_token::case_57 ... ok
test lexical::read::tests::test_analyzer_single_token::case_55 ... ok
test lexical::read::tests::test_analyzer_single_token::case_56 ... ok
test lexical::read::tests::test_analyzer_single_token::case_59 ... ok
test lexical::read::tests::test_analyzer_single_token::case_62 ... ok
test lexical::read::tests::test_analyzer_single_token::case_61 ... ok
test lexical::read::tests::test_analyzer_single_token::case_58 ... ok
test lexical::read::tests::test_analyzer_single_token::case_65 ... ok
test lexical::read::tests::test_analyzer_single_token::case_64 ... ok
test lexical::read::tests::test_analyzer_single_token::case_60 ... ok
test lexical::read::tests::test_analyzer_single_token::case_63 ... ok
test lexical::read::tests::test_analyzer_single_token::case_66 ... ok
test lexical::read::tests::test_analyzer_single_token::case_67 ... ok
test lexical::read::tests::test_analyzer_single_token::case_69 ... ok
test lexical::read::tests::test_analyzer_single_token::case_68 ... ok
test lexical::read::tests::test_analyzer_single_token::case_70 ... ok
test lexical::read::tests::test_analyzer_single_token::case_71 ... ok
test lexical::read::tests::test_analyzer_single_token::case_72 ... ok
test lexical::read::tests::test_analyzer_single_token::case_73 ... ok
test lexical::read::tests::test_analyzer_single_token::case_76 ... ok
test lexical::read::tests::test_analyzer_single_token::case_74 ... ok
test lexical::read::tests::test_analyzer_single_token::case_79 ... ok
test lexical::read::tests::test_analyzer_single_token::case_75 ... ok
test lexical::read::tests::test_analyzer_single_token::case_77 ... ok
test lexical::read::tests::test_analyzer_single_token::case_78 ... ok
test lexical::read::tests::test_analyzer_single_token::case_80 ... ok
test lexical::read::tests::test_analyzer_single_token::case_81 ... ok
test lexical::read::tests::test_analyzer_single_token::case_83 ... ok
test lexical::read::tests::test_analyzer_single_token::case_86 ... ok
test lexical::read::tests::test_analyzer_single_token::case_88 ... ok
test lexical::read::tests::test_analyzer_single_token::case_89 ... ok
test lexical::read::tests::test_analyzer_single_token::case_84 ... ok
test lexical::read::tests::test_analyzer_single_token::case_85 ... ok
test lexical::read::tests::test_analyzer_single_token::case_87 ... ok
test lexical::read::tests::test_analyzer_single_token::case_90 ... ok
test lexical::read::tests::test_analyzer_single_token::case_91 ... ok
test lexical::read::tests::test_analyzer_single_token::case_82 ... ok
test lexical::read::tests::test_analyzer_single_token::case_92 ... ok
test lexical::read::tests::test_analyzer_single_token::case_93 ... ok
test lexical::read::tests::test_analyzer_single_token::case_94 ... ok
test lexical::read::tests::test_analyzer_single_token_panic_no_err::case_01 - should panic ... ok
test lexical::read::tests::test_analyzer_single_token_panic_no_err::case_02 - should panic ... ok
test lexical::read::tests::test_analyzer_single_token::case_95 ... ok
test lexical::read::tests::test_analyzer_single_token_panic_no_err::case_03 - should panic ... ok
test lexical::read::tests::test_analyzer_single_token_panic_no_err::case_04 - should panic ... ok
test lexical::read::tests::test_analyzer_single_token_panic_no_err::case_05 - should panic ... ok
test lexical::read::tests::test_analyzer_single_token_panic_no_err::case_06 - should panic ... ok
test lexical::read::tests::test_analyzer_single_token_panic_no_err::case_07 - should panic ... ok
test lexical::read::tests::test_analyzer_single_token_panic_no_err::case_08 - should panic ... ok
test lexical::read::tests::test_analyzer_single_token_panic_no_err::case_09 - should panic ... ok
test lexical::read::tests::test_analyzer_single_token_panic_no_err::case_10 - should panic ... ok
test lexical::read::tests::test_analyzer_single_token_panic_no_err::case_11 - should panic ... ok
test lexical::read::tests::test_analyzer_single_token_panic_no_err::case_12 - should panic ... ok
test lexical::read::tests::test_bufs_new_reset ... ok
test lexical::read::tests::test_analyzer_smoke::case_4 ... ok
test lexical::read::tests::test_analyzer_smoke::case_3 ... ok
test lexical::read::tests::test_analyzer_smoke::case_2 ... ok
test lexical::read::tests::test_analyzer_smoke::case_6 ... ok
test lexical::read::tests::test_analyzer_smoke::case_5 ... ok
test lexical::read::tests::test_bufs_new_panic - should panic ... ok
test lexical::read::tests::test_bufs_read_empty ... ok
test lexical::read::tests::test_analyzer_smoke::case_1 ... ok
test lexical::read::tests::test_bufs_read_error ... ok
test lexical::read::tests::test_bufs_read_to_end::case_1 ... ok
test lexical::read::tests::test_bufs_read_to_end::case_2 ... ok
test lexical::read::tests::test_bufs_read_to_end::case_3 ... ok
test lexical::read::tests::test_bufs_read_to_end::case_4 ... ok
test lexical::read::tests::test_bufs_read_too_much - should panic ... ok
test lexical::read::tests::test_content::case_01 ... ok
test lexical::read::tests::test_content::case_02 ... ok
test lexical::read::tests::test_content::case_03 ... ok
test lexical::read::tests::test_content::case_04 ... ok
test lexical::read::tests::test_content::case_06 ... ok
test lexical::read::tests::test_content::case_07 ... ok
test lexical::read::tests::test_content::case_08 ... ok
test lexical::read::tests::test_content::case_09 ... ok
test lexical::read::tests::test_content::case_10 ... ok
test lexical::read::tests::test_content::case_11 ... ok
test lexical::read::tests::test_content::case_12 ... ok
test lexical::read::tests::test_content::case_13 ... ok
test lexical::read::tests::test_content::case_14 ... ok
test lexical::read::tests::test_content::case_15 ... ok
test lexical::read::tests::test_content::case_16 ... ok
test lexical::read::tests::test_content::case_17 ... ok
test lexical::read::tests::test_error::case_1 ... ok
test lexical::read::tests::test_error::case_2 ... ok
test lexical::read::tests::test_inner_literal_len::case_01 ... ok
test lexical::read::tests::test_inner_literal_len::case_02 ... ok
test lexical::read::tests::test_inner_literal_len::case_03 ... ok
test lexical::read::tests::test_inner_literal_len::case_04 ... ok
test lexical::read::tests::test_inner_literal_len::case_05 ... ok
test lexical::read::tests::test_inner_literal_len::case_06 ... ok
test lexical::read::tests::test_inner_literal_len::case_07 ... ok
test lexical::read::tests::test_content::case_05 ... ok
test lexical::read::tests::test_inner_literal_len::case_08 ... ok
test lexical::read::tests::test_inner_literal_len::case_09 ... ok
test lexical::read::tests::test_inner_literal_len::case_10 ... ok
test lexical::read::tests::test_inner_literal_len::case_11 ... ok
test lexical::read::tests::test_inner_literal_len::case_12 ... ok
test lexical::read::tests::test_inner_literal_len::case_13 ... ok
test lexical::read::tests::test_inner_literal_len::case_14 ... ok
test lexical::read::tests::test_inner_literal_len::case_15 ... ok
test lexical::read::tests::test_inner_literal_len::case_16 ... ok
test lexical::read::tests::test_inner_literal_len::case_17 ... ok
test lexical::read::tests::test_inner_literal_len::case_18 ... ok
test lexical::read::tests::test_inner_literal_len::case_19 ... ok
test lexical::read::tests::test_inner_literal_repr_split ... ok
test lexical::read::tests::test_inner_literal_repr_together::case_1 ... ok
test lexical::read::tests::test_inner_literal_repr_together::case_2 ... ok
test lexical::read::tests::test_inner_literal_repr_together::case_3 ... ok
test lexical::read::tests::test_inner_literal_repr_together::case_4 ... ok
test lexical::read::tests::test_inner_literal_repr_together::case_5 ... ok
test lexical::read::tests::test_inner_literal_repr_together::case_6 ... ok
test lexical::read::tests::test_inner_literal_repr_together::case_7 ... ok
test lexical::read::tests::test_literal_buf_advance_panic::case_1 - should panic ... ok
test lexical::read::tests::test_literal_buf_advance_panic::case_2 - should panic ... ok
test lexical::read::tests::test_literal_buf_advance_panic::case_3 - should panic ... ok
test lexical::read::tests::test_literal_buf_advance_panic::case_4 - should panic ... ok
test lexical::read::tests::test_literal_buf_advance_panic::case_5 - should panic ... ok
test lexical::read::tests::test_literal_buf_advance_panic::case_6 - should panic ... ok
test lexical::read::tests::test_literal_buf_advance_panic::case_7 - should panic ... ok
test lexical::read::tests::test_literal_buf_advance_panic::case_8 - should panic ... ok
test lexical::read::tests::test_literal_buf_advance_panic::case_9 - should panic ... ok
test lexical::read::tests::test_literal_buf_copy_to_slice_panic::case_1 - should panic ... ok
test lexical::read::tests::test_literal_buf_copy_to_slice_panic::case_2 - should panic ... ok
test lexical::read::tests::test_literal_buf_copy_to_slice_panic::case_3 - should panic ... ok
test lexical::read::tests::test_literal_buf_copy_to_slice_panic::case_4 - should panic ... ok
test lexical::read::tests::test_literal_buf_copy_to_slice_panic::case_5 - should panic ... ok
test lexical::read::tests::test_literal_buf_copy_to_slice_panic::case_6 - should panic ... ok
test lexical::read::tests::test_literal_buf_copy_to_slice_panic::case_7 - should panic ... ok
test lexical::read::tests::test_literal_buf_copy_to_slice_panic::case_8 - should panic ... ok
test lexical::read::tests::test_literal_buf_copy_to_slice_panic::case_9 - should panic ... ok
test lexical::read::tests::test_literal_convert::case_01 ... ok
test lexical::read::tests::test_literal_convert::case_02 ... ok
test lexical::read::tests::test_literal_convert::case_03 ... ok
test lexical::read::tests::test_literal_convert::case_04 ... ok
test lexical::read::tests::test_literal_convert::case_05 ... ok
test lexical::read::tests::test_literal_convert::case_06 ... ok
test lexical::read::tests::test_literal_convert::case_07 ... ok
test lexical::read::tests::test_literal_convert::case_08 ... ok
test lexical::read::tests::test_literal_convert::case_09 ... ok
test lexical::read::tests::test_literal_convert::case_10 ... ok
test lexical::read::tests::test_literal_convert::case_11 ... ok
test lexical::read::tests::test_literal_convert::case_12 ... ok
test lexical::read::tests::test_literal_convert::case_13 ... ok
test lexical::read::tests::test_literal_compare ... ok
test lexical::read::tests::test_literal_convert::case_14 ... ok
test lexical::read::tests::test_literal_convert::case_15 ... ok
test lexical::read::tests::test_literal_convert::case_16 ... ok
test lexical::read::tests::test_literal_convert::case_17 ... ok
test lexical::read::tests::test_multiref_buf_advance_ok::case_01 ... ok
test lexical::read::tests::test_multiref_buf_advance_ok::case_02 ... ok
test lexical::read::tests::test_multiref_buf_advance_ok::case_03 ... ok
test lexical::read::tests::test_multiref_buf_advance_ok::case_04 ... ok
test lexical::read::tests::test_multiref_buf_advance_ok::case_05 ... ok
test lexical::read::tests::test_multiref_buf_advance_ok::case_06 ... ok
test lexical::read::tests::test_multiref_buf_advance_ok::case_07 ... ok
test lexical::read::tests::test_multiref_buf_advance_ok::case_08 ... ok
test lexical::read::tests::test_multiref_buf_advance_ok::case_09 ... ok
test lexical::read::tests::test_multiref_buf_advance_ok::case_10 ... ok
test lexical::read::tests::test_multiref_buf_advance_ok::case_11 ... ok
test lexical::read::tests::test_multiref_buf_advance_ok::case_12 ... ok
test lexical::read::tests::test_multiref_buf_advance_ok::case_13 ... ok
test lexical::read::tests::test_multiref_buf_advance_ok::case_14 ... ok
test lexical::read::tests::test_multiref_buf_advance_ok::case_15 ... ok
test lexical::read::tests::test_multiref_buf_advance_ok::case_16 ... ok
test lexical::read::tests::test_multiref_buf_advance_ok::case_17 ... ok
test lexical::read::tests::test_multiref_buf_advance_panic::case_1 - should panic ... ok
test lexical::read::tests::test_multiref_buf_advance_panic::case_2 - should panic ... ok
test lexical::read::tests::test_multiref_buf_advance_panic::case_3 - should panic ... ok
test lexical::read::tests::test_multiref_buf_advance_panic::case_4 - should panic ... ok
test lexical::read::tests::test_multiref_buf_advance_panic::case_5 - should panic ... ok
test lexical::read::tests::test_multiref_copy_to_slice_blarg ... ok
test lexical::read::tests::test_multiref_copy_to_slice_full_buf ... ok
test lexical::read::tests::test_multiref_copy_to_slice_partial_buf ... ok
test lexical::read::tests::test_multiref_copy_to_slice_underflow_panic - should panic ... ok
test lexical::read::tests::test_uniref_buf_advance_ok::case_01 ... ok
test lexical::read::tests::test_uniref_buf_advance_ok::case_02 ... ok
test lexical::read::tests::test_uniref_buf_advance_ok::case_03 ... ok
test lexical::read::tests::test_uniref_buf_advance_ok::case_04 ... ok
test lexical::read::tests::test_uniref_buf_advance_ok::case_05 ... ok
test lexical::read::tests::test_uniref_buf_advance_ok::case_06 ... ok
test lexical::read::tests::test_uniref_buf_advance_ok::case_07 ... ok
test lexical::read::tests::test_uniref_buf_advance_ok::case_08 ... ok
test lexical::read::tests::test_uniref_buf_advance_ok::case_09 ... ok
test lexical::read::tests::test_uniref_buf_advance_ok::case_10 ... ok
test lexical::read::tests::test_uniref_buf_advance_ok::case_11 ... ok
test lexical::read::tests::test_uniref_buf_advance_ok::case_12 ... ok
test lexical::read::tests::test_uniref_buf_advance_ok::case_13 ... ok
test lexical::read::tests::test_uniref_buf_advance_ok::case_14 ... ok
test lexical::read::tests::test_uniref_buf_advance_panic - should panic ... ok
test lexical::read::tests::test_uniref_buf_chunk::case_1 ... ok
test lexical::read::tests::test_uniref_buf_chunk::case_2 ... ok
test lexical::read::tests::test_uniref_buf_chunk::case_3 ... ok
test lexical::read::tests::test_uniref_buf_chunk::case_4 ... ok
test lexical::read::tests::test_uniref_buf_chunk::case_5 ... ok
test lexical::read::tests::test_uniref_buf_remaining::case_1 ... ok
test lexical::read::tests::test_uniref_buf_remaining::case_2 ... ok
test lexical::read::tests::test_uniref_buf_remaining::case_3 ... ok
test lexical::read::tests::test_uniref_buf_try_copy_to_slice_err::case_1 ... ok
test lexical::read::tests::test_uniref_buf_try_copy_to_slice_err::case_2 ... ok
test lexical::read::tests::test_uniref_buf_try_copy_to_slice_err::case_3 ... ok
test lexical::read::tests::test_uniref_buf_try_copy_to_slice_err::case_4 ... ok
test lexical::read::tests::test_uniref_buf_try_copy_to_slice_err::case_5 ... ok
test lexical::read::tests::test_uniref_buf_try_copy_to_slice_ok::case_01 ... ok
test lexical::read::tests::test_uniref_buf_try_copy_to_slice_ok::case_02 ... ok
test lexical::read::tests::test_uniref_buf_try_copy_to_slice_ok::case_03 ... ok
test lexical::read::tests::test_uniref_buf_try_copy_to_slice_ok::case_04 ... ok
test lexical::read::tests::test_uniref_buf_try_copy_to_slice_ok::case_05 ... ok
test lexical::read::tests::test_uniref_buf_try_copy_to_slice_ok::case_06 ... ok
test lexical::read::tests::test_uniref_buf_try_copy_to_slice_ok::case_07 ... ok
test lexical::read::tests::test_uniref_buf_try_copy_to_slice_ok::case_08 ... ok
test lexical::read::tests::test_uniref_buf_try_copy_to_slice_ok::case_09 ... ok
test lexical::read::tests::test_uniref_buf_try_copy_to_slice_ok::case_10 ... ok
test lexical::state::tests::test_machine_default ... ok
test lexical::state::tests::test_machine_end_from_start_state ... ok
test lexical::state::tests::test_machine_end_unconsumed_input - should panic ... ok
test lexical::state::tests::test_machine_resume_empty_from_str_esc ... ok
test lexical::state::tests::test_machine_resume_empty_from_str_utf8::case_1_utf821 ... ok
test lexical::state::tests::test_machine_resume_empty_from_str_utf8::case_2_utf831 ... ok
test lexical::state::tests::test_machine_resume_empty_from_str_utf8::case_3_utf841 ... ok
test lexical::state::tests::test_machine_resume_from_empty_buffer ... ok
test lexical::state::tests::test_machine_resume_invalid_state::case_1_end - should panic ... ok
test lexical::state::tests::test_machine_resume_unconsumed_input - should panic ... ok
test lexical::state::tests::test_machine_single_error_bad_escape::case_01 ... ok
test lexical::state::tests::test_machine_single_error_bad_escape::case_02 ... ok
test lexical::state::tests::test_machine_single_error_bad_escape::case_03 ... ok
test lexical::state::tests::test_machine_single_error_bad_escape::case_05 ... ok
test lexical::state::tests::test_machine_single_error_bad_escape::case_04 ... ok
test lexical::state::tests::test_machine_single_error_bad_escape::case_06 ... ok
test lexical::state::tests::test_machine_single_error_bad_escape::case_07 ... ok
test lexical::state::tests::test_machine_single_error_bad_escape::case_08 ... ok
test lexical::state::tests::test_machine_single_error_bad_escape::case_09 ... ok
test lexical::state::tests::test_machine_single_error_bad_escape::case_10 ... ok
test lexical::state::tests::test_machine_single_error_bad_escape::case_11 ... ok
test lexical::state::tests::test_machine_single_error_bad_escape::case_12 ... ok
test lexical::state::tests::test_machine_single_error_bad_escape::case_13 ... ok
test lexical::state::tests::test_machine_single_error_bad_escape::case_14 ... ok
test lexical::state::tests::test_machine_single_error_bad_escape::case_15 ... ok
test lexical::state::tests::test_machine_single_error_bad_escape::case_16 ... ok
test lexical::state::tests::test_machine_single_error_bad_escape::case_17 ... ok
test lexical::state::tests::test_machine_single_error_bad_escape::case_18 ... ok
test lexical::state::tests::test_machine_single_error_bad_escape::case_19 ... ok
test lexical::state::tests::test_machine_single_error_bad_escape::case_20 ... ok
test lexical::state::tests::test_machine_single_error_bad_escape::case_21 ... ok
test lexical::state::tests::test_machine_single_error_bad_escape::case_22 ... ok
test lexical::state::tests::test_machine_single_error_bad_escape::case_23 ... ok
test lexical::state::tests::test_machine_single_error_bad_escape::case_24 ... ok
test lexical::state::tests::test_machine_single_error_bad_escape::case_25 ... ok
test lexical::state::tests::test_machine_single_error_bad_escape::case_26 ... ok
test lexical::state::tests::test_machine_single_error_bad_escape::case_27 ... ok
test lexical::state::tests::test_machine_single_error_bad_escape::case_28 ... ok
test lexical::state::tests::test_machine_single_error_bad_escape::case_29 ... ok
test lexical::state::tests::test_machine_single_error_bad_escape::case_30 ... ok
test lexical::state::tests::test_machine_single_error_bad_escape::case_31 ... ok
test lexical::state::tests::test_machine_single_error_bad_escape::case_32 ... ok
test lexical::state::tests::test_machine_single_error_bad_escape::case_33 ... ok
test lexical::state::tests::test_machine_single_error_bad_escape::case_34 ... ok
test lexical::state::tests::test_machine_single_error_bad_escape::case_35 ... ok
test lexical::state::tests::test_machine_single_error_bad_number::case_001 ... ok
test lexical::state::tests::test_machine_single_error_bad_number::case_002 ... ok
test lexical::state::tests::test_machine_single_error_bad_number::case_003 ... ok
test lexical::state::tests::test_machine_single_error_bad_number::case_004 ... ok
test lexical::state::tests::test_machine_single_error_bad_number::case_005 ... ok
test lexical::state::tests::test_machine_single_error_bad_number::case_006 ... ok
test lexical::state::tests::test_machine_single_error_bad_number::case_007 ... ok
test lexical::state::tests::test_machine_single_error_bad_number::case_008 ... ok
test lexical::state::tests::test_machine_single_error_bad_number::case_009 ... ok
test lexical::state::tests::test_machine_single_error_bad_number::case_010 ... ok
test lexical::state::tests::test_machine_single_error_bad_number::case_011 ... ok
test lexical::state::tests::test_machine_single_error_bad_number::case_012 ... ok
test lexical::state::tests::test_machine_single_error_bad_number::case_013 ... ok
test lexical::state::tests::test_machine_single_error_bad_number::case_014 ... ok
test lexical::state::tests::test_machine_single_error_bad_number::case_015 ... ok
test lexical::state::tests::test_machine_single_error_bad_number::case_016 ... ok
test lexical::state::tests::test_machine_single_error_bad_number::case_017 ... ok
test lexical::state::tests::test_machine_single_error_bad_number::case_018 ... ok
test lexical::state::tests::test_machine_single_error_bad_number::case_019 ... ok
test lexical::state::tests::test_machine_single_error_bad_number::case_020 ... ok
test lexical::state::tests::test_machine_single_error_bad_number::case_021 ... ok
test lexical::state::tests::test_machine_single_error_bad_number::case_022 ... ok
test lexical::state::tests::test_machine_single_error_bad_number::case_023 ... ok
test lexical::state::tests::test_machine_single_error_bad_number::case_024 ... ok
test lexical::state::tests::test_machine_single_error_bad_number::case_025 ... ok
test lexical::state::tests::test_machine_single_error_bad_number::case_026 ... ok
test lexical::state::tests::test_machine_single_error_bad_number::case_027 ... ok
test lexical::state::tests::test_machine_single_error_bad_number::case_028 ... ok
test lexical::state::tests::test_machine_single_error_bad_number::case_029 ... ok
test lexical::state::tests::test_machine_single_error_bad_number::case_030 ... ok
test lexical::state::tests::test_machine_single_error_bad_number::case_031 ... ok
test lexical::state::tests::test_machine_single_error_bad_number::case_032 ... ok
test lexical::state::tests::test_machine_single_error_bad_number::case_033 ... ok
test lexical::state::tests::test_machine_single_error_bad_number::case_034 ... ok
test lexical::state::tests::test_machine_single_error_bad_number::case_035 ... ok
test lexical::state::tests::test_machine_single_error_bad_number::case_036 ... ok
test lexical::state::tests::test_machine_single_error_bad_number::case_037 ... ok
test lexical::state::tests::test_machine_single_error_bad_number::case_038 ... ok
test lexical::state::tests::test_machine_single_error_bad_number::case_039 ... ok
test lexical::state::tests::test_machine_single_error_bad_number::case_040 ... ok
test lexical::state::tests::test_machine_single_error_bad_number::case_041 ... ok
test lexical::state::tests::test_machine_single_error_bad_number::case_042 ... ok
test lexical::state::tests::test_machine_single_error_bad_number::case_043 ... ok
test lexical::state::tests::test_machine_single_error_bad_number::case_044 ... ok
test lexical::state::tests::test_machine_single_error_bad_number::case_045 ... ok
test lexical::state::tests::test_machine_single_error_bad_number::case_046 ... ok
test lexical::state::tests::test_machine_single_error_bad_number::case_047 ... ok
test lexical::state::tests::test_machine_single_error_bad_number::case_048 ... ok
test lexical::state::tests::test_machine_single_error_bad_number::case_049 ... ok
test lexical::state::tests::test_machine_single_error_bad_number::case_050 ... ok
test lexical::state::tests::test_machine_single_error_bad_number::case_051 ... ok
test lexical::state::tests::test_machine_single_error_bad_number::case_052 ... ok
test lexical::state::tests::test_machine_single_error_bad_number::case_053 ... ok
test lexical::state::tests::test_machine_single_error_bad_number::case_054 ... ok
test lexical::state::tests::test_machine_single_error_bad_number::case_055 ... ok
test lexical::state::tests::test_machine_single_error_bad_number::case_056 ... ok
test lexical::state::tests::test_machine_single_error_bad_number::case_058 ... ok
test lexical::state::tests::test_machine_single_error_bad_number::case_059 ... ok
test lexical::state::tests::test_machine_single_error_bad_number::case_057 ... ok
test lexical::state::tests::test_machine_single_error_bad_number::case_060 ... ok
test lexical::state::tests::test_machine_single_error_bad_number::case_061 ... ok
test lexical::state::tests::test_machine_single_error_bad_number::case_062 ... ok
test lexical::state::tests::test_machine_single_error_bad_number::case_063 ... ok
test lexical::state::tests::test_machine_single_error_bad_number::case_064 ... ok
test lexical::state::tests::test_machine_single_error_bad_number::case_065 ... ok
test lexical::state::tests::test_machine_single_error_bad_number::case_066 ... ok
test lexical::state::tests::test_machine_single_error_bad_number::case_067 ... ok
test lexical::state::tests::test_machine_single_error_bad_number::case_068 ... ok
test lexical::state::tests::test_machine_single_error_bad_number::case_069 ... ok
test lexical::state::tests::test_machine_single_error_bad_number::case_070 ... ok
test lexical::state::tests::test_machine_single_error_bad_number::case_071 ... ok
test lexical::state::tests::test_machine_single_error_bad_number::case_073 ... ok
test lexical::state::tests::test_machine_single_error_bad_number::case_074 ... ok
test lexical::state::tests::test_machine_single_error_bad_number::case_072 ... ok
test lexical::state::tests::test_machine_single_error_bad_number::case_075 ... ok
test lexical::state::tests::test_machine_single_error_bad_number::case_076 ... ok
test lexical::state::tests::test_machine_single_error_bad_number::case_077 ... ok
test lexical::state::tests::test_machine_single_error_bad_number::case_078 ... ok
test lexical::state::tests::test_machine_single_error_bad_number::case_079 ... ok
test lexical::state::tests::test_machine_single_error_bad_number::case_080 ... ok
test lexical::state::tests::test_machine_single_error_bad_number::case_081 ... ok
test lexical::state::tests::test_machine_single_error_bad_number::case_082 ... ok
test lexical::state::tests::test_machine_single_error_bad_number::case_083 ... ok
test lexical::state::tests::test_machine_single_error_bad_number::case_084 ... ok
test lexical::state::tests::test_machine_single_error_bad_number::case_085 ... ok
test lexical::state::tests::test_machine_single_error_bad_number::case_086 ... ok
test lexical::state::tests::test_machine_single_error_bad_number::case_087 ... ok
test lexical::state::tests::test_machine_single_error_bad_number::case_088 ... ok
test lexical::state::tests::test_machine_single_error_bad_number::case_089 ... ok
test lexical::state::tests::test_machine_single_error_bad_number::case_090 ... ok
test lexical::state::tests::test_machine_single_error_bad_number::case_091 ... ok
test lexical::state::tests::test_machine_single_error_bad_number::case_092 ... ok
test lexical::state::tests::test_machine_single_error_bad_number::case_093 ... ok
test lexical::state::tests::test_machine_single_error_bad_number::case_094 ... ok
test lexical::state::tests::test_machine_single_error_bad_number::case_095 ... ok
test lexical::state::tests::test_machine_single_error_bad_number::case_096 ... ok
test lexical::state::tests::test_machine_single_error_bad_number::case_097 ... ok
test lexical::state::tests::test_machine_single_error_bad_number::case_098 ... ok
test lexical::state::tests::test_machine_single_error_bad_number::case_099 ... ok
test lexical::state::tests::test_machine_single_error_bad_number::case_100 ... ok
test lexical::state::tests::test_machine_single_error_bad_number::case_101 ... ok
test lexical::state::tests::test_machine_single_error_bad_number::case_102 ... ok
test lexical::state::tests::test_machine_single_error_bad_number::case_103 ... ok
test lexical::state::tests::test_machine_single_error_bad_number::case_105 ... ok
test lexical::state::tests::test_machine_single_error_bad_number::case_106 ... ok
test lexical::state::tests::test_machine_single_error_bad_number::case_104 ... ok
test lexical::state::tests::test_machine_single_error_bad_number::case_107 ... ok
test lexical::state::tests::test_machine_single_error_bad_number::case_108 ... ok
test lexical::state::tests::test_machine_single_error_bad_number::case_109 ... ok
test lexical::state::tests::test_machine_single_error_bad_number::case_110 ... ok
test lexical::state::tests::test_machine_single_error_bad_number::case_111 ... ok
test lexical::state::tests::test_machine_single_error_bad_number::case_113 ... ok
test lexical::state::tests::test_machine_single_error_bad_number::case_112 ... ok
test lexical::state::tests::test_machine_single_error_bad_number::case_114 ... ok
test lexical::state::tests::test_machine_single_error_bad_number::case_115 ... ok
test lexical::state::tests::test_machine_single_error_bad_number::case_116 ... ok
test lexical::state::tests::test_machine_single_error_bad_number::case_117 ... ok
test lexical::state::tests::test_machine_single_error_bad_number::case_118 ... ok
test lexical::state::tests::test_machine_single_error_bad_number::case_119 ... ok
test lexical::state::tests::test_machine_single_error_bad_number::case_120 ... ok
test lexical::state::tests::test_machine_single_error_bad_number::case_121 ... ok
test lexical::state::tests::test_machine_single_error_bad_number::case_122 ... ok
test lexical::state::tests::test_machine_single_error_bad_number::case_123 ... ok
test lexical::state::tests::test_machine_single_error_bad_number::case_124 ... ok
test lexical::state::tests::test_machine_single_error_bad_number::case_125 ... ok
test lexical::state::tests::test_machine_single_error_bad_number::case_126 ... ok
test lexical::state::tests::test_machine_single_error_bad_number::case_127 ... ok
test lexical::state::tests::test_machine_single_error_bad_number::case_128 ... ok
test lexical::state::tests::test_machine_single_error_bad_number::case_129 ... ok
test lexical::state::tests::test_machine_single_error_bad_number::case_130 ... ok
test lexical::state::tests::test_machine_single_error_bad_number::case_131 ... ok
test lexical::state::tests::test_machine_single_error_bad_number::case_132 ... ok
test lexical::state::tests::test_machine_single_error_bad_number::case_133 ... ok
test lexical::state::tests::test_machine_single_error_bad_number::case_134 ... ok
test lexical::state::tests::test_machine_single_error_bad_number::case_135 ... ok
test lexical::state::tests::test_machine_single_error_bad_number::case_136 ... ok
test lexical::state::tests::test_machine_single_error_bad_number::case_137 ... ok
test lexical::state::tests::test_machine_single_error_bad_number::case_138 ... ok
test lexical::state::tests::test_machine_single_error_bad_number::case_139 ... ok
test lexical::state::tests::test_machine_single_error_bad_number::case_140 ... ok
test lexical::state::tests::test_machine_single_error_bad_number::case_141 ... ok
test lexical::state::tests::test_machine_single_error_bad_number::case_142 ... ok
test lexical::state::tests::test_machine_single_error_bad_surrogate::case_01 ... ok
test lexical::state::tests::test_machine_single_error_bad_surrogate::case_03 ... ok
test lexical::state::tests::test_machine_single_error_bad_number::case_143 ... ok
test lexical::state::tests::test_machine_single_error_bad_surrogate::case_02 ... ok
test lexical::state::tests::test_machine_single_error_bad_surrogate::case_04 ... ok
test lexical::state::tests::test_machine_single_error_bad_surrogate::case_05 ... ok
test lexical::state::tests::test_machine_single_error_bad_surrogate::case_06 ... ok
test lexical::state::tests::test_machine_single_error_bad_surrogate::case_07 ... ok
test lexical::state::tests::test_machine_single_error_bad_surrogate::case_08 ... ok
test lexical::state::tests::test_machine_single_error_bad_surrogate::case_09 ... ok
test lexical::state::tests::test_machine_single_error_bad_surrogate::case_10 ... ok
test lexical::state::tests::test_machine_single_error_bad_surrogate::case_11 ... ok
test lexical::state::tests::test_machine_single_error_bad_surrogate::case_12 ... ok
test lexical::state::tests::test_machine_single_error_bad_surrogate::case_13 ... ok
test lexical::state::tests::test_machine_single_error_bad_surrogate::case_14 ... ok
test lexical::state::tests::test_machine_single_error_bad_surrogate::case_15 ... ok
test lexical::state::tests::test_machine_single_error_bad_surrogate::case_16 ... ok
test lexical::state::tests::test_machine_single_error_bad_surrogate::case_17 ... ok
test lexical::state::tests::test_machine_single_error_bad_surrogate::case_18 ... ok
test lexical::state::tests::test_machine_single_error_bad_surrogate::case_19 ... ok
test lexical::state::tests::test_machine_single_error_bad_surrogate::case_20 ... ok
test lexical::state::tests::test_machine_single_error_bad_surrogate::case_21 ... ok
test lexical::state::tests::test_machine_single_error_bad_surrogate::case_22 ... ok
test lexical::state::tests::test_machine_single_error_bad_surrogate::case_23 ... ok
test lexical::state::tests::test_machine_single_error_bad_surrogate::case_24 ... ok
test lexical::state::tests::test_machine_single_error_bad_utf8_cont_byte::case_01 ... ok
test lexical::state::tests::test_machine_single_error_bad_utf8_cont_byte::case_02 ... ok
test lexical::state::tests::test_machine_single_error_bad_utf8_cont_byte::case_03 ... ok
test lexical::state::tests::test_machine_single_error_bad_utf8_cont_byte::case_04 ... ok
test lexical::state::tests::test_machine_single_error_bad_utf8_cont_byte::case_05 ... ok
test lexical::state::tests::test_machine_single_error_bad_utf8_cont_byte::case_06 ... ok
test lexical::state::tests::test_machine_single_error_bad_utf8_cont_byte::case_07 ... ok
test lexical::state::tests::test_machine_single_error_bad_utf8_cont_byte::case_08 ... ok
test lexical::state::tests::test_machine_single_error_bad_utf8_cont_byte::case_09 ... ok
test lexical::state::tests::test_machine_single_error_bad_utf8_cont_byte::case_10 ... ok
test lexical::state::tests::test_machine_single_error_bad_utf8_cont_byte::case_11 ... ok
test lexical::state::tests::test_machine_single_error_bad_utf8_cont_byte::case_12 ... ok
test lexical::state::tests::test_machine_single_error_bad_utf8_cont_byte::case_13 ... ok
test lexical::state::tests::test_machine_single_error_bad_utf8_cont_byte::case_14 ... ok
test lexical::state::tests::test_machine_single_error_bad_utf8_cont_byte::case_15 ... ok
test lexical::state::tests::test_machine_single_error_bad_utf8_cont_byte::case_16 ... ok
test lexical::state::tests::test_machine_single_error_bad_utf8_cont_byte::case_17 ... ok
test lexical::state::tests::test_machine_single_error_bad_utf8_cont_byte::case_18 ... ok
test lexical::state::tests::test_machine_single_error_bad_utf8_cont_byte::case_19 ... ok
test lexical::state::tests::test_machine_single_error_bad_utf8_cont_byte::case_20 ... ok
test lexical::state::tests::test_machine_single_error_bad_utf8_cont_byte::case_21 ... ok
test lexical::state::tests::test_machine_single_error_bad_utf8_cont_byte::case_22 ... ok
test lexical::state::tests::test_machine_single_error_bad_utf8_cont_byte::case_23 ... ok
test lexical::state::tests::test_machine_single_error_bad_utf8_cont_byte::case_24 ... ok
test lexical::state::tests::test_machine_single_error_bad_utf8_cont_byte::case_25 ... ok
test lexical::state::tests::test_machine_single_error_bad_utf8_cont_byte::case_26 ... ok
test lexical::state::tests::test_machine_single_error_bad_utf8_cont_byte::case_27 ... ok
test lexical::state::tests::test_machine_single_error_bad_utf8_cont_byte::case_29 ... ok
test lexical::state::tests::test_machine_single_error_bad_utf8_cont_byte::case_30 ... ok
test lexical::state::tests::test_machine_single_error_bad_utf8_cont_byte::case_31 ... ok
test lexical::state::tests::test_machine_single_error_bad_utf8_cont_byte::case_28 ... ok
test lexical::state::tests::test_machine_single_error_control_char::case_02_soh ... ok
test lexical::state::tests::test_machine_single_error_control_char::case_03_stx ... ok
test lexical::state::tests::test_machine_single_error_control_char::case_01_nul ... ok
test lexical::state::tests::test_machine_single_error_control_char::case_04_etx ... ok
test lexical::state::tests::test_machine_single_error_control_char::case_05_eot ... ok
test lexical::state::tests::test_machine_single_error_control_char::case_07_ack ... ok
test lexical::state::tests::test_machine_single_error_control_char::case_08_bel ... ok
test lexical::state::tests::test_machine_single_error_control_char::case_06_enq ... ok
test lexical::state::tests::test_machine_single_error_control_char::case_09_bs ... ok
test lexical::state::tests::test_machine_single_error_control_char::case_10_ht ... ok
test lexical::state::tests::test_machine_single_error_control_char::case_12_vt ... ok
test lexical::state::tests::test_machine_single_error_control_char::case_11_lf ... ok
test lexical::state::tests::test_machine_single_error_control_char::case_15_so ... ok
test lexical::state::tests::test_machine_single_error_control_char::case_13_ff ... ok
test lexical::state::tests::test_machine_single_error_control_char::case_16_si ... ok
test lexical::state::tests::test_machine_single_error_control_char::case_14_cr ... ok
test lexical::state::tests::test_machine_single_error_control_char::case_17_dle ... ok
test lexical::state::tests::test_machine_single_error_control_char::case_19_dc2 ... ok
test lexical::state::tests::test_machine_single_error_control_char::case_18_dc1 ... ok
test lexical::state::tests::test_machine_single_error_control_char::case_20_dc3 ... ok
test lexical::state::tests::test_machine_single_error_control_char::case_21_dc4 ... ok
test lexical::state::tests::test_machine_single_error_control_char::case_22_nak ... ok
test lexical::state::tests::test_machine_single_error_control_char::case_23_syn ... ok
test lexical::state::tests::test_machine_single_error_control_char::case_25_can ... ok
test lexical::state::tests::test_machine_single_error_control_char::case_24_etb ... ok
test lexical::state::tests::test_machine_single_error_control_char::case_26_em ... ok
test lexical::state::tests::test_machine_single_error_control_char::case_27_sub ... ok
test lexical::state::tests::test_machine_single_error_control_char::case_28_esc ... ok
test lexical::state::tests::test_machine_single_error_control_char::case_29_fs ... ok
test lexical::state::tests::test_machine_single_error_control_char::case_30_gs ... ok
test lexical::state::tests::test_machine_single_error_control_char::case_31_rs ... ok
test lexical::state::tests::test_machine_single_error_control_char::case_32_us ... ok
test lexical::state::tests::test_machine_single_error_expect_char::case_01 ... ok
test lexical::state::tests::test_machine_single_error_expect_char::case_03 ... ok
test lexical::state::tests::test_machine_single_error_expect_char::case_05 ... ok
test lexical::state::tests::test_machine_single_error_expect_char::case_06 ... ok
test lexical::state::tests::test_machine_single_error_expect_char::case_07 ... ok
test lexical::state::tests::test_machine_single_token::case_03 ... ok
test lexical::state::tests::test_machine_single_error_expect_char::case_09 ... ok
test lexical::state::tests::test_machine_single_error_expect_char::case_02 ... ok
test lexical::state::tests::test_machine_single_token::case_04 ... ok
test lexical::state::tests::test_machine_single_token::case_06 ... ok
test lexical::state::tests::test_machine_single_error_expect_char::case_10 ... ok
test lexical::state::tests::test_machine_single_token::case_05 ... ok
test lexical::state::tests::test_machine_single_token::case_07 ... ok
test lexical::state::tests::test_machine_single_token::case_01 ... ok
test lexical::state::tests::test_machine_single_error_expect_char::case_08 ... ok
test lexical::state::tests::test_machine_single_token::case_08 ... ok
test lexical::state::tests::test_machine_single_token::case_02 ... ok
test lexical::state::tests::test_machine_single_token::case_09 ... ok
test lexical::state::tests::test_machine_single_token::case_10 ... ok
test lexical::state::tests::test_machine_single_token::case_12 ... ok
test lexical::state::tests::test_machine_single_token::case_11 ... ok
test lexical::state::tests::test_machine_single_error_expect_char::case_04 ... ok
test lexical::state::tests::test_machine_single_token::case_13 ... ok
test lexical::state::tests::test_machine_single_token::case_14 ... ok
test lexical::state::tests::test_machine_single_token::case_15 ... ok
test lexical::state::tests::test_machine_single_token::case_16 ... ok
test lexical::state::tests::test_machine_single_token::case_17 ... ok
test lexical::state::tests::test_machine_single_token::case_18 ... ok
test lexical::state::tests::test_machine_single_token::case_19 ... ok
test lexical::state::tests::test_machine_single_token::case_20 ... ok
test lexical::state::tests::test_machine_single_token::case_21 ... ok
test lexical::state::tests::test_machine_single_token::case_23 ... ok
test lexical::state::tests::test_machine_single_token::case_22 ... ok
test lexical::state::tests::test_machine_single_token::case_24 ... ok
test lexical::state::tests::test_machine_single_token::case_26 ... ok
test lexical::state::tests::test_machine_single_token::case_27 ... ok
test lexical::state::tests::test_machine_single_token::case_28 ... ok
test lexical::state::tests::test_machine_single_token::case_29 ... ok
test lexical::state::tests::test_machine_single_token::case_30 ... ok
test lexical::state::tests::test_machine_single_token::case_31 ... ok
test lexical::state::tests::test_machine_single_token::case_32 ... ok
test lexical::state::tests::test_machine_single_token::case_33 ... ok
test lexical::state::tests::test_machine_single_token::case_34 ... ok
test lexical::state::tests::test_machine_single_token::case_35 ... ok
test lexical::state::tests::test_machine_single_token::case_36 ... ok
test lexical::state::tests::test_machine_single_token::case_37 ... ok
test lexical::state::tests::test_machine_single_token::case_25 ... ok
test lexical::state::tests::test_machine_single_token::case_39 ... ok
test lexical::state::tests::test_machine_single_token::case_40 ... ok
test lexical::state::tests::test_machine_single_token::case_41 ... ok
test lexical::state::tests::test_machine_single_token::case_42 ... ok
test lexical::state::tests::test_machine_single_token::case_43 ... ok
test lexical::state::tests::test_machine_single_token::case_44 ... ok
test lexical::state::tests::test_machine_single_token::case_45 ... ok
test lexical::state::tests::test_machine_single_token::case_46 ... ok
test lexical::state::tests::test_machine_single_token::case_47 ... ok
test lexical::state::tests::test_machine_single_token::case_48 ... ok
test lexical::state::tests::test_machine_single_token::case_49 ... ok
test lexical::state::tests::test_machine_single_token::case_50 ... ok
test lexical::state::tests::test_machine_single_token::case_51 ... ok
test lexical::state::tests::test_machine_single_token::case_52 ... ok
test lexical::state::tests::test_machine_single_token::case_38 ... ok
test lexical::state::tests::test_machine_single_token::case_53 ... ok
test lexical::state::tests::test_machine_single_token::case_54 ... ok
test lexical::state::tests::test_machine_single_token::case_55 ... ok
test lexical::state::tests::test_machine_single_token::case_56 ... ok
test lexical::state::tests::test_machine_single_token::case_57 ... ok
test lexical::state::tests::test_machine_single_token::case_58 ... ok
test lexical::state::tests::test_machine_single_token::case_59 ... ok
test lexical::state::tests::test_machine_single_token::case_60 ... ok
test lexical::state::tests::test_machine_single_token::case_61 ... ok
test lexical::state::tests::test_machine_single_token::case_62 ... ok
test lexical::state::tests::test_machine_single_token::case_63 ... ok
test lexical::state::tests::test_machine_single_token::case_64 ... ok
test lexical::state::tests::test_machine_single_token::case_65 ... ok
test lexical::state::tests::test_machine_single_token::case_66 ... ok
test lexical::state::tests::test_machine_single_token::case_67 ... ok
test lexical::state::tests::test_machine_single_token::case_68 ... ok
test lexical::state::tests::test_machine_single_token::case_69 ... ok
test lexical::state::tests::test_machine_single_token::case_70 ... ok
test lexical::state::tests::test_machine_single_token::case_71 ... ok
test lexical::state::tests::test_machine_single_token::case_72 ... ok
test lexical::state::tests::test_machine_single_token::case_73 ... ok
test lexical::state::tests::test_machine_single_token::case_74 ... ok
test lexical::state::tests::test_machine_single_token::case_75 ... ok
test lexical::state::tests::test_machine_single_token::case_77 ... ok
test lexical::state::tests::test_machine_single_token::case_76 ... ok
test lexical::state::tests::test_machine_single_token::case_78 ... ok
test lexical::state::tests::test_machine_single_token::case_79 ... ok
test lexical::state::tests::test_machine_single_token::case_80 ... ok
test lexical::state::tests::test_machine_single_token::case_81 ... ok
test lexical::state::tests::test_machine_single_token::case_82 ... ok
test lexical::state::tests::test_machine_single_token::case_83 ... ok
test lexical::state::tests::test_machine_single_token::case_85 ... ok
test lexical::state::tests::test_machine_single_token::case_86 ... ok
test lexical::state::tests::test_machine_single_token::case_84 ... ok
test lexical::state::tests::test_machine_single_token::case_89 ... ok
test lexical::state::tests::test_machine_single_token::case_87 ... ok
test lexical::state::tests::test_machine_single_token::case_90 ... ok
test lexical::state::tests::test_machine_single_token::case_91 ... ok
test lexical::state::tests::test_machine_single_token::case_92 ... ok
test lexical::state::tests::test_machine_single_token::case_88 ... ok
test lexical::state::tests::test_machine_single_token::case_93 ... ok
test lexical::state::tests::test_machine_single_token::case_94 ... ok
test lexical::state::tests::test_machine_single_token::case_95 ... ok
test lexical::state::tests::test_machine_two_tokens::case_001 ... ok
test lexical::state::tests::test_machine_two_tokens::case_002 ... ok
test lexical::state::tests::test_machine_two_tokens::case_003 ... ok
test lexical::state::tests::test_machine_two_tokens::case_004 ... ok
test lexical::state::tests::test_machine_two_tokens::case_005 ... ok
test lexical::state::tests::test_machine_two_tokens::case_006 ... ok
test lexical::state::tests::test_machine_two_tokens::case_007 ... ok
test lexical::state::tests::test_machine_two_tokens::case_009 ... ok
test lexical::state::tests::test_machine_two_tokens::case_010 ... ok
test lexical::state::tests::test_machine_two_tokens::case_008 ... ok
test lexical::state::tests::test_machine_two_tokens::case_011 ... ok
test lexical::state::tests::test_machine_two_tokens::case_013 ... ok
test lexical::state::tests::test_machine_two_tokens::case_014 ... ok
test lexical::state::tests::test_machine_two_tokens::case_016 ... ok
test lexical::state::tests::test_machine_two_tokens::case_015 ... ok
test lexical::state::tests::test_machine_two_tokens::case_017 ... ok
test lexical::state::tests::test_machine_two_tokens::case_012 ... ok
test lexical::state::tests::test_machine_two_tokens::case_018 ... ok
test lexical::state::tests::test_machine_two_tokens::case_019 ... ok
test lexical::state::tests::test_machine_two_tokens::case_020 ... ok
test lexical::state::tests::test_machine_two_tokens::case_021 ... ok
test lexical::state::tests::test_machine_two_tokens::case_022 ... ok
test lexical::state::tests::test_machine_two_tokens::case_023 ... ok
test lexical::state::tests::test_machine_two_tokens::case_024 ... ok
test lexical::state::tests::test_machine_two_tokens::case_025 ... ok
test lexical::state::tests::test_machine_two_tokens::case_026 ... ok
test lexical::state::tests::test_machine_two_tokens::case_027 ... ok
test lexical::state::tests::test_machine_two_tokens::case_029 ... ok
test lexical::state::tests::test_machine_two_tokens::case_028 ... ok
test lexical::state::tests::test_machine_two_tokens::case_030 ... ok
test lexical::state::tests::test_machine_two_tokens::case_031 ... ok
test lexical::state::tests::test_machine_two_tokens::case_033 ... ok
test lexical::state::tests::test_machine_two_tokens::case_032 ... ok
test lexical::state::tests::test_machine_two_tokens::case_034 ... ok
test lexical::state::tests::test_machine_two_tokens::case_035 ... ok
test lexical::state::tests::test_machine_two_tokens::case_036 ... ok
test lexical::state::tests::test_machine_two_tokens::case_037 ... ok
test lexical::state::tests::test_machine_two_tokens::case_038 ... ok
test lexical::state::tests::test_machine_two_tokens::case_039 ... ok
test lexical::state::tests::test_machine_two_tokens::case_040 ... ok
test lexical::state::tests::test_machine_two_tokens::case_041 ... ok
test lexical::state::tests::test_machine_two_tokens::case_043 ... ok
test lexical::state::tests::test_machine_two_tokens::case_042 ... ok
test lexical::state::tests::test_machine_two_tokens::case_044 ... ok
test lexical::state::tests::test_machine_two_tokens::case_046 ... ok
test lexical::state::tests::test_machine_two_tokens::case_047 ... ok
test lexical::state::tests::test_machine_two_tokens::case_045 ... ok
test lexical::state::tests::test_machine_two_tokens::case_048 ... ok
test lexical::state::tests::test_machine_two_tokens::case_049 ... ok
test lexical::state::tests::test_machine_two_tokens::case_050 ... ok
test lexical::state::tests::test_machine_two_tokens::case_051 ... ok
test lexical::state::tests::test_machine_two_tokens::case_052 ... ok
test lexical::state::tests::test_machine_two_tokens::case_053 ... ok
test lexical::state::tests::test_machine_two_tokens::case_054 ... ok
test lexical::state::tests::test_machine_two_tokens::case_055 ... ok
test lexical::state::tests::test_machine_two_tokens::case_056 ... ok
test lexical::state::tests::test_machine_two_tokens::case_057 ... ok
test lexical::state::tests::test_machine_two_tokens::case_058 ... ok
test lexical::state::tests::test_machine_two_tokens::case_059 ... ok
test lexical::state::tests::test_machine_two_tokens::case_060 ... ok
test lexical::state::tests::test_machine_two_tokens::case_061 ... ok
test lexical::state::tests::test_machine_two_tokens::case_062 ... ok
test lexical::state::tests::test_machine_two_tokens::case_063 ... ok
test lexical::state::tests::test_machine_two_tokens::case_064 ... ok
test lexical::state::tests::test_machine_two_tokens::case_065 ... ok
test lexical::state::tests::test_machine_two_tokens::case_066 ... ok
test lexical::state::tests::test_machine_two_tokens::case_068 ... ok
test lexical::state::tests::test_machine_two_tokens::case_067 ... ok
test lexical::state::tests::test_machine_two_tokens::case_069 ... ok
test lexical::state::tests::test_machine_two_tokens::case_070 ... ok
test lexical::state::tests::test_machine_two_tokens::case_071 ... ok
test lexical::state::tests::test_machine_two_tokens::case_072 ... ok
test lexical::state::tests::test_machine_two_tokens::case_073 ... ok
test lexical::state::tests::test_machine_two_tokens::case_074 ... ok
test lexical::state::tests::test_machine_two_tokens::case_076 ... ok
test lexical::state::tests::test_machine_two_tokens::case_075 ... ok
test lexical::state::tests::test_machine_two_tokens::case_077 ... ok
test lexical::state::tests::test_machine_two_tokens::case_078 ... ok
test lexical::state::tests::test_machine_two_tokens::case_079 ... ok
test lexical::state::tests::test_machine_two_tokens::case_080 ... ok
test lexical::state::tests::test_machine_two_tokens::case_081 ... ok
test lexical::state::tests::test_machine_two_tokens::case_082 ... ok
test lexical::state::tests::test_machine_two_tokens::case_083 ... ok
test lexical::state::tests::test_machine_two_tokens::case_084 ... ok
test lexical::state::tests::test_machine_two_tokens::case_085 ... ok
test lexical::state::tests::test_machine_two_tokens::case_086 ... ok
test lexical::state::tests::test_machine_two_tokens::case_087 ... ok
test lexical::state::tests::test_machine_two_tokens::case_088 ... ok
test lexical::state::tests::test_machine_two_tokens::case_089 ... ok
test lexical::state::tests::test_machine_two_tokens::case_090 ... ok
test lexical::state::tests::test_machine_two_tokens::case_091 ... ok
test lexical::state::tests::test_machine_two_tokens::case_092 ... ok
test lexical::state::tests::test_machine_two_tokens::case_094 ... ok
test lexical::state::tests::test_machine_two_tokens::case_096 ... ok
test lexical::state::tests::test_machine_two_tokens::case_097 ... ok
test lexical::state::tests::test_machine_two_tokens::case_095 ... ok
test lexical::state::tests::test_machine_two_tokens::case_098 ... ok
test lexical::state::tests::test_machine_two_tokens::case_099 ... ok
test lexical::state::tests::test_machine_two_tokens::case_100 ... ok
test lexical::state::tests::test_machine_two_tokens::case_093 ... ok
test lexical::state::tests::test_machine_two_tokens::case_101 ... ok
test lexical::state::tests::test_machine_two_tokens::case_102 ... ok
test lexical::state::tests::test_machine_two_tokens::case_103 ... ok
test lexical::state::tests::test_machine_two_tokens::case_105 ... ok
test lexical::state::tests::test_machine_two_tokens::case_104 ... ok
test lexical::state::tests::test_machine_two_tokens::case_106 ... ok
test lexical::state::tests::test_machine_two_tokens::case_107 ... ok
test lexical::state::tests::test_machine_two_tokens::case_109 ... ok
test lexical::state::tests::test_machine_two_tokens::case_110 ... ok
test lexical::state::tests::test_machine_two_tokens::case_111 ... ok
test lexical::state::tests::test_machine_two_tokens::case_108 ... ok
test lexical::state::tests::test_machine_two_tokens::case_112 ... ok
test lexical::state::tests::test_machine_two_tokens::case_113 ... ok
test lexical::state::tests::test_machine_two_tokens::case_114 ... ok
test lexical::state::tests::test_machine_two_tokens::case_115 ... ok
test lexical::state::tests::test_machine_two_tokens::case_116 ... ok
test lexical::state::tests::test_machine_two_tokens::case_117 ... ok
test lexical::state::tests::test_machine_two_tokens::case_118 ... ok
test lexical::state::tests::test_machine_two_tokens::case_120 ... ok
test lexical::state::tests::test_machine_two_tokens::case_119 ... ok
test lexical::state::tests::test_machine_two_tokens::case_121 ... ok
test lexical::state::tests::test_machine_two_tokens::case_122 ... ok
test lexical::state::tests::test_machine_two_tokens::case_123 ... ok
test lexical::state::tests::test_machine_two_tokens::case_124 ... ok
test lexical::state::tests::test_machine_two_tokens::case_125 ... ok
test lexical::state::tests::test_machine_two_tokens::case_126 ... ok
test lexical::state::tests::test_machine_two_tokens::case_127 ... ok
test lexical::state::tests::test_machine_two_tokens::case_128 ... ok
test lexical::state::tests::test_machine_two_tokens::case_129 ... ok
test lexical::state::tests::test_machine_two_tokens::case_130 ... ok
test lexical::state::tests::test_machine_two_tokens::case_132 ... ok
test lexical::state::tests::test_machine_two_tokens::case_133 ... ok
test lexical::state::tests::test_machine_two_tokens::case_131 ... ok
test lexical::state::tests::test_machine_two_tokens::case_135 ... ok
test lexical::state::tests::test_machine_two_tokens::case_136 ... ok
test lexical::state::tests::test_machine_two_tokens::case_134 ... ok
test lexical::state::tests::test_machine_two_tokens::case_137 ... ok
test lexical::state::tests::test_machine_two_tokens::case_138 ... ok
test lexical::state::tests::test_machine_two_tokens::case_139 ... ok
test lexical::state::tests::test_machine_two_tokens::case_140 ... ok
test lexical::state::tests::test_machine_two_tokens::case_141 ... ok
test lexical::state::tests::test_machine_two_tokens::case_142 ... ok
test lexical::state::tests::test_machine_two_tokens::case_143 ... ok
test lexical::state::tests::test_machine_two_tokens::case_145 ... ok
test lexical::state::tests::test_machine_two_tokens::case_146 ... ok
test lexical::state::tests::test_machine_two_tokens::case_147 ... ok
test lexical::state::tests::test_machine_two_tokens::case_148 ... ok
test lexical::state::tests::test_machine_two_tokens::case_144 ... ok
test lexical::state::tests::test_machine_two_tokens::case_149 ... ok
test lexical::state::tests::test_machine_two_tokens::case_150 ... ok
test lexical::state::tests::test_machine_two_tokens::case_151 ... ok
test lexical::state::tests::test_machine_two_tokens::case_152 ... ok
test lexical::state::tests::test_machine_two_tokens::case_153 ... ok
test lexical::state::tests::test_machine_two_tokens::case_154 ... ok
test lexical::state::tests::test_machine_two_tokens::case_156 ... ok
test lexical::state::tests::test_machine_two_tokens::case_157 ... ok
test lexical::state::tests::test_machine_two_tokens::case_158 ... ok
test lexical::state::tests::test_machine_two_tokens::case_159 ... ok
test lexical::state::tests::test_machine_two_tokens::case_160 ... ok
test lexical::state::tests::test_machine_two_tokens::case_161 ... ok
test lexical::state::tests::test_machine_two_tokens::case_162 ... ok
test lexical::state::tests::test_machine_two_tokens::case_163 ... ok
test lexical::state::tests::test_machine_two_tokens::case_164 ... ok
test lexical::state::tests::test_machine_two_tokens::case_165 ... ok
test lexical::state::tests::test_machine_two_tokens::case_155 ... ok
test lexical::state::tests::test_machine_two_tokens::case_166 ... ok
test lexical::state::tests::test_machine_two_tokens::case_167 ... ok
test lexical::state::tests::test_machine_two_tokens::case_168 ... ok
test lexical::state::tests::test_machine_two_tokens::case_169 ... ok
test lexical::state::tests::test_machine_two_tokens::case_170 ... ok
test lexical::state::tests::test_machine_two_tokens::case_171 ... ok
test lexical::state::tests::test_machine_two_tokens::case_173 ... ok
test lexical::state::tests::test_machine_two_tokens::case_172 ... ok
test lexical::state::tests::test_machine_two_tokens::case_174 ... ok
test lexical::state::tests::test_machine_two_tokens::case_175 ... ok
test lexical::state::tests::test_machine_two_tokens::case_176 ... ok
test lexical::state::tests::test_machine_two_tokens::case_177 ... ok
test lexical::state::tests::test_machine_two_tokens::case_178 ... ok
test lexical::state::tests::test_machine_two_tokens::case_179 ... ok
test lexical::state::tests::test_machine_two_tokens::case_180 ... ok
test lexical::state::tests::test_machine_two_tokens::case_181 ... ok
test lexical::state::tests::test_machine_two_tokens::case_182 ... ok
test lexical::state::tests::test_machine_two_tokens::case_183 ... ok
test lexical::state::tests::test_machine_two_tokens::case_185 ... ok
test lexical::state::tests::test_machine_two_tokens::case_187 ... ok
test lexical::state::tests::test_machine_two_tokens::case_188 ... ok
test lexical::state::tests::test_machine_two_tokens::case_189 ... ok
test lexical::state::tests::test_machine_two_tokens::case_184 ... ok
test lexical::state::tests::test_machine_two_tokens::case_190 ... ok
test lexical::state::tests::test_machine_two_tokens::case_186 ... ok
test lexical::state::tests::test_machine_two_tokens::case_191 ... ok
test lexical::state::tests::test_machine_two_tokens::case_192 ... ok
test lexical::state::tests::test_machine_two_tokens::case_193 ... ok
test lexical::state::tests::test_machine_two_tokens::case_194 ... ok
test lexical::state::tests::test_machine_two_tokens::case_195 ... ok
test lexical::state::tests::test_machine_two_tokens::case_197 ... ok
test lexical::state::tests::test_machine_two_tokens::case_198 ... ok
test lexical::state::tests::test_machine_two_tokens::case_196 ... ok
test lexical::state::tests::test_machine_two_tokens::case_199 ... ok
test lexical::state::tests::test_machine_two_tokens::case_200 ... ok
test lexical::state::tests::test_machine_two_tokens::case_201 ... ok
test lexical::state::tests::test_machine_two_tokens::case_202 ... ok
test lexical::state::tests::test_machine_two_tokens::case_204 ... ok
test lexical::state::tests::test_machine_two_tokens::case_205 ... ok
test lexical::state::tests::test_machine_two_tokens::case_206 ... ok
test lexical::state::tests::test_machine_two_tokens::case_207 ... ok
test lexical::state::tests::test_machine_utf8_char_1::case_01 ... ok
test lexical::state::tests::test_machine_utf8_char_1::case_02 ... ok
test lexical::state::tests::test_machine_utf8_char_1::case_03 ... ok
test lexical::state::tests::test_machine_utf8_char_1::case_04 ... ok
test lexical::state::tests::test_machine_utf8_char_1::case_05 ... ok
test lexical::state::tests::test_machine_utf8_char_1::case_06 ... ok
test lexical::state::tests::test_machine_utf8_char_1::case_08 ... ok
test lexical::state::tests::test_machine_two_tokens::case_203 ... ok
test lexical::state::tests::test_machine_two_tokens::case_208 ... ok
test lexical::state::tests::test_machine_utf8_char_1::case_07 ... ok
test lexical::state::tests::test_machine_utf8_char_1::case_10 ... ok
test lexical::state::tests::test_machine_utf8_char_1::case_09 ... ok
test lexical::state::tests::test_machine_utf8_char_1::case_11 ... ok
test lexical::state::tests::test_machine_utf8_char_2::case_01_two_1 ... ok
test lexical::state::tests::test_machine_utf8_char_2::case_02_two_2 ... ok
test lexical::state::tests::test_machine_utf8_char_2::case_03_two_3 ... ok
test lexical::state::tests::test_machine_utf8_char_2::case_05_three_1 ... ok
test lexical::state::tests::test_machine_utf8_char_2::case_06_three_2 ... ok
test lexical::state::tests::test_machine_utf8_char_2::case_07_three_3 ... ok
test lexical::state::tests::test_machine_utf8_char_2::case_08_three_4 ... ok
test lexical::state::tests::test_machine_utf8_char_2::case_09_four_1 ... ok
test lexical::state::tests::test_machine_utf8_char_2::case_10_four_2 ... ok
test lexical::state::tests::test_machine_utf8_char_2::case_11_four_3 ... ok
test lexical::state::tests::test_machine_utf8_char_2::case_12_four_4 ... ok
test lexical::state::tests::test_machine_whitespace_multiline::case_02 ... ok
test lexical::state::tests::test_machine_whitespace_multiline::case_04 ... ok
test lexical::state::tests::test_machine_whitespace_multiline::case_03 ... ok
test lexical::state::tests::test_machine_whitespace_multiline::case_05 ... ok
test lexical::state::tests::test_machine_utf8_char_2::case_04_two_4 ... ok
test lexical::state::tests::test_machine_whitespace_multiline::case_01 ... ok
test lexical::state::tests::test_machine_whitespace_multiline::case_07 ... ok
test lexical::state::tests::test_machine_whitespace_multiline::case_08 ... ok
test lexical::state::tests::test_machine_whitespace_multiline::case_10 ... ok
test lexical::state::tests::test_machine_whitespace_multiline::case_11 ... ok
test lexical::state::tests::test_machine_whitespace_multiline::case_13 ... ok
test lexical::state::tests::test_machine_whitespace_multiline::case_14 ... ok
test lexical::state::tests::test_machine_whitespace_multiline::case_12 ... ok
test lexical::state::tests::test_machine_whitespace_multiline::case_17 ... ok
test lexical::tests::test_error_kind_display::case_1 ... ok
test lexical::state::tests::test_machine_whitespace_multiline::case_15 ... ok
test lexical::state::tests::test_machine_whitespace_multiline::case_16 ... ok
test lexical::state::tests::test_machine_whitespace_multiline::case_06 ... ok
test lexical::tests::test_error_kind_display::case_2 ... ok
test lexical::tests::test_error_kind_display::case_4 ... ok
test lexical::state::tests::test_machine_whitespace_multiline::case_09 ... ok
test lexical::tests::test_error_kind_display::case_3 ... ok
test lexical::tests::test_parse_f64_err::case_01_empty ... ok
test lexical::tests::test_parse_f64_err::case_02_token_lit_false ... ok
test lexical::tests::test_parse_f64_err::case_03_token_lit_null ... ok
test lexical::tests::test_parse_f64_err::case_04_token_lit_true ... ok
test lexical::tests::test_parse_f64_err::case_05_token_str_empty ... ok
test lexical::tests::test_parse_f64_err::case_06_token_str_one ... ok
test lexical::tests::test_parse_f64_err::case_07_space_prefix ... ok
test lexical::tests::test_parse_f64_err::case_08_space_suffix ... ok
test lexical::tests::test_parse_f64_err::case_09_range_positive_overflow ... ok
test lexical::tests::test_parse_f64_err::case_10_range_negative_overflow ... ok
test lexical::tests::test_parse_f64_ok::case_01_zero ... ok
test lexical::tests::test_parse_f64_ok::case_02_minus_zero ... ok
test lexical::tests::test_parse_f64_ok::case_03_one ... ok
test lexical::tests::test_parse_f64_ok::case_04_minus_one ... ok
test lexical::tests::test_parse_f64_ok::case_05_forty_two ... ok
test lexical::tests::test_parse_f64_ok::case_06_pi ... ok
test lexical::tests::test_error_kind_display::case_5 ... ok
test lexical::tests::test_parse_f64_ok::case_07_negative_decimal ... ok
test lexical::tests::test_parse_f64_ok::case_08_exponent_zero ... ok
test lexical::tests::test_parse_f64_ok::case_09_exponent_positive ... ok
test lexical::tests::test_parse_f64_ok::case_10_exponent_negative ... ok
test lexical::tests::test_parse_f64_ok::case_11_exponent_upper ... ok
test lexical::tests::test_parse_f64_ok::case_12_exponent_plus_sign ... ok
test lexical::tests::test_parse_f64_ok::case_13_decimal_and_exponent ... ok
test lexical::tests::test_parse_f64_ok::case_14_large_integer ... ok
test lexical::tests::test_parse_f64_ok::case_15_f64_max ... ok
test lexical::tests::test_parse_f64_ok::case_16_f64_min_positive ... ok
test lexical::tests::test_parse_f64_ok::case_17_subnormal ... ok
test lexical::tests::test_parse_i128_err::case_01_empty ... ok
test lexical::tests::test_parse_i128_err::case_02_token_arr_begin ... ok
test lexical::tests::test_parse_i128_err::case_03_token_arr_end ... ok
test lexical::tests::test_parse_i128_err::case_04_token_lit_false ... ok
test lexical::tests::test_parse_i128_err::case_05_token_lit_null ... ok
test lexical::tests::test_parse_i128_err::case_06_token_lit_true ... ok
test lexical::tests::test_parse_i128_err::case_07_token_name_sep ... ok
test lexical::tests::test_parse_i128_err::case_08_token_obj_begin ... ok
test lexical::tests::test_parse_i128_err::case_09_token_obj_end ... ok
test lexical::tests::test_parse_i128_err::case_10_token_str_empty ... ok
test lexical::tests::test_parse_i128_err::case_11_token_str_one ... ok
test lexical::tests::test_parse_i128_err::case_12_token_value_sep ... ok
test lexical::tests::test_parse_i128_err::case_13_token_white ... ok
test lexical::tests::test_parse_i128_err::case_14_space_prefix ... ok
test lexical::tests::test_parse_i128_err::case_16_decimal_zero ... ok
test lexical::tests::test_parse_i128_err::case_18_exponent_zero ... ok
test lexical::tests::test_parse_i128_err::case_19_exponent_positive ... ok
test lexical::tests::test_parse_i128_err::case_20_exponent_negative ... ok
test lexical::tests::test_parse_i128_err::case_21_range_i128_min_minus_1 ... ok
test lexical::tests::test_parse_i128_err::case_22_range_i128_max_plus_1 ... ok
test lexical::tests::test_parse_i128_ok::case_01_zero ... ok
test lexical::tests::test_parse_i128_ok::case_02_minus_zero ... ok
test lexical::tests::test_parse_i128_ok::case_03_one ... ok
test lexical::tests::test_parse_i128_ok::case_04_minus_one ... ok
test lexical::tests::test_parse_i128_ok::case_05_forty_two ... ok
test lexical::tests::test_parse_i128_ok::case_06_minus_forty_two ... ok
test lexical::tests::test_parse_i128_ok::case_07_all_digits ... ok
test lexical::tests::test_parse_i128_err::case_15_space_suffix ... ok
test lexical::tests::test_parse_i128_err::case_17_decimal ... ok
test lexical::tests::test_parse_i128_err::case_23_range_u128_max ... ok
test lexical::tests::test_parse_i128_ok::case_08_i64_max ... ok
test lexical::tests::test_parse_i128_ok::case_09_i64_min ... ok
test lexical::tests::test_parse_i128_ok::case_11_beyond_i64_min ... ok
test lexical::tests::test_parse_i128_ok::case_12_pow10_38 ... ok
test lexical::tests::test_parse_i128_ok::case_10_beyond_i64_max ... ok
test lexical::tests::test_parse_i128_ok::case_14_max_minus_1 ... ok
test lexical::tests::test_parse_i128_ok::case_13_neg_pow10_38 ... ok
test lexical::tests::test_parse_i128_ok::case_15_max ... ok
test lexical::tests::test_parse_i128_ok::case_17_min ... ok
test lexical::tests::test_parse_i64_err::case_01_empty ... ok
test lexical::tests::test_parse_i64_err::case_02_token_arr_begin ... ok
test lexical::tests::test_parse_i64_err::case_03_token_arr_end ... ok
test lexical::tests::test_parse_i64_err::case_04_token_lit_false ... ok
test lexical::tests::test_parse_i128_ok::case_16_min_plus_1 ... ok
test lexical::tests::test_parse_i64_err::case_05_token_lit_null ... ok
test lexical::tests::test_parse_i64_err::case_06_token_lit_true ... ok
test lexical::tests::test_parse_i64_err::case_07_token_name_sep ... ok
test lexical::tests::test_parse_i64_err::case_09_token_obj_end ... ok
test lexical::tests::test_parse_i64_err::case_10_token_str_empty ... ok
test lexical::tests::test_parse_i64_err::case_11_token_str_one ... ok
test lexical::tests::test_parse_i64_err::case_13_token_white ... ok
test lexical::tests::test_parse_i64_err::case_12_token_value_sep ... ok
test lexical::tests::test_parse_i64_err::case_15_space_suffix ... ok
test lexical::tests::test_parse_i64_err::case_14_space_prefix ... ok
test lexical::tests::test_parse_i64_err::case_18_exponent_zero ... ok
test lexical::tests::test_parse_i64_err::case_16_decimal_zero ... ok
test lexical::tests::test_parse_i64_err::case_17_decimal ... ok
test lexical::tests::test_parse_i64_err::case_21_range_i64_min_minus_1 ... ok
test lexical::tests::test_parse_i64_err::case_22_range_i128_min ... ok
test lexical::tests::test_parse_i64_err::case_23_range_i64_max_plus_1 ... ok
test lexical::tests::test_parse_i64_err::case_24_range_i128_max ... ok
test lexical::tests::test_parse_i64_ok::case_01_zero ... ok
test lexical::tests::test_parse_i64_ok::case_02_minus_zero ... ok
test lexical::tests::test_parse_i64_ok::case_03_one ... ok
test lexical::tests::test_parse_i64_ok::case_04_minus_one ... ok
test lexical::tests::test_parse_i64_ok::case_05_forty_two ... ok
test lexical::tests::test_parse_i64_ok::case_06_minus_forty_two ... ok
test lexical::tests::test_parse_i64_err::case_20_exponent_negative ... ok
test lexical::tests::test_parse_i64_ok::case_07_all_digits ... ok
test lexical::tests::test_parse_i64_ok::case_08_max_minus_1 ... ok
test lexical::tests::test_parse_i64_ok::case_09_max ... ok
test lexical::tests::test_parse_i64_ok::case_10_min_plus_1 ... ok
test lexical::tests::test_parse_i64_err::case_08_token_obj_begin ... ok
test lexical::tests::test_parse_u64_err::case_01_empty ... ok
test lexical::tests::test_parse_i64_ok::case_11_min ... ok
test lexical::tests::test_parse_i64_err::case_19_exponent_positive ... ok
test lexical::tests::test_parse_u64_err::case_02_token_arr_begin ... ok
test lexical::tests::test_parse_u64_err::case_03_token_arr_end ... ok
test lexical::tests::test_parse_u64_err::case_04_token_lit_false ... ok
test lexical::tests::test_parse_u64_err::case_05_token_lit_null ... ok
test lexical::tests::test_parse_u64_err::case_06_token_lit_true ... ok
test lexical::tests::test_parse_u64_err::case_07_token_name_sep ... ok
test lexical::tests::test_parse_u64_err::case_08_token_obj_begin ... ok
test lexical::tests::test_parse_u64_err::case_09_token_obj_end ... ok
test lexical::tests::test_parse_u64_err::case_10_token_str_empty ... ok
test lexical::tests::test_parse_u64_err::case_11_token_str_one ... ok
test lexical::tests::test_parse_u64_err::case_12_token_value_sep ... ok
test lexical::tests::test_parse_u64_err::case_13_token_white ... ok
test lexical::tests::test_parse_u64_err::case_14_space_prefix ... ok
test lexical::tests::test_parse_u64_err::case_15_space_suffix ... ok
test lexical::tests::test_parse_u64_err::case_16_minus_zero ... ok
test lexical::tests::test_parse_u64_err::case_17_minus_one ... ok
test lexical::tests::test_parse_u64_err::case_18_minus_forty_two ... ok
test lexical::tests::test_parse_u64_err::case_20_decimal ... ok
test lexical::tests::test_parse_u64_err::case_21_exponent_zero ... ok
test lexical::tests::test_parse_u64_err::case_22_exponent_positive ... ok
test lexical::tests::test_parse_u64_err::case_23_exponent_negative ... ok
test lexical::tests::test_parse_u64_err::case_24_range_u64_max_plus_1 ... ok
test lexical::tests::test_parse_u64_err::case_19_decimal_zero ... ok
test lexical::tests::test_parse_u64_err::case_25_range_i128_max ... ok
test lexical::tests::test_parse_u64_ok::case_1_zero ... ok
test lexical::tests::test_parse_u64_ok::case_2_one ... ok
test lexical::tests::test_parse_u64_ok::case_3_forty_two ... ok
test lexical::tests::test_parse_u64_ok::case_4_all_digits ... ok
test lexical::tests::test_parse_u64_ok::case_5_max_minus_1 ... ok
test lexical::tests::test_parse_u64_ok::case_6_max ... ok
test lexical::tests::test_token_display::case_01 ... ok
test lexical::tests::test_token_display::case_02 ... ok
test lexical::tests::test_token_display::case_03 ... ok
test lexical::tests::test_token_display::case_04 ... ok
test lexical::tests::test_token_display::case_05 ... ok
test lexical::tests::test_token_display::case_06 ... ok
test lexical::tests::test_token_display::case_07 ... ok
test lexical::tests::test_token_display::case_08 ... ok
test lexical::tests::test_token_display::case_09 ... ok
test lexical::tests::test_token_display::case_10 ... ok
test lexical::tests::test_token_display::case_11 ... ok
test lexical::tests::test_token_display::case_12 ... ok
test lexical::tests::test_token_display::case_13 ... ok
test lexical::tests::test_token_display::case_14 ... ok
test lexical::tests::test_token_is_eof::case_01 ... ok
test lexical::tests::test_token_is_eof::case_02 ... ok
test lexical::tests::test_token_is_eof::case_03 ... ok
test lexical::tests::test_token_is_eof::case_04 ... ok
test lexical::tests::test_token_is_eof::case_05 ... ok
test lexical::tests::test_token_is_eof::case_06 ... ok
test lexical::tests::test_token_is_eof::case_07 ... ok
test lexical::tests::test_token_is_eof::case_08 ... ok
test lexical::tests::test_token_is_eof::case_09 ... ok
test lexical::tests::test_token_is_eof::case_10 ... ok
test lexical::tests::test_token_is_eof::case_11 ... ok
test lexical::tests::test_token_is_eof::case_12 ... ok
test lexical::tests::test_token_is_eof::case_13 ... ok
test lexical::tests::test_token_is_eof::case_14 ... ok
test lexical::tests::test_token_is_err::case_01 ... ok
test lexical::tests::test_token_is_err::case_02 ... ok
test lexical::tests::test_token_is_err::case_03 ... ok
test lexical::tests::test_token_is_err::case_04 ... ok
test lexical::tests::test_token_is_err::case_05 ... ok
test lexical::tests::test_token_is_err::case_06 ... ok
test lexical::tests::test_token_is_err::case_07 ... ok
test lexical::tests::test_token_is_err::case_08 ... ok
test lexical::tests::test_token_is_err::case_09 ... ok
test lexical::tests::test_token_is_err::case_10 ... ok
test lexical::tests::test_token_is_err::case_11 ... ok
test lexical::tests::test_token_is_err::case_12 ... ok
test lexical::tests::test_token_is_err::case_13 ... ok
test lexical::tests::test_token_is_err::case_14 ... ok
test lexical::tests::test_token_is_literal::case_01 ... ok
test lexical::tests::test_token_is_literal::case_02 ... ok
test lexical::tests::test_token_is_literal::case_03 ... ok
test lexical::tests::test_token_is_literal::case_04 ... ok
test lexical::tests::test_token_is_literal::case_05 ... ok
test lexical::tests::test_token_is_literal::case_06 ... ok
test lexical::tests::test_token_is_literal::case_07 ... ok
test lexical::tests::test_token_is_literal::case_08 ... ok
test lexical::tests::test_token_is_literal::case_09 ... ok
test lexical::tests::test_token_is_literal::case_10 ... ok
test lexical::tests::test_token_is_literal::case_11 ... ok
test lexical::tests::test_token_is_literal::case_12 ... ok
test lexical::tests::test_token_is_literal::case_13 ... ok
test lexical::tests::test_token_is_primitive::case_01 ... ok
test lexical::tests::test_token_is_primitive::case_02 ... ok
test lexical::tests::test_token_is_primitive::case_03 ... ok
test lexical::tests::test_token_is_primitive::case_04 ... ok
test lexical::tests::test_token_is_primitive::case_05 ... ok
test lexical::tests::test_token_is_primitive::case_06 ... ok
test lexical::tests::test_token_is_primitive::case_07 ... ok
test lexical::tests::test_token_is_primitive::case_08 ... ok
test lexical::tests::test_token_is_primitive::case_09 ... ok
test lexical::tests::test_token_is_primitive::case_10 ... ok
test lexical::tests::test_token_is_primitive::case_11 ... ok
test lexical::tests::test_token_is_primitive::case_12 ... ok
test lexical::tests::test_token_is_primitive::case_13 ... ok
test lexical::tests::test_token_is_primitive::case_14 ... ok
test lexical::tests::test_token_is_pseudo::case_01 ... ok
test lexical::tests::test_token_is_pseudo::case_02 ... ok
test lexical::tests::test_token_is_pseudo::case_03 ... ok
test lexical::tests::test_token_is_pseudo::case_05 ... ok
test lexical::tests::test_token_is_pseudo::case_06 ... ok
test lexical::tests::test_token_is_pseudo::case_07 ... ok
test lexical::tests::test_token_is_literal::case_14 ... ok
test lexical::tests::test_token_is_pseudo::case_04 ... ok
test lexical::tests::test_token_is_pseudo::case_10 ... ok
test lexical::tests::test_token_is_pseudo::case_11 ... ok
test lexical::tests::test_token_is_pseudo::case_09 ... ok
test lexical::tests::test_token_is_pseudo::case_12 ... ok
test lexical::tests::test_token_is_pseudo::case_08 ... ok
test lexical::tests::test_token_is_punct::case_05 ... ok
test lexical::tests::test_token_is_pseudo::case_13 ... ok
test lexical::tests::test_token_is_pseudo::case_14 ... ok
test lexical::tests::test_token_is_punct::case_01 ... ok
test lexical::tests::test_token_is_punct::case_02 ... ok
test lexical::tests::test_token_is_punct::case_03 ... ok
test lexical::tests::test_token_is_punct::case_04 ... ok
test lexical::tests::test_token_is_punct::case_07 ... ok
test lexical::tests::test_token_is_punct::case_09 ... ok
test lexical::tests::test_token_is_punct::case_10 ... ok
test lexical::tests::test_token_is_punct::case_11 ... ok
test lexical::tests::test_token_is_punct::case_13 ... ok
test lexical::tests::test_token_is_punct::case_14 ... ok
test lexical::tests::test_token_is_struct::case_01 ... ok
test lexical::tests::test_token_is_struct::case_02 ... ok
test lexical::tests::test_token_is_struct::case_03 ... ok
test lexical::tests::test_token_is_struct::case_04 ... ok
test lexical::tests::test_token_is_struct::case_05 ... ok
test lexical::tests::test_token_is_struct::case_06 ... ok
test lexical::tests::test_token_is_struct::case_07 ... ok
test lexical::tests::test_token_is_struct::case_08 ... ok
test lexical::tests::test_token_is_struct::case_09 ... ok
test lexical::tests::test_token_is_struct::case_10 ... ok
test lexical::tests::test_token_is_struct::case_11 ... ok
test lexical::tests::test_token_is_struct::case_12 ... ok
test lexical::tests::test_token_is_punct::case_06 ... ok
test lexical::tests::test_token_is_terminal::case_01 ... ok
test lexical::tests::test_token_is_punct::case_08 ... ok
test lexical::tests::test_token_is_terminal::case_02 ... ok
test lexical::tests::test_token_is_punct::case_12 ... ok
test lexical::tests::test_token_is_terminal::case_04 ... ok
test lexical::tests::test_token_is_terminal::case_03 ... ok
test lexical::tests::test_token_is_struct::case_13 ... ok
test lexical::tests::test_token_is_terminal::case_05 ... ok
test lexical::tests::test_token_is_terminal::case_07 ... ok
test lexical::tests::test_token_is_struct::case_14 ... ok
test lexical::tests::test_token_is_terminal::case_06 ... ok
test lexical::tests::test_token_is_terminal::case_08 ... ok
test lexical::tests::test_token_is_terminal::case_09 ... ok
test lexical::tests::test_token_is_terminal::case_10 ... ok
test lexical::tests::test_token_is_terminal::case_11 ... ok
test lexical::tests::test_token_is_terminal::case_12 ... ok
test lexical::tests::test_token_is_terminal::case_13 ... ok
test lexical::tests::test_token_is_terminal::case_14 ... ok
test lexical::tests::test_token_static_content::case_01 ... ok
test lexical::tests::test_token_static_content::case_02 ... ok
test lexical::tests::test_token_static_content::case_03 ... ok
test lexical::tests::test_token_static_content::case_04 ... ok
test lexical::tests::test_token_static_content::case_05 ... ok
test lexical::tests::test_token_static_content::case_06 ... ok
test lexical::tests::test_token_static_content::case_07 ... ok
test lexical::tests::test_token_static_content::case_09 ... ok
test lexical::tests::test_token_static_content::case_11 ... ok
test lexical::tests::test_token_static_content::case_12 ... ok
test lexical::tests::test_token_static_content::case_13 ... ok
test lexical::tests::test_token_static_content::case_14 ... ok
test lexical::tests::test_unescape_ok::case_01 ... ok
test lexical::tests::test_unescape_ok::case_02 ... ok
test lexical::tests::test_unescape_ok::case_03 ... ok
test lexical::tests::test_unescape_ok::case_04 ... ok
test lexical::tests::test_token_static_content::case_10 ... ok
test lexical::tests::test_unescape_ok::case_05 ... ok
test lexical::tests::test_unescape_ok::case_06 ... ok
test lexical::tests::test_unescape_ok::case_07 ... ok
test lexical::tests::test_unescape_ok::case_08 ... ok
test lexical::tests::test_unescape_ok::case_09 ... ok
test lexical::tests::test_unescape_ok::case_10 ... ok
test lexical::tests::test_unescape_ok::case_11 ... ok
test lexical::tests::test_unescape_ok::case_12 ... ok
test lexical::tests::test_unescape_ok::case_13 ... ok
test lexical::tests::test_unescape_ok::case_14 ... ok
test lexical::tests::test_unescape_ok::case_15 ... ok
test lexical::tests::test_unescape_ok::case_16 ... ok
test lexical::tests::test_unescape_ok::case_17 ... ok
test lexical::tests::test_unescape_ok::case_18 ... ok
test lexical::tests::test_unescape_ok::case_19 ... ok
test lexical::tests::test_unescape_ok::case_20 ... ok
test lexical::tests::test_unescape_ok::case_21 ... ok
test lexical::tests::test_unescape_ok::case_23 ... ok
test lexical::tests::test_unescape_ok::case_24 ... ok
test lexical::tests::test_unescape_ok::case_25 ... ok
test lexical::tests::test_unescape_ok::case_26 ... ok
test lexical::tests::test_unescape_ok::case_27 ... ok
test lexical::tests::test_unescape_ok::case_28 ... ok
test lexical::tests::test_unescape_ok::case_29 ... ok
test lexical::tests::test_unescape_ok::case_30 ... ok
test lexical::tests::test_unescape_ok::case_32 ... ok
test lexical::tests::test_unescape_ok::case_33 ... ok
test lexical::tests::test_unescape_ok::case_34 ... ok
test lexical::tests::test_unescape_ok::case_35 ... ok
test lexical::tests::test_unescape_ok::case_36 ... ok
test lexical::tests::test_unescape_ok::case_37 ... ok
test lexical::tests::test_unescape_ok::case_38 ... ok
test lexical::tests::test_unescape_panic_high_surrogate_no_backslash::case_1 - should panic ... ok
test lexical::tests::test_unescape_ok::case_22 ... ok
test lexical::tests::test_unescape_panic_high_surrogate_no_backslash::case_2 - should panic ... ok
test lexical::tests::test_token_static_content::case_08 ... ok
test lexical::tests::test_unescape_ok::case_31 ... ok
test lexical::tests::test_unescape_panic_high_surrogate_no_backslash_u::case_1 - should panic ... ok
test lexical::tests::test_unescape_panic_high_surrogate_no_backslash_u::case_2 - should panic ... ok
test lexical::tests::test_unescape_panic_high_surrogate_no_low::case_1 - should panic ... ok
test lexical::tests::test_unescape_panic_high_surrogate_no_low::case_2 - should panic ... ok
test lexical::tests::test_unescape_panic_invalid_esc_seq_byte::case_1 - should panic ... ok
test lexical::tests::test_unescape_panic_invalid_esc_seq_byte::case_2 - should panic ... ok
test lexical::tests::test_unescape_panic_low_surrogate_no_high::case_01 - should panic ... ok
test lexical::tests::test_unescape_panic_low_surrogate_no_high::case_02 - should panic ... ok
test lexical::tests::test_unescape_panic_low_surrogate_no_high::case_03 - should panic ... ok
test lexical::tests::test_unescape_panic_low_surrogate_no_high::case_04 - should panic ... ok
test lexical::tests::test_unescape_panic_low_surrogate_no_high::case_05 - should panic ... ok
test lexical::tests::test_unescape_panic_low_surrogate_no_high::case_06 - should panic ... ok
test lexical::tests::test_unescape_panic_low_surrogate_no_high::case_07 - should panic ... ok
test lexical::tests::test_unescape_panic_low_surrogate_no_high::case_08 - should panic ... ok
test lexical::tests::test_unescape_panic_low_surrogate_no_high::case_09 - should panic ... ok
test lexical::tests::test_unescape_panic_unexpected_eof::case_01 - should panic ... ok
test lexical::tests::test_unescape_panic_unexpected_eof::case_02 - should panic ... ok
test lexical::tests::test_unescape_panic_invalid_esc_seq_byte::case_3 - should panic ... ok
test lexical::tests::test_unescape_panic_unexpected_eof::case_04 - should panic ... ok
test lexical::tests::test_unescape_panic_unexpected_eof::case_05 - should panic ... ok
test lexical::tests::test_unescape_panic_unexpected_eof::case_03 - should panic ... ok
test lexical::tests::test_unescape_panic_unexpected_eof::case_06 - should panic ... ok
test lexical::tests::test_unescape_panic_low_surrogate_no_high::case_10 - should panic ... ok
test lexical::tests::test_unescape_panic_unexpected_eof::case_07 - should panic ... ok
test lexical::tests::test_unescape_panic_unexpected_eof::case_08 - should panic ... ok
test lexical::tests::test_unescape_panic_unexpected_eof::case_09 - should panic ... ok
test lexical::tests::test_unescape_panic_unexpected_eof::case_11 - should panic ... ok
test lexical::tests::test_unescape_panic_unexpected_eof::case_12 - should panic ... ok
test lexical::tests::test_unescaped_cmp_identity::case_01_arr_begin ... ok
test lexical::tests::test_unescaped_cmp_identity::case_02_arr_end ... ok
test lexical::tests::test_unescaped_cmp_identity::case_03_empty ... ok
test lexical::tests::test_unescaped_cmp_identity::case_04_lit_false ... ok
test lexical::tests::test_unescaped_cmp_identity::case_05_lit_false ... ok
test lexical::tests::test_unescaped_cmp_identity::case_06_lit_false ... ok
test lexical::tests::test_unescaped_cmp_identity::case_08_num_0 ... ok
test lexical::tests::test_unescaped_cmp_identity::case_09_num_1 ... ok
test lexical::tests::test_unescaped_cmp_identity::case_10_num_pi ... ok
test lexical::tests::test_unescaped_cmp_identity::case_11_num_minus_1 ... ok
test lexical::tests::test_unescaped_cmp_identity::case_12_num_big1 ... ok
test lexical::tests::test_unescaped_cmp_identity::case_13_num_big2 ... ok
test lexical::tests::test_unescaped_cmp_identity::case_14_num_big3 ... ok
test lexical::tests::test_unescaped_cmp_identity::case_15_str_empty ... ok
test lexical::tests::test_unescaped_cmp_identity::case_16_str_a ... ok
test lexical::tests::test_unescaped_cmp_identity::case_17_str_utf8_2_bytes ... ok
test lexical::tests::test_unescaped_cmp_identity::case_18_str_utf8_3_bytes ... ok
test lexical::tests::test_unescaped_cmp_identity::case_19_str_utf8_4_bytes ... ok
test lexical::tests::test_unescaped_cmp_identity::case_20_str_utf8_all ... ok
test lexical::tests::test_unescaped_cmp_identity::case_21_obj_begin ... ok
test lexical::tests::test_unescaped_cmp_identity::case_22_obj_end ... ok
test lexical::tests::test_unescaped_cmp_identity::case_23_value_sep ... ok
test lexical::tests::test_unescaped_cmp_identity::case_24_white1 ... ok
test lexical::tests::test_unescaped_cmp_identity::case_25_white2 ... ok
test lexical::tests::test_unescaped_cmp_identity::case_26_white3 ... ok
test lexical::tests::test_unescaped_cmp_identity::case_27_white4 ... ok
test lexical::tests::test_unescaped_cmp_identity::case_28_white5 ... ok
test lexical::tests::test_unescaped_cmp_ok::case_01_empty_str_empty ... ok
test lexical::tests::test_unescaped_cmp_ok::case_02_empty_num ... ok
test lexical::tests::test_unescaped_cmp_ok::case_03_empty_white ... ok
test lexical::tests::test_unescaped_cmp_ok::case_04_num_empty ... ok
test lexical::tests::test_unescaped_cmp_ok::case_05_str_a_str_b ... ok
test lexical::tests::test_unescaped_cmp_ok::case_06_str_a_str_empty ... ok
test lexical::tests::test_unescaped_cmp_ok::case_07_str_b_str_a ... ok
test lexical::tests::test_unescaped_cmp_ok::case_08_str_bar_str_bard ... ok
test lexical::tests::test_unescaped_cmp_ok::case_09_str_bar_str_bark ... ok
test lexical::tests::test_unescaped_cmp_ok::case_10_str_bard_str_bar ... ok
test lexical::tests::test_unescaped_cmp_ok::case_12_str_bark_str_bar ... ok
test lexical::tests::test_unescaped_cmp_ok::case_13_str_bark_str_bard ... ok
test lexical::tests::test_unescaped_cmp_ok::case_14_str_empty_empty ... ok
test lexical::tests::test_unescaped_cmp_ok::case_11_str_bard_str_bark ... ok
test lexical::tests::test_unescaped_cmp_identity::case_07_name_sep ... ok
test lexical::tests::test_unescaped_cmp_ok::case_15_str_empty_str_a ... ok
test lexical::tests::test_unescaped_cmp_ok::case_17_str_esc_bsol_str_bsol ... ok
test lexical::tests::test_unescape_panic_unexpected_eof::case_10 - should panic ... ok
test lexical::tests::test_unescaped_cmp_ok::case_19_str_esc_bs_str_bs ... ok
test lexical::tests::test_unescaped_cmp_ok::case_18_str_esc_sol_str_sol ... ok
test lexical::tests::test_unescaped_cmp_ok::case_16_str_esc_quot_str_quot ... ok
test lexical::tests::test_unescaped_cmp_ok::case_20_str_esc_ff_str_ff ... ok
test lexical::tests::test_unescaped_cmp_ok::case_21_str_esc_nl_str_nl ... ok
test lexical::tests::test_unescaped_cmp_ok::case_22_str_esc_nl_str_cr ... ok
test lexical::tests::test_unescaped_cmp_ok::case_23_str_esc_cr_str_cr ... ok
test lexical::tests::test_unescaped_cmp_ok::case_24_str_esc_cr_str_nl ... ok
test lexical::tests::test_unescaped_cmp_ok::case_25_str_esc_tab_str_tab ... ok
test lexical::tests::test_unescaped_cmp_ok::case_27_str_esc_u_0009_str_tab ... ok
test lexical::tests::test_unescaped_cmp_ok::case_26_str_esc_u_0008_str_bs ... ok
test lexical::tests::test_unescaped_cmp_ok::case_28_str_esc_u_000a_str_nl ... ok
test lexical::tests::test_unescaped_cmp_ok::case_29_str_esc_u_000c_str_ff ... ok
test lexical::tests::test_unescaped_cmp_ok::case_30_str_esc_u_000d_str_cr ... ok
test lexical::tests::test_unescaped_cmp_ok::case_31_str_esc_u_0022_str_quot ... ok
test lexical::tests::test_unescaped_cmp_ok::case_32_str_esc_u_002f_str_sol ... ok
test lexical::tests::test_unescaped_cmp_ok::case_33_str_esc_u_005c_str_bsol ... ok
test lexical::tests::test_unescaped_cmp_ok::case_35_str_esc_u_00e8_str_e_grave ... ok
test lexical::tests::test_unescaped_cmp_ok::case_36_str_esc_u_20ac_str_euro ... ok
test lexical::tests::test_unescaped_cmp_ok::case_38_str_esc_at_end_of_longer_str ... ok
test lexical::tests::test_unescaped_cmp_ok::case_39_str_esc_consecutive ... ok
test lexical::tests::test_unescaped_cmp_ok::case_40_str_where_other_terminates_early ... ok
test lexical::tests::test_unescaped_cmp_ok::case_41_white_empty ... ok
test lexical::tests::test_unescaped_cmp_ok::case_37_str_esc_u_surrogate_str_globe ... ok
test lexical::tests::test_unescaped_cmp_ok::case_42_smoke_1 ... ok
test lexical::tests::test_unescaped_cmp_ok::case_34_str_esc_u_0062_str_a ... ok
test lexical::tests::test_unescaped_cmp_ok::case_43_smoke_2 ... ok
test lexical::tests::test_unescaped_cmp_ok::case_44_smoke_3 ... ok
test lexical::tests::test_unescaped_cmp_panic::case_03_unterminated_3 ... ok
test lexical::tests::test_unescaped_cmp_panic::case_06_invalid_unicode_need_4 ... ok
test lexical::tests::test_unescaped_cmp_panic::case_05_invalid_single_byte_2 ... ok
test lexical::tests::test_unescaped_cmp_panic::case_07_invalid_unicode_need_3 ... ok
test lexical::tests::test_unescaped_cmp_panic::case_08_invalid_unicode_need_2 ... ok
test lexical::tests::test_unescaped_cmp_panic::case_01_unterminated_1 ... ok
test lexical::tests::test_unescaped_cmp_panic::case_09_invalid_unicode_need_1 ... ok
test lexical::tests::test_unescaped_cmp_panic::case_02_unterminated_2 ... ok
test lexical::tests::test_unescaped_cmp_panic::case_10_invalid_unicode_not_hex_1 ... ok
test lexical::tests::test_unescaped_cmp_panic::case_04_invalid_single_byte_1 ... ok
test lexical::tests::test_unescaped_cmp_panic::case_13_invalid_unicode_not_hex_4 ... ok
test lexical::tests::test_unescaped_cmp_panic::case_14_lo_surrogate_incomplete_1 ... ok
test lexical::tests::test_unescaped_cmp_panic::case_12_invalid_unicode_not_hex_3 ... ok
test lexical::tests::test_unescaped_cmp_panic::case_11_invalid_unicode_not_hex_2 ... ok
test lexical::tests::test_unescaped_cmp_panic::case_15_lo_surrogate_incomplete_2 ... ok
test lexical::tests::test_unescaped_cmp_panic::case_16_lo_surrogate_incomplete_3 ... ok
test lexical::tests::test_unescaped_cmp_panic::case_17_lo_surrogate_incomplete_4 ... ok
test lexical::tests::test_unescaped_cmp_panic::case_18_lo_surrogate_incomplete_5 ... ok
test lexical::tests::test_unescaped_cmp_panic::case_20_lo_surrogate_no_leading_bsol_u_1 ... ok
test lexical::tests::test_unescaped_cmp_panic::case_21_lo_surrogate_no_leading_bsol_u_2 ... ok
test lexical::tests::test_unescaped_cmp_panic::case_22_lo_surrogate_no_leading_bsol_u_2 ... ok
test lexical::tests::test_unescaped_cmp_panic::case_23_lo_surrogate_not_hex_1 ... ok
test lexical::tests::test_unescaped_cmp_panic::case_25_lo_surrogate_not_hex_1 ... ok
test lexical::tests::test_unescaped_cmp_panic::case_27_lo_surrogate_alone ... ok
test lexical::tests::test_unescaped_cmp_panic::case_26_lo_surrogate_not_hex_1 ... ok
test lexical::tests::test_unescaped_str_into_buf::case_1 ... ok
test lexical::tests::test_unescaped_str ... ok
test lexical::tests::test_unescaped_cmp_panic::case_28_invalid_surrogate_pair ... ok
test lexical::tests::test_unescaped_str_into_buf::case_2 ... ok
test lexical::tests::test_unescaped_cmp_panic::case_19_lo_surrogate_incomplete_6 ... ok
test lexical::tests::test_unescaped_cmp_panic::case_24_lo_surrogate_not_hex_1 ... ok
test pointer::eval::tests::test_evaluator_next_end_inside::case_01_no_ptr_arr_empty ... ok
test pointer::eval::tests::test_evaluator_next_end_inside::case_02_no_ptr_arr_single ... ok
test pointer::eval::tests::test_evaluator_next_end_inside::case_03_no_ptr_arr_nested ... ok
test pointer::eval::tests::test_evaluator_next_end_inside::case_04_no_ptr_obj_empty ... ok
test pointer::eval::tests::test_evaluator_next_end_inside::case_05_no_ptr_obj_single ... ok
test pointer::eval::tests::test_evaluator_next_end_inside::case_06_exit_arr ... ok
test pointer::eval::tests::test_evaluator_next_end_inside::case_07_exit_obj ... ok
test pointer::eval::tests::test_evaluator_next_end_inside::case_08_exit_root_arr ... ok
test pointer::eval::tests::test_evaluator_next_end_inside::case_09_exit_root_obj ... ok
test pointer::eval::tests::test_evaluator_next_end_inside::case_10_resume_after_skip ... ok
test pointer::eval::tests::test_evaluator_next_end_inside::case_11_resume_after_skip_obj ... ok
test pointer::eval::tests::test_evaluator_next_end_inside::case_12_fast_path_skip ... ok
test pointer::eval::tests::test_evaluator_next_end_inside::case_13_nested_inner ... ok
test pointer::eval::tests::test_evaluator_next_end_inside::case_14_nil_end ... ok
test pointer::eval::tests::test_evaluator_next_end_root::case_01_no_pointers_lit ... ok
test pointer::eval::tests::test_evaluator_next_end_root::case_02_no_pointers_num ... ok
test pointer::eval::tests::test_evaluator_next_end_root::case_03_no_pointers_str ... ok
test pointer::eval::tests::test_evaluator_next_end_root::case_04_no_pointers_arr_empty ... ok
test pointer::eval::tests::test_evaluator_next_end_root::case_05_no_pointers_arr_single ... ok
test pointer::eval::tests::test_evaluator_next_end_root::case_06_no_pointers_arr_nested ... ok
test pointer::eval::tests::test_evaluator_next_end_root::case_07_no_pointers_obj_empty ... ok
test pointer::eval::tests::test_evaluator_next_end_root::case_08_no_pointers_obj_single ... ok
test pointer::eval::tests::test_evaluator_next_end_root::case_09_no_pointers_obj_nested ... ok
test pointer::eval::tests::test_evaluator_next_end_root::case_10_root_lit ... ok
test pointer::eval::tests::test_evaluator_next_end_root::case_11_root_num ... ok
test pointer::eval::tests::test_evaluator_next_end_root::case_12_root_str ... ok
test pointer::eval::tests::test_evaluator_next_end_root::case_13_root_arr_empty ... ok
test pointer::eval::tests::test_evaluator_next_end_root::case_14_root_arr_single ... ok
test pointer::eval::tests::test_evaluator_next_end_root::case_15_root_arr_nested ... ok
test pointer::eval::tests::test_evaluator_next_end_root::case_16_root_obj_empty ... ok
test pointer::eval::tests::test_evaluator_next_end_root::case_17_root_obj_single ... ok
test pointer::eval::tests::test_evaluator_next_end_root::case_18_root_obj_nested ... ok
test pointer::eval::tests::test_evaluator_next_end_root::case_19_nonmatch_lit ... ok
test pointer::eval::tests::test_evaluator_next_end_root::case_20_nonmatch_arr ... ok
test pointer::eval::tests::test_evaluator_next_end_root::case_21_nonmatch_obj ... ok
test pointer::eval::tests::test_event ... ok
test pointer::eval::tests::test_next_ascii_no_unescape::case_01_no_pointers ... ok
test pointer::eval::tests::test_next_ascii_no_unescape::case_02_no_pointers ... ok
test pointer::eval::tests::test_next_ascii_no_unescape::case_03_no_pointers ... ok
test pointer::eval::tests::test_next_ascii_no_unescape::case_04_root_pointer ... ok
test pointer::eval::tests::test_next_ascii_no_unescape::case_05_root_pointer ... ok
test pointer::eval::tests::test_next_ascii_no_unescape::case_06_root_pointer ... ok
test pointer::eval::tests::test_next_ascii_no_unescape::case_07_level1_index0_pointer_primitive ... ok
test pointer::eval::tests::test_next_ascii_no_unescape::case_08_level1_index0_pointer_empty_array ... ok
test pointer::eval::tests::test_next_ascii_no_unescape::case_09_level1_index0_pointer_empty_object ... ok
test pointer::eval::tests::test_next_ascii_no_unescape::case_10_level1_index0_pointer_singleton_array_primitive ... ok
test pointer::eval::tests::test_next_ascii_no_unescape::case_11_level1_index0_pointer_singleton_array_empty_array ... ok
test pointer::eval::tests::test_next_ascii_no_unescape::case_12_level1_index0_pointer_singleton_array_empty_object ... ok
test pointer::eval::tests::test_next_ascii_no_unescape::case_13_level1_index0_pointer_singleton_array_singleton_array ... ok
test pointer::eval::tests::test_next_ascii_no_unescape::case_14_level1_index0_pointer_singleton_array_singleton_object ... ok
test pointer::eval::tests::test_next_ascii_no_unescape::case_16_level1_index1_pointer_primitive ... ok
test pointer::eval::tests::test_next_ascii_no_unescape::case_17_level1_index1_pointer_empty_array ... ok
test pointer::eval::tests::test_next_ascii_no_unescape::case_18_level1_index1_pointer_empty_object ... ok
test pointer::eval::tests::test_next_ascii_no_unescape::case_19_level1_index1_pointer_singleton_array_primitive ... ok
test pointer::eval::tests::test_next_ascii_no_unescape::case_20_level1_index1_pointer_singleton_array_empty_array ... ok
test pointer::eval::tests::test_next_ascii_no_unescape::case_21_level1_index1_pointer_singleton_array_empty_object ... ok
test pointer::eval::tests::test_next_ascii_no_unescape::case_22_level1_index1_pointer_multi_array_primitive ... ok
test pointer::eval::tests::test_next_ascii_no_unescape::case_23_level1_index1_pointer_multi_array_empty_array ... ok
test pointer::eval::tests::test_next_ascii_no_unescape::case_24_level1_index1_pointer_multi_array_empty_object ... ok
test pointer::eval::tests::test_next_ascii_no_unescape::case_25_level1_index1_pointer_multi_array_non_empty_array ... ok
test pointer::eval::tests::test_next_ascii_no_unescape::case_26_level1_index1_pointer_multi_array_non_empty_object ... ok
test pointer::eval::tests::test_next_ascii_no_unescape::case_27_level1_name_num_pointer_object_primitive ... ok
test pointer::eval::tests::test_next_ascii_no_unescape::case_28_level1_name_num_pointer_object_empty_array ... ok
test pointer::eval::tests::test_next_ascii_no_unescape::case_30_level1_name_str_pointer_primitive ... ok
test pointer::eval::tests::test_next_ascii_no_unescape::case_29_level1_name_num_pointer_object_empty_object ... ok
test pointer::eval::tests::test_next_ascii_no_unescape::case_31_level1_name_str_pointer_empty_array ... ok
test pointer::eval::tests::test_next_ascii_no_unescape::case_32_level1_name_str_pointer_empty_array ... ok
test pointer::eval::tests::test_next_ascii_no_unescape::case_33_level1_name_str_pointer_singleton_array_primitive ... ok
test pointer::eval::tests::test_next_ascii_no_unescape::case_34_level1_name_str_pointer_singleton_array_empty_array ... ok
test pointer::eval::tests::test_next_ascii_no_unescape::case_15_level1_index0_pointer_multi_array_primitive ... ok
test pointer::eval::tests::test_next_ascii_no_unescape::case_35_level1_name_str_pointer_singleton_array_empty_object ... ok
test pointer::eval::tests::test_next_ascii_no_unescape::case_36_level1_name_str_pointer_object_primitive ... ok
test pointer::eval::tests::test_next_ascii_no_unescape::case_37_level1_name_str_pointer_object_empty_array ... ok
test pointer::eval::tests::test_next_ascii_no_unescape::case_38_level1_name_str_pointer_object_empty_object ... ok
test pointer::eval::tests::test_next_ascii_no_unescape::case_39_level2_index0_0_pointer_primitive ... ok
test pointer::eval::tests::test_next_ascii_no_unescape::case_40_level2_index0_0_pointer_empty_array ... ok
test pointer::eval::tests::test_next_ascii_no_unescape::case_41_level2_index0_0_pointer_empty_object ... ok
test pointer::eval::tests::test_next_ascii_no_unescape::case_42_level2_index0_0_pointer_singleton_array_primitive ... ok
test pointer::eval::tests::test_next_ascii_no_unescape::case_43_level2_index0_0_pointer_singleton_array_empty_array ... ok
test pointer::eval::tests::test_next_ascii_no_unescape::case_44_level2_index0_0_pointer_singleton_array_empty_object ... ok
test pointer::eval::tests::test_next_ascii_no_unescape::case_45_level2_index0_0_pointer_singleton_array_singleton_array ... ok
test pointer::eval::tests::test_next_ascii_no_unescape::case_46_level2_index0_0_pointer_singleton_array_singleton_object ... ok
test pointer::eval::tests::test_next_ascii_no_unescape::case_47_level2_index0_0_pointer_multi_array_primitive ... ok
test pointer::eval::tests::test_next_ascii_no_unescape::case_48_level2_index_0_1_pointer_singleton_array_singleton_array ... ok
test pointer::eval::tests::test_next_ascii_no_unescape::case_49_level2_index_0_1_pointer_singleton_array_multi_array_primitive ... ok
test pointer::eval::tests::test_next_ascii_no_unescape::case_50_level2_index_0_1_pointer_singleton_array_multi_array_array ... ok
test pointer::eval::tests::test_next_ascii_no_unescape::case_52_level2_index_1_0_pointer_singleton_array_singleton_array ... ok
test pointer::eval::tests::test_next_ascii_no_unescape::case_51_level2_index_0_1_pointer_singleton_array_multi_array_object ... ok
test pointer::eval::tests::test_next_ascii_no_unescape::case_53_level2_index_1_0_pointer_multi_array_singleton_array_primitive ... ok
test pointer::eval::tests::test_next_ascii_no_unescape::case_55_level2_index_1_0_pointer_multi_array_singleton_array_object ... ok
test pointer::eval::tests::test_next_ascii_no_unescape::case_56_level2_index_1_1_pointer_multi_array_singleton_array_primitive ... ok
test pointer::eval::tests::test_next_ascii_no_unescape::case_57_level2_index_1_1_pointer_multi_array_multi_array_primitive ... ok
test pointer::eval::tests::test_next_ascii_no_unescape::case_58_level2_index_1_1_pointer_multi_array_multi_array_array ... ok
test pointer::eval::tests::test_next_ascii_no_unescape::case_59_level2_index_1_1_pointer_multi_array_multi_array_object ... ok
test pointer::eval::tests::test_next_ascii_no_unescape::case_60_level2_name_num_pointer_object_object_primitive ... ok
test pointer::eval::tests::test_next_ascii_no_unescape::case_61_level2_name_num_pointer_object_object_empty_array ... ok
test pointer::eval::tests::test_next_ascii_no_unescape::case_62_level2_name_num_pointer_object_object_empty_object ... ok
test pointer::eval::tests::test_next_ascii_no_unescape::case_63_level2_name_num_pointer_object_array_primitive ... ok
test pointer::eval::tests::test_next_ascii_no_unescape::case_64_level2_name_num_pointer_object_array_empty_array ... ok
test pointer::eval::tests::test_next_ascii_no_unescape::case_65_level2_name_num_pointer_object_array_empty_object ... ok
test pointer::eval::tests::test_next_ascii_no_unescape::case_66_level2_name_num_pointer_array_object_primitive ... ok
test pointer::eval::tests::test_next_ascii_no_unescape::case_67_level2_name_num_pointer_array_object_empty_array ... ok
test pointer::eval::tests::test_next_ascii_no_unescape::case_69_index_leading_zero ... ok
test pointer::eval::tests::test_next_ascii_no_unescape::case_68_level2_name_num_pointer_array_object_empty_object ... ok
test pointer::eval::tests::test_next_ascii_no_unescape::case_71_name_diverges_after_common_prefix_1 ... ok
test pointer::eval::tests::test_next_ascii_no_unescape::case_72_name_diverges_after_common_prefix_2 ... ok
test pointer::eval::tests::test_next_ascii_no_unescape::case_73_name_diverges_after_common_prefix_3 ... ok
test pointer::eval::tests::test_next_ascii_no_unescape::case_74_name_diverges_after_common_prefix_4 ... ok
test pointer::eval::tests::test_next_ascii_no_unescape::case_70_index_many ... ok
test pointer::eval::tests::test_next_ascii_no_unescape::case_75_name_diverges_after_common_prefix_4 ... ok
test pointer::eval::tests::test_next_ascii_no_unescape::case_77_name_trie_basic_1 ... ok
test pointer::eval::tests::test_next_ascii_no_unescape::case_78_name_trie_basic_2 ... ok
test pointer::eval::tests::test_other_methods::case_1_no_unescape ... ok
test pointer::group::tests::test_builder_common_prefix_len::case_01 ... ok
test pointer::eval::tests::test_next_ascii_no_unescape::case_76_name_many_no_trie ... ok
test pointer::group::tests::test_builder_common_prefix_len::case_02 ... ok
test pointer::eval::tests::test_next_ascii_no_unescape::case_79_name ... ok
test pointer::group::tests::test_builder_common_prefix_len::case_03 ... ok
test pointer::group::tests::test_builder_common_prefix_len::case_04 ... ok
test pointer::group::tests::test_builder_common_prefix_len::case_05 ... ok
test pointer::group::tests::test_builder_common_prefix_len::case_06 ... ok
test pointer::group::tests::test_builder_common_prefix_len::case_07 ... ok
test pointer::group::tests::test_builder_common_prefix_len::case_08 ... ok
test pointer::group::tests::test_builder_common_prefix_len::case_09 ... ok
test pointer::eval::tests::test_other_methods::case_2_unescape ... ok
test pointer::eval::tests::test_next_ascii_no_unescape::case_54_level2_index_1_0_pointer_multi_array_singleton_array_array ... ok
test pointer::group::tests::test_builder_common_prefix_len::case_10 ... ok
test pointer::group::tests::test_group_from_iterator_trait::case_1 ... ok
test pointer::group::tests::test_group_from_iterator_trait::case_2 ... ok
test pointer::group::tests::test_group_from_iterator_trait::case_3 ... ok
test pointer::group::tests::test_group_from_iterator_trait::case_4 ... ok
test pointer::group::tests::test_group_from_iterator_trait::case_5 ... ok
test pointer::group::tests::test_group_from_iterator_trait::case_6 ... ok
test pointer::group::tests::test_group_from_pointer::case_01_root ... ok
test pointer::group::tests::test_group_from_pointer::case_02_single_empty ... ok
test pointer::group::tests::test_group_from_pointer::case_03_single_a ... ok
test pointer::group::tests::test_group_from_pointer::case_04_single_0 ... ok
test pointer::group::tests::test_group_from_pointer::case_05_single_00 ... ok
test pointer::group::tests::test_group_from_pointer::case_06_single_00 ... ok
test pointer::group::tests::test_group_from_pointer::case_07_single_minus_1 ... ok
test pointer::group::tests::test_group_from_pointer::case_08_single_u64_max ... ok
test pointer::group::tests::test_group_from_pointer::case_09_single_u64_max_plus_1 ... ok
test pointer::group::tests::test_group_from_pointer::case_10_single_escape_tilde ... ok
test pointer::group::tests::test_group_from_pointer::case_11_single_escape_slash ... ok
test pointer::group::tests::test_group_from_pointer::case_12_single_no_case_fold ... ok
test pointer::group::tests::test_group_from_pointer::case_13_double_empty ... ok
test pointer::group::tests::test_group_from_pointer::case_14_slash_a_slash_empty ... ok
test pointer::group::tests::test_group_from_pointer::case_15_slash_0_slash_empty ... ok
test pointer::group::tests::test_group_from_pointer::case_17_slash_0_slash_empty ... ok
test pointer::group::tests::test_group_from_pointer::case_18_slash_a_slash_b ... ok
test pointer::group::tests::test_group_from_pointer::case_19_slash_0_slash_1 ... ok
test pointer::group::tests::test_group_from_pointer::case_20_triple_empty ... ok
test pointer::group::tests::test_group_from_pointers::case_01_empty ... ok
test pointer::group::tests::test_group_from_pointers::case_03_two_duplicate_slash_empty ... ok
test pointer::group::tests::test_group_from_pointers::case_04_two_duplicate_slash_a ... ok
test pointer::group::tests::test_group_from_pointers::case_05_two_root_and_slash_empty ... ok
test pointer::group::tests::test_group_from_pointers::case_06_two_slash_empty_and_root ... ok
test pointer::group::tests::test_group_from_pointers::case_07_two_root_and_slash_a ... ok
test pointer::group::tests::test_group_from_pointer::case_16_slash_empty_slash_a ... ok
test pointer::group::tests::test_group_from_pointers::case_02_two_duplicate_roots ... ok
test pointer::group::tests::test_group_from_pointers::case_08_two_root_and_slash_a_slash_b ... ok
test pointer::group::tests::test_group_from_pointers::case_11_two_slash_a_and_slash_b ... ok
test pointer::group::tests::test_group_from_pointers::case_10_two_slash_empty_and_tokens_foo_bar_baz_13_tilde_slash ... ok
test pointer::group::tests::test_group_from_pointers::case_12_two_slash_a_and_slash_b ... ok
test pointer::group::tests::test_group_from_pointers::case_13_two_slash_a_and_slash_aa ... ok
test pointer::group::tests::test_group_from_pointers::case_15_two_slash_0_and_slash_09 ... ok
test pointer::group::tests::test_group_from_pointers::case_17_two_slash_ab_and_slash_ac ... ok
test pointer::group::tests::test_group_from_pointers::case_14_two_slash_a_and_slash_ab ... ok
test pointer::group::tests::test_group_from_pointers::case_09_two_slash_a_and_root ... ok
test pointer::group::tests::test_group_from_pointers::case_16_two_slash_0_and_slash_0_slash_1 ... ok
test pointer::group::tests::test_group_from_pointers::case_18_two_slash_f_slash_oo_and_slash_f_slash_ob ... ok
test pointer::group::tests::test_group_from_pointers::case_19_two_index_node_sort ... ok
test pointer::group::tests::test_group_from_pointers::case_20_three_triplicate_empty ... ok
test pointer::group::tests::test_group_from_pointers::case_25_three_slash_aa_slash_a_slash_ab ... ok
test pointer::group::tests::test_group_from_pointers::case_21_three_duplicate_slash_empty ... ok
test pointer::group::tests::test_group_from_pointers::case_22_three_root_and_slash_empty_and_slash_a ... ok
test pointer::group::tests::test_group_from_pointers::case_23_three_slash_aa_slash_a_root ... ok
test pointer::group::tests::test_group_from_pointers::case_24_three_slash_bb_slash_b_slash_a ... ok
test pointer::group::tests::test_group_from_pointers::case_26_three_slash_a_slash_ab_slash_abc ... ok
test pointer::group::tests::test_group_from_pointers::case_27_three_slash_a_slash_ab_path_ab_c ... ok
test pointer::group::tests::test_group_from_pointers::case_29_three_slash_a_path_a_b_path_a_b_c ... ok
test pointer::group::tests::test_group_from_pointers::case_31_three_path_a_b_c_path_a_b_d_path_a_e ... ok
test pointer::group::tests::test_group_from_pointers::case_32_three_slash_a_slash_0_1_2 ... ok
test pointer::group::tests::test_group_from_pointers::case_33_three_slash_foo_slash_fob_slash_fox ... ok
test pointer::group::tests::test_group_from_pointers::case_34_three_slash_abc_slash_abd_slash_acd ... ok
test pointer::group::tests::test_group_from_pointers::case_36_three_slash_foo_slash_foobar_slash_foobaz ... ok
test pointer::group::tests::test_group_from_pointers::case_35_three_path_foo_bar_path_foo_baz_path_fool_bar ... ok
test pointer::group::tests::test_group_from_pointers::case_38_four_with_empty ... ok
test pointer::group::tests::test_group_from_pointers::case_37_four_with_root ... ok
test pointer::group::tests::test_group_from_pointers::case_40_big1 ... ok
test pointer::group::tests::test_group_from_pointers_ignore_case::case_2 ... ok
test pointer::group::tests::test_group_from_pointers::case_30_three_path_a_b_path_a_c_slash_ab ... ok
test pointer::group::tests::test_group_from_pointers::case_39_four_slash_a_slash_ab_slash_abc_slash_ac ... ok
test pointer::group::tests::test_group_from_pointers::case_28_three_slash_a_path_a_b_path_a_bc ... ok
test pointer::group::tests::test_group_from_pointers::case_41_big2 ... ok
test pointer::group::tests::test_group_from_pointers_ignore_case::case_3 ... ok
test pointer::group::tests::test_group_from_pointers_ignore_case::case_1 ... ok
test pointer::group::tests::test_group_from_pointers_ignore_case::case_4 ... ok
test pointer::group::tests::test_group_from_trait_from_pointer ... ok
test pointer::group::tests::test_group_from_pointers_ignore_case::case_5 ... ok
test pointer::group::tests::test_node_name_part_ok::case_1_name_no_match ... ok
test pointer::group::tests::test_node_name_part_ok::case_2_name_match ... ok
test pointer::group::tests::test_node_name_part_ok::case_3_trie_no_match ... ok
test pointer::group::tests::test_node_name_part_ok::case_4_trie_no_match ... ok
test pointer::group::tests::test_node_name_part_panic_index - should panic ... ok
test pointer::group::tests::test_node_name_part_panic_root - should panic ... ok
test pointer::state::tests::test_arr_begin_panics_when_should_skip::case_1_array - should panic ... ok
test pointer::state::tests::test_arr_begin_panics_when_should_skip::case_2_object - should panic ... ok
test pointer::state::tests::test_arr_begin_panics_when_should_skip::case_3_primitive - should panic ... ok
test pointer::state::tests::test_arr_begin_panics_when_should_skip_outer_obj::case_1_array - should panic ... ok
test pointer::state::tests::test_arr_begin_panics_when_should_skip_outer_obj::case_2_object - should panic ... ok
test pointer::state::tests::test_arr_begin_panics_when_should_skip_outer_obj::case_3_primitive - should panic ... ok
test pointer::state::tests::test_arr_end_panics_when_no_arr::case_1_root - should panic ... ok
test pointer::state::tests::test_arr_end_panics_when_no_arr::case_2_object - should panic ... ok
test pointer::state::tests::test_arr_end_panics_when_no_arr::case_3_object_member - should panic ... ok
test pointer::state::tests::test_chunked_name_matches::case_01_empty ... ok
test pointer::state::tests::test_chunked_name_matches::case_02_escape_not_expanded ... ok
test pointer::state::tests::test_chunked_name_matches::case_04_ab ... ok
test pointer::state::tests::test_chunked_name_matches::case_05_abc ... ok
test pointer::state::tests::test_chunked_name_matches::case_06_a_ab ... ok
test pointer::state::tests::test_chunked_name_matches::case_10_utf8_3_byte ... ok
test pointer::state::tests::test_chunked_name_matches::case_08_g ... ok
test pointer::state::tests::test_chunked_name_matches::case_03_a ... ok
test pointer::state::tests::test_chunked_name_matches::case_09_utf8_2_byte ... ok
test pointer::state::tests::test_chunked_name_matches_ignore_case::case_04_ab ... ok
test pointer::state::tests::test_chunked_name_matches_ignore_case::case_02_escape_not_expanded ... ok
test pointer::state::tests::test_chunked_name_matches_ignore_case::case_06_ab_upper ... ok
test pointer::state::tests::test_chunked_name_matches_ignore_case::case_05_a_upper ... ok
test pointer::state::tests::test_chunked_name_matches::case_11_utf8_4_byte ... ok
test pointer::state::tests::test_chunked_name_matches_ignore_case::case_03_a ... ok
test pointer::state::tests::test_chunked_name_matches::case_07_f_mostly ... ok
test pointer::state::tests::test_chunked_name_matches_ignore_case::case_01_empty ... ok
test pointer::state::tests::test_chunked_name_matches_ignore_case::case_10_utf8_3_byte ... ok
test pointer::state::tests::test_chunked_name_matches_ignore_case::case_11_utf8_4_byte ... ok
test pointer::state::tests::test_chunked_name_matches_unescape::case_02_simple_tab ... ok
test pointer::state::tests::test_chunked_name_matches_ignore_case::case_07_friedrichstraße ... ok
test pointer::state::tests::test_chunked_name_matches_unescape::case_01_empty ... ok
test pointer::state::tests::test_chunked_name_matches_unescape::case_03_simple_nl ... ok
test pointer::state::tests::test_chunked_name_matches_unescape::case_04_simple_cr ... ok
test pointer::state::tests::test_chunked_name_matches_unescape::case_05_simple_backslash ... ok
test pointer::state::tests::test_chunked_name_matches_unescape::case_06_simple_double_quote ... ok
test pointer::state::tests::test_chunked_name_matches_unescape::case_08_unicode_utf8_3_bytes ... ok
test pointer::state::tests::test_chunked_name_matches_unescape::case_07_unicode_utf8_2_bytes ... ok
test pointer::state::tests::test_chunked_name_matches_unescape::case_09_unicode_utf8_4_bytes ... ok
test pointer::state::tests::test_chunked_name_matches_ignore_case::case_09_utf8_2_byte ... ok
test pointer::state::tests::test_chunked_name_matches_unescape::case_10_json_pointer_escapes ... ok
test pointer::state::tests::test_empty_array_does_not_match::case_1 ... ok
test pointer::state::tests::test_empty_array_does_not_match::case_2 ... ok
test pointer::state::tests::test_empty_array_does_not_match::case_3 ... ok
test pointer::state::tests::test_empty_array_does_not_match::case_4 ... ok
test pointer::state::tests::test_empty_array_does_not_match::case_5 ... ok
test pointer::state::tests::test_member_name_panics_when_not_allowed::case_1_no_pointer_root - should panic ... ok
test pointer::state::tests::test_empty_object_does_not_match::case_1 ... ok
test pointer::state::tests::test_chunked_name_matches_unescape::case_11_multiple_pointers ... ok
test pointer::state::tests::test_empty_object_does_not_match::case_3 ... ok
test pointer::state::tests::test_member_name_panics_when_not_allowed::case_2_root_pointer_root - should panic ... ok
test pointer::state::tests::test_member_name_panics_when_not_allowed::case_4_root_pointer_root_after_primitive - should panic ... ok
test pointer::state::tests::test_member_name_panics_when_not_allowed::case_3_no_pointer_root_after_primitive - should panic ... ok
test pointer::state::tests::test_member_name_panics_when_not_allowed::case_5_index_pointer_array - should panic ... ok
test pointer::state::tests::test_member_name_panics_when_not_double_quoted::case_01_empty - should panic ... ok
test pointer::state::tests::test_member_name_panics_when_not_double_quoted::case_02_no_quote_a - should panic ... ok
test pointer::state::tests::test_empty_object_does_not_match::case_2 ... ok
test pointer::state::tests::test_member_name_panics_when_not_double_quoted::case_04_no_quote_utf8_2_byte - should panic ... ok
test pointer::state::tests::test_member_name_panics_when_not_double_quoted::case_03_no_quote_ab - should panic ... ok
test pointer::state::tests::test_member_name_panics_when_not_double_quoted::case_05_no_quote_utf8_3_byte - should panic ... ok
test pointer::state::tests::test_chunked_name_matches_ignore_case::case_08_f_mostly ... ok
test pointer::state::tests::test_member_name_panics_when_not_double_quoted::case_08_no_trailing_quote_2 - should panic ... ok
test pointer::state::tests::test_member_name_panics_when_not_double_quoted::case_06_no_quote_utf8_4_byte - should panic ... ok
test pointer::state::tests::test_member_name_panics_when_not_double_quoted::case_09_no_trailing_quote_2 - should panic ... ok
test pointer::state::tests::test_member_name_panics_when_not_double_quoted::case_07_lonesome_quote - should panic ... ok
test pointer::state::tests::test_member_name_panics_when_repeated::case_2 - should panic ... ok
test pointer::state::tests::test_member_name_panics_when_repeated::case_3 - should panic ... ok
test pointer::state::tests::test_member_name_panics_when_not_double_quoted::case_11_no_leading_quote_2 - should panic ... ok
test pointer::state::tests::test_member_name_panics_when_not_double_quoted::case_10_no_leading_quote_2 - should panic ... ok
test pointer::state::tests::test_member_name_panics_when_should_skip - should panic ... ok
test pointer::state::tests::test_obj_begin_panics_when_should_skip::case_1_array - should panic ... ok
test pointer::state::tests::test_obj_begin_panics_when_should_skip::case_2_object - should panic ... ok
test pointer::state::tests::test_obj_begin_panics_when_should_skip::case_3_primitive - should panic ... ok
test pointer::state::tests::test_obj_begin_panics_when_should_skip_outer_obj::case_1_array - should panic ... ok
test pointer::state::tests::test_obj_begin_panics_when_should_skip_outer_obj::case_2_object - should panic ... ok
test pointer::state::tests::test_obj_begin_panics_when_should_skip_outer_obj::case_3_primitive - should panic ... ok
test pointer::state::tests::test_member_name_panics_when_repeated::case_1 - should panic ... ok
test pointer::state::tests::test_obj_end_panics_when_no_obj::case_1_root - should panic ... ok
test pointer::state::tests::test_obj_end_panics_when_no_obj::case_2_array - should panic ... ok
test pointer::state::tests::test_primitive_does_not_match::case_1 ... ok
test pointer::state::tests::test_primitive_does_not_match::case_2 ... ok
test pointer::state::tests::test_primitive_does_not_match::case_3 ... ok
test pointer::state::tests::test_root_value_matches::case_1 ... ok
test pointer::state::tests::test_root_value_matches::case_2 ... ok
test pointer::state::tests::test_root_value_matches::case_3 ... ok
test pointer::state::tests::test_value_methods_panic_when_obj_missing_member_name_first_value::case_1_array - should panic ... ok
test pointer::state::tests::test_value_methods_panic_when_obj_missing_member_name_first_value::case_2_object - should panic ... ok
test pointer::state::tests::test_value_methods_panic_when_obj_missing_member_name_first_value::case_3_primitive - should panic ... ok
test pointer::state::tests::test_value_methods_panic_when_obj_missing_member_name_second_value::case_1_array - should panic ... ok
test pointer::state::tests::test_value_methods_panic_when_obj_missing_member_name_second_value::case_2_object - should panic ... ok
test pointer::tests::test_pointer_default ... ok
test pointer::state::tests::test_value_methods_panic_when_obj_missing_member_name_second_value::case_3_primitive - should panic ... ok
test pointer::tests::test_pointer_error::case_1 ... ok
test pointer::tests::test_pointer_error::case_2 ... ok
test pointer::tests::test_pointer_error::case_3 ... ok
test pointer::tests::test_pointer_from_err::case_01_illegal_start_1 ... ok
test pointer::tests::test_pointer_from_err::case_02_illegal_start_2 ... ok
test pointer::tests::test_pointer_from_err::case_03_illegal_start_3 ... ok
test pointer::tests::test_pointer_from_err::case_04_illegal_start_4 ... ok
test pointer::tests::test_pointer_from_err::case_05_illegal_start_5 ... ok
test pointer::tests::test_pointer_from_err::case_06_illegal_start_6 ... ok
test pointer::tests::test_pointer_from_err::case_07_illegal_start_7 ... ok
test pointer::tests::test_pointer_from_err::case_08_illegal_start_8 ... ok
test pointer::tests::test_pointer_from_err::case_09_illegal_start_9 ... ok
test pointer::tests::test_pointer_from_err::case_10_illegal_start_10 ... ok
test pointer::tests::test_pointer_from_err::case_11_unescaped_tilde_1 ... ok
test pointer::tests::test_pointer_from_err::case_12_unescaped_tilde_2 ... ok
test pointer::tests::test_pointer_from_err::case_13_unescaped_tilde_3 ... ok
test pointer::tests::test_pointer_from_err::case_14_unescaped_tilde_4 ... ok
test pointer::tests::test_pointer_from_err::case_15_unescaped_tilde_5 ... ok
test pointer::tests::test_pointer_from_err::case_16_unescaped_tilde_6 ... ok
test pointer::tests::test_pointer_from_err::case_17_unescaped_tilde_7 ... ok
test pointer::tests::test_pointer_from_err::case_18_unescaped_tilde_8 ... ok
test pointer::tests::test_pointer_from_err::case_19_unescaped_tilde_9 ... ok
test pointer::tests::test_pointer_from_err::case_20_unescaped_tilde_10 ... ok
test pointer::tests::test_pointer_from_err::case_21_unescaped_tilde_11 ... ok
test pointer::tests::test_pointer_from_err::case_22_unescaped_tilde_12 ... ok
test pointer::tests::test_pointer_from_err::case_23_unescaped_tilde_13 ... ok
test pointer::tests::test_pointer_from_err::case_24_unescaped_tilde_14 ... ok
test pointer::tests::test_pointer_from_err::case_25_unescaped_tilde_14 ... ok
test pointer::tests::test_pointer_from_err::case_26_unescaped_tilde_14 ... ok
test pointer::tests::test_pointer_from_ok::case_1_root ... ok
test pointer::tests::test_pointer_from_ok::case_2_root ... ok
test pointer::tests::test_pointer_from_ok::case_3_root ... ok
test pointer::tests::test_pointer_from_ok::case_4_root ... ok
test pointer::tests::test_pointer_from_ok::case_5_root ... ok
test pointer::tests::test_pointer_ref_tokens::case_01_empty ... ok
test pointer::tests::test_pointer_ref_tokens::case_02_slash ... ok
test pointer::tests::test_pointer_from_ok::case_6_root ... ok
test pointer::tests::test_pointer_ref_tokens::case_03_slash_str_a ... ok
test pointer::tests::test_pointer_ref_tokens::case_04_slash_str_foo ... ok
test pointer::tests::test_pointer_ref_tokens::case_05_slash_num_0 ... ok
test pointer::tests::test_pointer_ref_tokens::case_06_slash_num_1 ... ok
test pointer::tests::test_pointer_ref_tokens::case_07_slash_num_3_14 ... ok
test pointer::tests::test_pointer_ref_tokens::case_08_slash_num_987 ... ok
test pointer::tests::test_pointer_ref_tokens::case_09_slash_num_minus_0 ... ok
test pointer::tests::test_pointer_ref_tokens::case_10_slash_num_minus_1 ... ok
test pointer::tests::test_pointer_ref_tokens::case_11_slash_num_minus_3_14 ... ok
test pointer::tests::test_pointer_ref_tokens::case_12_slash_esc_tilde ... ok
test pointer::tests::test_pointer_ref_tokens::case_13_slash_esc_tilde_esc_tilde ... ok
test pointer::tests::test_pointer_ref_tokens::case_14_slash_esc_slash ... ok
test pointer::tests::test_pointer_ref_tokens::case_15_slash_esc_slash_esc_slash ... ok
test pointer::tests::test_pointer_ref_tokens::case_16_slash_esc_tilde_esc_slash ... ok
test pointer::tests::test_pointer_ref_tokens::case_17_slash_esc_slash_esc_tilde ... ok
test pointer::tests::test_pointer_ref_tokens::case_18_slash_esc_many ... ok
test pointer::tests::test_pointer_ref_tokens::case_19_slash_str_a_slash ... ok
test pointer::tests::test_pointer_ref_tokens::case_20_slash_esc_tilde_slash ... ok
test pointer::tests::test_pointer_ref_tokens::case_21_slash_esc_tilde_esc_tilde_slash ... ok
test pointer::tests::test_pointer_ref_tokens::case_22_slash_esc_slash_slash ... ok
test pointer::tests::test_pointer_ref_tokens::case_23_slash_esc_slash_esc_tilde_slash ... ok
test pointer::tests::test_pointer_ref_tokens::case_24_slash_slash ... ok
test pointer::tests::test_pointer_ref_tokens::case_25_slash_slash_str_a ... ok
test pointer::tests::test_pointer_ref_tokens::case_26_slash_slash_esc_tilde ... ok
test pointer::tests::test_pointer_ref_tokens::case_27_slash_slash_esc_slash ... ok
test pointer::tests::test_pointer_ref_tokens::case_28_slash_str_a_slash_str_a ... ok
test pointer::tests::test_pointer_ref_tokens::case_29_slash_str_foo_slash_str_bar_slash_num_0 ... ok
test pointer::tests::test_pointer_ref_tokens::case_30_slash_str_foo_slash_str_bar_slash_num_0_slash_esc_tilde_slash ... ok
test pointer::tests::test_pointer_ref_tokens::case_31_slash_esc_tilde_slash_str_a_slash_slash_esc_tilde_esc_slash_foo_slash_bar ... ok
test sink::tests::test_one_extend_from_slice ... ok
test sink::tests::test_one_push ... ok
test sink::tests::test_six_four ... ok
test sink::tests::test_zero ... ok
test sink::tests::test_zero_reserve_unreachable - should panic ... ok
test syntax::tests::test_context ... ok
test syntax::tests::test_error_kind_display::case_1 ... ok
test syntax::tests::test_error_kind_display::case_2 ... ok
test syntax::tests::test_error_kind_display::case_3 ... ok
test syntax::tests::test_error_kind_display::case_4 ... ok
test syntax::tests::test_error_kind_display::case_5 ... ok
test syntax::tests::test_error_no_source ... ok
test syntax::tests::test_error_source ... ok
test syntax::tests::test_expect_allowed_tokens::case_1 ... ok
test syntax::tests::test_expect_allowed_tokens::case_2 ... ok
test syntax::tests::test_expect_allowed_tokens::case_3 ... ok
test syntax::tests::test_expect_allowed_tokens::case_4 ... ok
test syntax::tests::test_expect_allowed_tokens::case_5 ... ok
test syntax::tests::test_expect_allowed_tokens::case_6 ... ok
test syntax::tests::test_expect_allowed_tokens::case_7 ... ok
test syntax::tests::test_expect_allowed_tokens::case_8 ... ok
test syntax::tests::test_expect_display::case_2 ... ok
test syntax::tests::test_expect_display::case_3 ... ok
test syntax::tests::test_expect_display::case_4 ... ok
test syntax::tests::test_expect_display::case_5 ... ok
test syntax::tests::test_expect_display::case_6 ... ok
test syntax::tests::test_expect_display::case_7 ... ok
test syntax::tests::test_expect_display::case_8 ... ok
test syntax::tests::test_parser_content_new ... ok
test syntax::tests::test_parser_content_panic_on_err - should panic ... ok
test syntax::tests::test_parser_err_level::case_1_arr_max_level_0 ... ok
test syntax::tests::test_expect_display::case_1 ... ok
test syntax::tests::test_parser_err_level::case_2_arr_max_level_1 ... ok
test syntax::tests::test_parser_err_level::case_3_arr_max_level_2 ... ok
test syntax::tests::test_parser_err_level::case_4_obj_max_level_0 ... ok
test syntax::tests::test_parser_err_level::case_5_obj_max_level_1 ... ok
test syntax::tests::test_parser_err_level::case_6_obj_max_level_2 ... ok
test syntax::tests::test_parser_err_level::case_7_mixed ... ok
test syntax::tests::test_parser_err_lexical::case_1_expect_arr_element_or_end ... ok
test syntax::tests::test_parser_err_lexical::case_2_expect_arr_element_sep_or_end ... ok
test syntax::tests::test_parser_err_lexical::case_3_expect_eof ... ok
test syntax::tests::test_parser_err_lexical::case_4_expect_obj_name ... ok
test syntax::tests::test_parser_err_lexical::case_5_expect_obj_name_or_end ... ok
test syntax::tests::test_parser_err_lexical::case_6_expect_obj_name_sep ... ok
test syntax::tests::test_parser_err_lexical::case_7_expect_value_root ... ok
test syntax::tests::test_parser_err_lexical::case_8_expect_value_arr_element ... ok
test syntax::tests::test_parser_err_lexical::case_9_expect_value_obj_member ... ok
test syntax::tests::test_parser_err_panic_on_content - should panic ... ok
test syntax::tests::test_parser_err_syntax::case_01_expect_arr_element_or_end_eof ... ok
test syntax::tests::test_parser_err_syntax::case_02_expect_arr_element_or_end_name_sep ... ok
test syntax::tests::test_parser_err_syntax::case_03_expect_arr_element_or_end_obj_end ... ok
test syntax::tests::test_parser_err_syntax::case_04_expect_arr_element_or_end_value_sep ... ok
test syntax::tests::test_parser_err_syntax::case_05_expect_arr_element_sep_or_end_arr_begin ... ok
test syntax::tests::test_parser_err_syntax::case_06_expect_arr_element_sep_or_end_eof ... ok
test syntax::tests::test_parser_err_syntax::case_07_expect_arr_element_sep_or_end_lit_false ... ok
test syntax::tests::test_parser_err_syntax::case_08_expect_arr_element_sep_or_end_lit_null ... ok
test syntax::tests::test_parser_err_syntax::case_09_expect_arr_element_sep_or_end_lit_true ... ok
test syntax::tests::test_parser_err_syntax::case_10_expect_arr_element_sep_or_end_name_sep ... ok
test syntax::tests::test_parser_err_syntax::case_11_expect_arr_element_sep_or_end_lit_true ... ok
test syntax::tests::test_parser_err_syntax::case_12_expect_arr_element_sep_or_end_obj_begin ... ok
test syntax::tests::test_parser_err_syntax::case_13_expect_arr_element_sep_or_end_obj_end ... ok
test syntax::tests::test_parser_err_syntax::case_14_expect_arr_element_sep_or_end_str ... ok
test syntax::tests::test_parser_err_syntax::case_15_expect_eof_arr_begin ... ok
test syntax::tests::test_parser_err_syntax::case_16_expect_eof_arr_end ... ok
test syntax::tests::test_parser_err_syntax::case_17_expect_eof_lit_false ... ok
test syntax::tests::test_parser_err_syntax::case_18_expect_eof_lit_null ... ok
test syntax::tests::test_parser_err_syntax::case_19_expect_eof_lit_true ... ok
test syntax::tests::test_parser_err_syntax::case_20_expect_eof_name_sep ... ok
test syntax::tests::test_parser_err_syntax::case_21_expect_eof_num ... ok
test syntax::tests::test_parser_err_syntax::case_22_expect_eof_obj_begin ... ok
test syntax::tests::test_parser_err_syntax::case_23_expect_eof_obj_end ... ok
test syntax::tests::test_parser_err_syntax::case_24_expect_eof_num ... ok
test syntax::tests::test_parser_err_syntax::case_25_expect_eof_name_sep ... ok
test syntax::tests::test_parser_err_syntax::case_26_expect_obj_name_arr_begin ... ok
test syntax::tests::test_parser_err_syntax::case_27_expect_obj_name_arr_end ... ok
test syntax::tests::test_parser_err_syntax::case_28_expect_obj_name_eof ... ok
test syntax::tests::test_parser_err_syntax::case_29_expect_obj_name_lit_false ... ok
test syntax::tests::test_parser_err_syntax::case_30_expect_obj_name_lit_null ... ok
test syntax::tests::test_parser_err_syntax::case_31_expect_obj_name_lit_true ... ok
test syntax::tests::test_parser_err_syntax::case_32_expect_obj_name_name_sep ... ok
test syntax::tests::test_parser_err_syntax::case_33_expect_obj_name_num ... ok
test syntax::tests::test_parser_err_syntax::case_34_expect_obj_name_obj_begin ... ok
test syntax::tests::test_parser_err_syntax::case_35_expect_obj_name_obj_end ... ok
test syntax::tests::test_parser_err_syntax::case_36_expect_obj_name_value_sep ... ok
test syntax::tests::test_parser_err_syntax::case_37_expect_obj_name_or_end_arr_begin ... ok
test syntax::tests::test_parser_err_syntax::case_38_expect_obj_name_or_end_arr_end ... ok
test syntax::tests::test_parser_err_syntax::case_39_expect_obj_name_or_end_eof ... ok
test syntax::tests::test_parser_err_syntax::case_40_expect_obj_name_or_end_lit_false ... ok
test syntax::tests::test_parser_err_syntax::case_41_expect_obj_name_or_end_lit_null ... ok
test syntax::tests::test_parser_err_syntax::case_42_expect_obj_name_or_end_lit_true ... ok
test syntax::tests::test_parser_err_syntax::case_43_expect_obj_name_or_end_name_sep ... ok
test syntax::tests::test_parser_err_syntax::case_44_expect_obj_name_or_end_num ... ok
test syntax::tests::test_parser_err_syntax::case_45_expect_obj_name_or_end_obj_begin ... ok
test syntax::tests::test_parser_err_syntax::case_46_expect_obj_name_or_end_value_sep ... ok
test syntax::tests::test_parser_err_syntax::case_47_expect_obj_name_sep_arr_begin ... ok
test syntax::tests::test_parser_err_syntax::case_48_expect_obj_name_sep_arr_end ... ok
test syntax::tests::test_parser_err_syntax::case_49_expect_obj_name_sep_eof ... ok
test syntax::tests::test_parser_err_syntax::case_50_expect_obj_name_sep_lit_false ... ok
test syntax::tests::test_parser_err_syntax::case_51_expect_obj_name_sep_lit_null ... ok
test syntax::tests::test_parser_err_syntax::case_52_expect_obj_name_sep_lit_true ... ok
test syntax::tests::test_parser_err_syntax::case_53_expect_obj_name_sep_num ... ok
test syntax::tests::test_parser_err_syntax::case_54_expect_obj_name_sep_obj_begin ... ok
test syntax::tests::test_parser_err_syntax::case_55_expect_obj_name_sep_obj_end ... ok
test syntax::tests::test_parser_err_syntax::case_56_expect_obj_name_sep_str ... ok
test syntax::tests::test_parser_err_syntax::case_57_expect_obj_name_sep_value_sep ... ok
test syntax::tests::test_parser_err_syntax::case_58_expect_obj_value_sep_or_end_arr_begin ... ok
test syntax::tests::test_parser_err_syntax::case_59_expect_obj_value_sep_or_end_arr_end ... ok
test syntax::tests::test_parser_err_syntax::case_60_expect_obj_value_sep_or_end_eof ... ok
test syntax::tests::test_parser_err_syntax::case_61_expect_obj_value_sep_or_end_lit_false ... ok
test syntax::tests::test_parser_err_syntax::case_62_expect_obj_value_sep_or_end_lit_null ... ok
test syntax::tests::test_parser_err_syntax::case_63_expect_obj_value_sep_or_end_lit_true ... ok
test syntax::tests::test_parser_err_syntax::case_64_expect_obj_value_sep_or_end_name_sep ... ok
test syntax::tests::test_parser_err_syntax::case_65_expect_obj_value_sep_or_end_num ... ok
test syntax::tests::test_parser_err_syntax::case_66_expect_obj_value_sep_or_end_obj_begin ... ok
test syntax::tests::test_parser_err_syntax::case_67_expect_obj_value_sep_or_end_str ... ok
test syntax::tests::test_parser_err_syntax::case_68_expect_value_arr_end ... ok
test syntax::tests::test_parser_err_syntax::case_69_expect_value_eof ... ok
test syntax::tests::test_parser_err_syntax::case_70_expect_value_name_sep ... ok
test syntax::tests::test_parser_err_syntax::case_71_expect_value_obj_end ... ok
test syntax::tests::test_parser_err_syntax::case_72_expect_value_value_sep ... ok
test syntax::tests::test_parser_err_syntax::case_73_expect_value_in_arr_arr_end ... ok
test syntax::tests::test_parser_err_syntax::case_74_expect_value_in_arr_eof ... ok
test syntax::tests::test_parser_err_syntax::case_75_expect_value_in_arr_name_sep ... ok
test syntax::tests::test_parser_err_syntax::case_76_expect_value_in_arr_obj_end ... ok
test syntax::tests::test_parser_err_syntax::case_77_expect_value_in_arr_value_sep ... ok
test syntax::tests::test_parser_err_syntax::case_78_expect_value_in_obj_arr_end ... ok
test syntax::tests::test_parser_err_syntax::case_79_expect_value_in_obj_name_sep ... ok
test syntax::tests::test_parser_err_syntax::case_80_expect_value_in_obj_obj_end ... ok
test syntax::tests::test_parser_err_syntax::case_81_expect_value_in_obj_value_sep ... ok
test syntax::tests::test_parser_into_inner ... ok
test syntax::tests::test_parser_next::case_01_arr_empty ... ok
test syntax::tests::test_parser_next::case_02_arr_one ... ok
test syntax::tests::test_parser_next::case_03_arr_two ... ok
test syntax::tests::test_parser_next::case_04_arr_three ... ok
test syntax::tests::test_parser_next::case_05_num ... ok
test syntax::tests::test_parser_next::case_06_lit_false ... ok
test syntax::tests::test_parser_next::case_07_lit_null ... ok
test syntax::tests::test_parser_next::case_08_lit_true ... ok
test syntax::tests::test_parser_next::case_09_obj_empty ... ok
test syntax::tests::test_parser_next::case_10_obj_one_arr ... ok
test syntax::tests::test_parser_next::case_11_obj_one_num ... ok
test syntax::tests::test_parser_next::case_12_obj_one_lit_false ... ok
test syntax::tests::test_parser_next::case_13_obj_one_lit_null ... ok
test syntax::tests::test_parser_next::case_14_obj_one_lit_true ... ok
test syntax::tests::test_parser_next::case_15_obj_one_str ... ok
test syntax::tests::test_parser_next::case_16_obj_two ... ok
test syntax::tests::test_parser_next::case_18_str ... ok
test syntax::tests::test_parser_next::case_17_obj_three ... ok
test syntax::tests::test_parser_next::case_19_white_arr ... ok
test syntax::tests::test_parser_next::case_20_white_lit_false ... ok
test syntax::tests::test_parser_next::case_21_white_lit_null ... ok
test syntax::tests::test_parser_next::case_22_white_lit_true ... ok
test syntax::tests::test_parser_next::case_23_white_num ... ok
test syntax::tests::test_parser_next::case_25_white_str ... ok
test syntax::tests::test_parser_next::case_24_white_obj ... ok
test syntax::tests::test_parser_next_end_inside::case_01 ... ok
test syntax::tests::test_parser_next_end_inside::case_02 ... ok
test syntax::tests::test_parser_next_end_inside::case_03 ... ok
test syntax::tests::test_parser_next_end_inside::case_04 ... ok
test syntax::tests::test_parser_next_end_inside::case_05 ... ok
test syntax::tests::test_parser_next_end_inside::case_06 ... ok
test syntax::tests::test_parser_next_end_inside::case_07 ... ok
test syntax::tests::test_parser_next_end_inside::case_08 ... ok
test syntax::tests::test_parser_next_end_inside::case_09 ... ok
test syntax::tests::test_parser_next_end_inside::case_10 ... ok
test syntax::tests::test_parser_next_end_inside::case_11 ... ok
test syntax::tests::test_parser_next_end_inside::case_12 ... ok
test syntax::tests::test_parser_next_end_root::case_01_arr_empty ... ok
test syntax::tests::test_parser_next_end_root::case_02_arr_single ... ok
test syntax::tests::test_parser_next_end_root::case_03_arr_multiple ... ok
test syntax::tests::test_parser_next_end_root::case_04_arr_nested_empty ... ok
test syntax::tests::test_parser_next_end_root::case_05_arr_nested_single ... ok
test syntax::tests::test_parser_next_end_root::case_06_lit ... ok
test syntax::tests::test_parser_next_end_root::case_07_obj_empty ... ok
test syntax::tests::test_parser_next_end_root::case_08_obj_single ... ok
test syntax::tests::test_parser_next_end_root::case_09_obj_multiple ... ok
test syntax::tests::test_parser_next_end_root::case_10_obj_nested_empty ... ok
test syntax::tests::test_parser_next_end_root::case_11_obj_nested_single ... ok
test syntax::tests::test_parser_next_end_root::case_12_num ... ok
test syntax::tests::test_parser_next_end_root::case_13_str ... ok
test syntax::tests::test_parser_set_max_level_inflight_level_equal ... ok
test syntax::tests::test_parser_set_max_level_inflight_level_less ... ok
test syntax::tests::test_parser_set_max_level_inflight_level_more - should panic ... ok
test syntax::tests::test_parser_with_max_level ... ok
test syntax::tests::test_parser_smoke ... ok
test syntax::tests::test_struct_context::case_01_empty ... ok
test syntax::tests::test_struct_context::case_02_array ... ok
test syntax::tests::test_struct_context::case_03_array_array ... ok
test syntax::tests::test_struct_context::case_04_array_array_array ... ok
test syntax::tests::test_struct_context::case_06_array_object ... ok
test syntax::tests::test_struct_context::case_05_array_array_object ... ok
test syntax::tests::test_struct_context::case_07_array_object_array ... ok
test syntax::tests::test_struct_context::case_08_array_object_object ... ok
test syntax::tests::test_struct_context::case_09_object ... ok
test syntax::tests::test_struct_context::case_10_object_array ... ok
test syntax::tests::test_struct_context::case_11_object_array_array ... ok
test syntax::tests::test_struct_context::case_13_object_object ... ok
test syntax::tests::test_struct_context::case_12_object_array_object ... ok
test syntax::tests::test_struct_context::case_14_object_object_array ... ok
test syntax::tests::test_struct_context::case_15_object_object_object ... ok
test syntax::tests::test_struct_kind_from_bitref ... ok
test syntax::tests::test_struct_context_partial_eq ... ok
test syntax::tests::test_struct_kind_from_bool::case_1 ... ok
test syntax::tests::test_struct_kind_from_bool::case_2 ... ok
test tests::test_buf_advance_ok::case_01 ... ok
test tests::test_buf_advance_ok::case_02 ... ok
test tests::test_buf_advance_ok::case_03 ... ok
test tests::test_buf_advance_ok::case_04 ... ok
test tests::test_buf_advance_ok::case_05 ... ok
test tests::test_buf_advance_ok::case_06 ... ok
test tests::test_buf_advance_ok::case_07 ... ok
test tests::test_buf_advance_ok::case_08 ... ok
test tests::test_buf_advance_ok::case_09 ... ok
test tests::test_buf_advance_ok::case_10 ... ok
test tests::test_buf_advance_panic::case_1 - should panic ... ok
test tests::test_buf_advance_panic::case_2 - should panic ... ok
test tests::test_buf_advance_panic::case_3 - should panic ... ok
test tests::test_buf_advance_panic::case_4 - should panic ... ok
test tests::test_buf_chunk::case_1 ... ok
test tests::test_buf_chunk::case_2 ... ok
test tests::test_buf_chunk::case_3 ... ok
test tests::test_buf_copy_to_slice_ok::case_1 ... ok
test tests::test_buf_copy_to_slice_ok::case_2 ... ok
test tests::test_buf_copy_to_slice_ok::case_3 ... ok
test tests::test_buf_copy_to_slice_ok::case_4 ... ok
test tests::test_buf_copy_to_slice_ok::case_5 ... ok
test tests::test_buf_copy_to_slice_ok::case_6 ... ok
test tests::test_buf_copy_to_slice_ok::case_7 ... ok
test tests::test_buf_remaining::case_1 ... ok
test tests::test_buf_remaining::case_2 ... ok
test tests::test_buf_remaining::case_3 ... ok
test tests::test_buf_try_copy_to_slice_err::case_1 ... ok
test tests::test_buf_try_copy_to_slice_err::case_2 ... ok
test tests::test_buf_try_copy_to_slice_err::case_3 ... ok
test tests::test_buf_try_copy_to_slice_err::case_4 ... ok
test tests::test_buf_try_copy_to_slice_err::case_5 ... ok
test tests::test_buf_try_copy_to_slice_ok::case_1 ... ok
test tests::test_buf_try_copy_to_slice_ok::case_2 ... ok
test tests::test_buf_try_copy_to_slice_ok::case_3 ... ok
test tests::test_buf_try_copy_to_slice_ok::case_4 ... ok
test tests::test_buf_try_copy_to_slice_ok::case_5 ... ok
test tests::test_buf_try_copy_to_slice_ok::case_6 ... ok
test tests::test_buf_try_copy_to_slice_ok::case_7 ... ok
test tests::test_ord_str ... ok
test tests::test_pos_default ... ok
test tests::test_pos_display ... ok
test tests::test_pos_new ... ok
test syntax::tests::test_struct_context::case_16_heap ... ok

test result: ok. 3228 passed; 0 failed; 0 ignored; 0 measured; 0 filtered out; finished in 0.25s

   Doc-tests bufjson

running 180 tests
test src/lexical.rs - lexical::Token::is_pseudo (line 713) ... ok
test src/lexical.rs - lexical::Token::is_literal (line 662) ... ok
test src/lexical.rs - lexical::Token::static_content (line 807) ... ok
test src/lexical.rs - lexical::Unescaped (line 865) ... ok
test src/lexical.rs - lexical (line 68) ... ok
test src/lexical.rs - lexical::Token::is_primitive (line 687) ... ok
test src/lexical.rs - lexical::Token::is_terminal (line 789) ... ok
test src/lexical.rs - lexical::Token::is_struct (line 763) ... ok
test src/lexical.rs - lexical::parse_f64 (line 463) ... ok
test src/lexical.rs - lexical::parse_f64 (line 443) ... ok
test src/lexical.rs - lexical::parse_f64 (line 471) ... ok
test src/lexical.rs - lexical::parse_f64 (line 452) ... ok
test src/lexical.rs - lexical::Token::is_punct (line 737) ... ok
test src/lexical.rs - lexical::parse_i128 (line 385) ... ok
test src/lexical.rs - lexical::parse_i128 (line 394) ... ok
test src/lexical.rs - lexical::parse_i128 (line 377) ... ok
test src/lexical.rs - lexical::UnescapedBuf (line 1161) ... ok
test src/lexical.rs - lexical (line 78) ... ok
test src/lexical.rs - lexical::parse_i64 (line 282) ... ok
test src/lexical.rs - lexical::parse_u64 (line 308) ... ok
test src/lexical.rs - lexical::parse_i64 (line 274) ... ok
test src/lexical.rs - lexical::parse_u64 (line 316) ... ok
test src/lexical.rs - lexical::parse_u64 (line 334) ... ok
test src/lexical.rs - lexical::parse_i64 (line 265) ... ok
test src/lexical.rs - lexical::parse_i128 (line 411) ... ok
test src/lexical.rs - lexical::parse_u64 (line 342) ... ok
test src/lexical.rs - lexical::parse_u64 (line 325) ... ok
test src/lexical.rs - lexical::parse_i128 (line 403) ... ok
test src/lexical.rs - lexical::parse_u64 (line 350) ... ok
test src/lexical.rs - lexical::unescaped_cmp (line 2213) ... ok
test src/lexical.rs - lexical::unescape (line 2029) ... ok
test src/lexical/fixed.rs - lexical::fixed::Content<B>::parse_i128 (line 315) ... ok
test src/lexical/fixed.rs - lexical::fixed::Content<B>::parse_f64 (line 350) ... ok
test src/lexical/fixed.rs - lexical::fixed::Content<B>::parse_u64 (line 284) ... ok
test src/lexical.rs - lexical::parse_i64 (line 256) ... ok
test src/lexical.rs - lexical::unescape (line 2016) ... ok
test src/lexical.rs - lexical::parse_i64 (line 248) ... ok
test src/lexical/fixed.rs - lexical::fixed::FixedAnalyzer<B>::content (line 716) ... ok
test src/lexical/fixed.rs - lexical::fixed::FixedAnalyzer<B>::err (line 750) ... ok
test src/lexical/fixed.rs - lexical::fixed::FixedAnalyzer<B>::into_parser (line 875) ... ok
test src/lexical/fixed.rs - lexical::fixed::Content<B>::parse_i64 (line 253) ... ok
test src/lexical/fixed.rs - lexical::fixed::FixedAnalyzer<B>::new (line 624) ... ok
test src/lexical/fixed.rs - lexical::fixed::Content<B>::unescaped_cmp (line 191) ... ok
test src/lexical/fixed.rs - lexical::fixed::Content<Vec<u8>>::from_static (line 70) ... ok
test src/lexical/fixed.rs - lexical::fixed::FixedAnalyzer (line 589) ... ok
test src/lexical/fixed.rs - lexical::fixed::FixedAnalyzer<B>::next (line 651) ... ok
test src/lexical/fixed.rs - lexical::fixed::FixedAnalyzer<B>::pos (line 781) ... ok
test src/lexical/fixed.rs - lexical::fixed::FixedAnalyzer (line 573) ... ok
test src/lexical/pipe.rs - lexical::pipe::Literal::from_static (line 480) ... ok
test src/lexical/fixed.rs - lexical::fixed::FixedAnalyzer<B>::pos (line 806) ... ok
test src/lexical/fixed.rs - lexical::fixed::FixedAnalyzer<B>::try_content (line 834) ... ok
test src/lexical/fixed.rs - lexical::fixed::FixedAnalyzer<B>::pos (line 788) ... ok
test src/lexical/pipe.rs - lexical::pipe::Literal::from_string (line 545) ... ok
test src/lexical/pipe.rs - lexical::pipe::Literal::is_empty (line 597) ... ok
test src/lexical/pipe.rs - lexical::pipe::Literal::from_string (line 554) ... ok
test src/lexical/pipe.rs - lexical::pipe::Literal::len (line 580) ... ok
test src/lexical/pipe.rs - lexical::pipe::LiteralBuf (line 811) ... ok
test src/lexical/pipe.rs - lexical::pipe::PipeAnalyzer (line 1282) ... ok
test src/lexical/pipe.rs - lexical::pipe::Pipe (line 1124) ... ok
test src/lexical/pipe.rs - lexical::pipe::PipeAnalyzer<P>::into_parser (line 1714) ... ok
test src/lexical/pipe.rs - lexical::pipe::PipeAnalyzer<P>::content (line 1489) ... ok
test src/lexical/pipe.rs - lexical::pipe::PipeAnalyzer<P>::pos (line 1572) ... ok
test src/lexical/pipe.rs - lexical::pipe::PipeAnalyzer<P>::err (line 1526) ... ok
test src/lexical/pipe.rs - lexical::pipe::PipeAnalyzer<P>::pos (line 1561) ... ok
test src/lexical/fixed.rs - lexical::fixed::FixedAnalyzer<B>::try_content (line 844) ... ok
test src/lexical/pipe.rs - lexical::pipe::PipeAnalyzer<P>::new (line 1341) ... ok
test src/lexical/pipe.rs - lexical::pipe::Pipe (line 1143) ... ok
test src/lexical/pipe.rs - lexical::pipe::PipeAnalyzer<P>::next (line 1380) ... ok
test src/lexical/pipe.rs - lexical::pipe::PipeAnalyzer<P>::pos (line 1594) ... ok
test src/lexical/read.rs - lexical::read::Literal::is_empty (line 486) ... ok
test src/lexical/pipe.rs - lexical::pipe::PipeAnalyzer<P>::try_content (line 1626) ... ok
test src/lexical/read.rs - lexical::read::Literal::from_static (line 377) ... ok
test src/lexical/read.rs - lexical::read::Literal::from_string (line 437) ... ok
test src/lexical/read.rs - lexical::read::Literal::from_string (line 446) ... ok
test src/lexical/read.rs - lexical::read::Literal::len (line 469) ... ok
test src/lexical/pipe.rs - lexical::pipe::PipeAnalyzer<P>::try_content (line 1642) ... ok
test src/lexical/read.rs - lexical::read::ReadAnalyzer<R>::new (line 1510) - compile ... ok
test src/lexical/read.rs - lexical::read::LiteralBuf (line 699) ... ok
test src/lexical/read.rs - lexical::read::ReadAnalyzer<R>::err (line 1693) ... ok
test src/lexical/read.rs - lexical::read::ReadAnalyzer<R>::pos (line 1729) ... ok
test src/lexical/read.rs - lexical::read::ReadAnalyzer<R>::content (line 1655) ... ok
test src/lexical/read.rs - lexical::read::ReadAnalyzer<R>::with_buf_size (line 1859) - compile ... ok
test src/lexical/read.rs - lexical::read::ReadAnalyzer (line 1460) ... ok
test src/lexical/read.rs - lexical::read::ReadAnalyzer<R>::pos (line 1754) ... ok
test src/lexical/read.rs - lexical::read::ReadAnalyzer<R>::pos (line 1736) ... ok
test src/lexical/read.rs - lexical::read::ReadAnalyzer<R>::try_content (line 1782) ... ok
test src/lexical/read.rs - lexical::read::ReadAnalyzer<R>::next (line 1529) ... ok
test src/lexical/state.rs - lexical::state::Machine<B>::end (line 431) ... ok
test src/lexical/state.rs - lexical::state::Machine<B>::next (line 238) ... ok
test src/lexical/state.rs - lexical::state::Machine<B>::next (line 247) ... ok
test src/lexical/state.rs - lexical::state::DerefBuf (line 1470) ... ok
test src/lexical/read.rs - lexical::read::ReadAnalyzer<R>::into_parser (line 1819) ... ok
test src/lexical/state.rs - lexical::state::Machine<B>::next (line 271) ... ok
test src/lexical/read.rs - lexical::read::ReadAnalyzer<R>::try_content (line 1792) ... ok
test src/lexical/state.rs - lexical::state::Machine<B>::next (line 260) ... ok
test src/lib.rs - Buf (line 134) ... ok
test src/lib.rs - (line 93) ... ok
test src/lexical/state.rs - lexical::state::Machine<B>::resume (line 357) ... ok
test src/lib.rs - Buf::chunk (line 188) ... ok
test src/lib.rs - Buf::advance (line 164) ... ok
test src/lib.rs - Buf::chunk (line 199) ... ok
test src/lib.rs - Buf::has_remaining (line 269) ... ok
test src/lib.rs - Buf::copy_to_slice (line 293) ... ok
test src/lib.rs - Buf::remaining (line 216) ... ok
test src/lexical/state.rs - lexical::state::Machine<B>::next (line 283) ... ok
test src/lib.rs - Buf::try_copy_to_slice (line 238) ... ok
test src/lib.rs - IntoBuf (line 345) ... ok
test src/lib.rs - IntoBuf (line 326) ... ok
test src/lib.rs - Buf::try_copy_to_slice (line 249) ... ok
test src/pointer.rs - pointer::Pointer::from_owned (line 117) ... ok
test src/pointer.rs - pointer::Pointer (line 77) ... ok
test src/lib.rs - StringBuf (line 426) ... ok
test src/lib.rs - buf_cmp (line 547) ... ok
test src/pointer.rs - pointer::Pointer::from_static (line 99) ... ok
test src/pointer.rs - pointer::Pointer (line 65) ... ok
test src/pointer.rs - pointer::Pointer::ref_tokens (line 146) ... ok
test src/pointer.rs - pointer::Pointer::ref_tokens (line 153) ... ok
test src/pointer/eval.rs - pointer::eval::Evaluator (line 428) ... ok
test src/pointer/eval.rs - pointer::eval::Evaluator (line 411) ... ok
test src/pointer/eval.rs - pointer::eval::Evaluator<L,G>::err (line 764) ... ok
test src/pointer/eval.rs - pointer::eval::Evaluator<L,G>::new (line 486) ... ok
test src/pointer.rs - pointer::Pointer::ref_tokens (line 166) ... ok
test src/pointer/eval.rs - pointer::eval::Evaluator<L,G>::content (line 730) ... ok
test src/pointer/eval.rs - pointer::eval::Evaluator<L,G>::next (line 521) ... ok
test src/pointer/eval.rs - pointer::eval::Evaluator<L,G>::into_parts (line 881) ... ok
test src/lexical/state.rs - lexical::state::Machine<B>::resume (line 343) ... ok
test src/pointer/eval.rs - pointer::eval::Evaluator<L,G>::next_end (line 659) ... ok
test src/pointer/eval.rs - pointer::eval::Event<P>::is_enter (line 126) ... ok
test src/pointer/eval.rs - pointer::eval::Evaluator<L,G>::try_content (line 816) ... ok
test src/pointer/eval.rs - pointer::eval::Event<&'_Pointer>::pointer (line 210) ... ok
test src/pointer/eval.rs - pointer::eval::Evaluator<L,G>::try_content (line 832) ... ok
test src/pointer/eval.rs - pointer::eval::Evaluator<L,G>::next_meaningful (line 609) ... ok
test src/pointer/eval.rs - pointer::eval::Evaluator<L,G>::next_end (line 680) ... ok
test src/pointer/eval.rs - pointer::eval::Event<P>::is_exit (line 152) ... ok
test src/pointer/eval.rs - pointer::eval::Evaluator<L,G>::next_non_white (line 567) ... ok
test src/pointer/eval.rs - pointer::eval::Event<&'_Pointer>::to_owned (line 254) ... ok
test src/pointer/eval.rs - pointer::eval::Event<P>::is_match (line 179) ... ok
test src/pointer/eval.rs - pointer::eval::Event<P>::token (line 77) ... ok
test src/pointer/eval.rs - pointer::eval::Event<P>::is_nil (line 99) ... ok
test src/pointer/group.rs - pointer::group::Group::from_pointer (line 770) ... ok
test src/pointer/group.rs - pointer::group::Group::from_pointers (line 795) ... ok
test src/pointer/eval.rs - pointer::eval::Event<Pointer>::as_ref (line 302) ... ok
test src/pointer/state.rs - pointer::state::Machine (line 126) ... ok
test src/pointer/group.rs - pointer::group::Group::from_pointer (line 761) ... ok
test src/pointer/group.rs - pointer::group::Group::from_pointers (line 786) ... ok
test src/pointer/state.rs - pointer::state::Machine (line 151) ... ok
test src/pointer/group.rs - pointer::group::Group::from_pointers_ignore_case (line 823) ... ok
test src/pointer/state.rs - pointer::state::Machine<G>::into_inner (line 441) ... ok
test src/syntax.rs - syntax::Context::level (line 382) ... ok
test src/syntax.rs - syntax (line 16) ... ok
test src/pointer/state.rs - pointer::state::Machine<G>::new (line 199) ... ok
test src/syntax.rs - syntax::Context::iter (line 473) ... ok
test src/pointer/state.rs - pointer::state::Machine<G>::new (line 207) ... ok
test src/syntax.rs - syntax::Context::level (line 408) ... ok
test src/syntax.rs - syntax::Context::level (line 395) ... ok
test src/pointer/state.rs - pointer::state::Machine (line 108) ... ok
test src/syntax.rs - syntax::Expect::allowed_tokens (line 158) ... ok
test src/syntax.rs - syntax::Parser (line 772) ... ok
test src/syntax.rs - syntax::Context::iter (line 486) ... ok
test src/syntax.rs - syntax::Context::level (line 425) ... ok
test src/syntax.rs - syntax::Parser (line 805) ... ok
test src/syntax.rs - syntax::Parser (line 784) ... ok
test src/syntax.rs - syntax::Parser (line 793) ... ok
test src/syntax.rs - syntax::Parser (line 825) ... ok
test src/syntax.rs - syntax::Parser<L>::err (line 1284) ... ok
test src/syntax.rs - syntax::Parser<L>::level (line 1416) ... ok
test src/syntax.rs - syntax::Parser<L>::context (line 1384) ... ok
test src/syntax.rs - syntax::Parser<L>::content (line 1245) ... ok
test src/syntax.rs - syntax::Parser<L>::context (line 1395) ... ok
test src/syntax.rs - syntax::Parser<L>::into_inner (line 1545) ... ok
test src/syntax.rs - syntax::Parser<L>::next (line 915) ... ok
test src/syntax.rs - syntax::Parser<L>::next_meaningful (line 1155) ... ok
test src/syntax.rs - syntax::Parser<L>::next_end (line 1211) ... ok
test src/syntax.rs - syntax::Parser<L>::set_max_level (line 1494) ... ok
test src/syntax.rs - syntax::Parser<L>::try_content (line 1338) ... ok
test src/syntax.rs - syntax::Parser<L>::next_end (line 1194) ... ok
test src/syntax.rs - syntax::Parser<L>::new (line 888) ... ok
test src/syntax.rs - syntax::Parser<L>::set_max_level (line 1488) ... ok
test src/syntax.rs - syntax::Parser<L>::try_content (line 1348) ... ok
test src/syntax.rs - syntax::Parser<L>::next_non_white (line 1074) ... ok

test result: ok. 180 passed; 0 failed; 0 ignored; 0 measured; 0 filtered out; finished in 0.12s

all doctests ran in 2.24s; merged doctests compilation took 2.11s
